<?xml version="1.0"?>
<link_info>
   <banner>MSP430 Linker PC v15.12.1.LTS</banner>
   <copyright>Copyright (c) 2003-2015 Texas Instruments Incorporated</copyright>
   <link_time>0x580e61b9</link_time>
   <link_errors>0x0</link_errors>
   <output_file>Ex2_accel.CCS.out</output_file>
   <entry_point>
      <name>_c_int00_noargs</name>
      <address>0xdb08</address>
   </entry_point>
   <input_file_list>
      <input_file id="fl-2">
         <path>.\</path>
         <kind>object</kind>
         <file>main.obj</file>
         <name>main.obj</name>
      </input_file>
      <input_file id="fl-3">
         <path>.\</path>
         <kind>object</kind>
         <file>system.obj</file>
         <name>system.obj</name>
      </input_file>
      <input_file id="fl-24">
         <path>C:\ti\ccsv6\tools\compiler\ti-cgt-msp430_15.12.1.LTS\lib\</path>
         <kind>archive</kind>
         <file>rts430x_lc_sd_eabi.lib</file>
         <name>boot.obj</name>
      </input_file>
      <input_file id="fl-25">
         <path>C:\ti\ccsv6\tools\compiler\ti-cgt-msp430_15.12.1.LTS\lib\</path>
         <kind>archive</kind>
         <file>rts430x_lc_sd_eabi.lib</file>
         <name>boot_special.obj</name>
      </input_file>
      <input_file id="fl-26">
         <path>C:\ti\ccsv6\tools\compiler\ti-cgt-msp430_15.12.1.LTS\lib\</path>
         <kind>archive</kind>
         <file>rts430x_lc_sd_eabi.lib</file>
         <name>copy_decompress_none.obj</name>
      </input_file>
      <input_file id="fl-27">
         <path>C:\ti\ccsv6\tools\compiler\ti-cgt-msp430_15.12.1.LTS\lib\</path>
         <kind>archive</kind>
         <file>rts430x_lc_sd_eabi.lib</file>
         <name>copy_decompress_rle.obj</name>
      </input_file>
      <input_file id="fl-28">
         <path>C:\ti\ccsv6\tools\compiler\ti-cgt-msp430_15.12.1.LTS\lib\</path>
         <kind>archive</kind>
         <file>rts430x_lc_sd_eabi.lib</file>
         <name>copy_zero_init.obj</name>
      </input_file>
      <input_file id="fl-29">
         <path>C:\ti\ccsv6\tools\compiler\ti-cgt-msp430_15.12.1.LTS\lib\</path>
         <kind>archive</kind>
         <file>rts430x_lc_sd_eabi.lib</file>
         <name>cpy_util.obj</name>
      </input_file>
      <input_file id="fl-2a">
         <path>C:\ti\ccsv6\tools\compiler\ti-cgt-msp430_15.12.1.LTS\lib\</path>
         <kind>archive</kind>
         <file>rts430x_lc_sd_eabi.lib</file>
         <name>div16u.obj</name>
      </input_file>
      <input_file id="fl-2b">
         <path>C:\ti\ccsv6\tools\compiler\ti-cgt-msp430_15.12.1.LTS\lib\</path>
         <kind>archive</kind>
         <file>rts430x_lc_sd_eabi.lib</file>
         <name>exit.obj</name>
      </input_file>
      <input_file id="fl-2c">
         <path>C:\ti\ccsv6\tools\compiler\ti-cgt-msp430_15.12.1.LTS\lib\</path>
         <kind>archive</kind>
         <file>rts430x_lc_sd_eabi.lib</file>
         <name>exit_gvars.obj</name>
      </input_file>
      <input_file id="fl-2d">
         <path>C:\ti\ccsv6\tools\compiler\ti-cgt-msp430_15.12.1.LTS\lib\</path>
         <kind>archive</kind>
         <file>rts430x_lc_sd_eabi.lib</file>
         <name>int31.obj</name>
      </input_file>
      <input_file id="fl-2e">
         <path>C:\ti\ccsv6\tools\compiler\ti-cgt-msp430_15.12.1.LTS\lib\</path>
         <kind>archive</kind>
         <file>rts430x_lc_sd_eabi.lib</file>
         <name>int32.obj</name>
      </input_file>
      <input_file id="fl-2f">
         <path>C:\ti\ccsv6\tools\compiler\ti-cgt-msp430_15.12.1.LTS\lib\</path>
         <kind>archive</kind>
         <file>rts430x_lc_sd_eabi.lib</file>
         <name>int33.obj</name>
      </input_file>
      <input_file id="fl-30">
         <path>C:\ti\ccsv6\tools\compiler\ti-cgt-msp430_15.12.1.LTS\lib\</path>
         <kind>archive</kind>
         <file>rts430x_lc_sd_eabi.lib</file>
         <name>int34.obj</name>
      </input_file>
      <input_file id="fl-31">
         <path>C:\ti\ccsv6\tools\compiler\ti-cgt-msp430_15.12.1.LTS\lib\</path>
         <kind>archive</kind>
         <file>rts430x_lc_sd_eabi.lib</file>
         <name>int35.obj</name>
      </input_file>
      <input_file id="fl-32">
         <path>C:\ti\ccsv6\tools\compiler\ti-cgt-msp430_15.12.1.LTS\lib\</path>
         <kind>archive</kind>
         <file>rts430x_lc_sd_eabi.lib</file>
         <name>int36.obj</name>
      </input_file>
      <input_file id="fl-33">
         <path>C:\ti\ccsv6\tools\compiler\ti-cgt-msp430_15.12.1.LTS\lib\</path>
         <kind>archive</kind>
         <file>rts430x_lc_sd_eabi.lib</file>
         <name>int37.obj</name>
      </input_file>
      <input_file id="fl-34">
         <path>C:\ti\ccsv6\tools\compiler\ti-cgt-msp430_15.12.1.LTS\lib\</path>
         <kind>archive</kind>
         <file>rts430x_lc_sd_eabi.lib</file>
         <name>int38.obj</name>
      </input_file>
      <input_file id="fl-35">
         <path>C:\ti\ccsv6\tools\compiler\ti-cgt-msp430_15.12.1.LTS\lib\</path>
         <kind>archive</kind>
         <file>rts430x_lc_sd_eabi.lib</file>
         <name>int39.obj</name>
      </input_file>
      <input_file id="fl-36">
         <path>C:\ti\ccsv6\tools\compiler\ti-cgt-msp430_15.12.1.LTS\lib\</path>
         <kind>archive</kind>
         <file>rts430x_lc_sd_eabi.lib</file>
         <name>int40.obj</name>
      </input_file>
      <input_file id="fl-37">
         <path>C:\ti\ccsv6\tools\compiler\ti-cgt-msp430_15.12.1.LTS\lib\</path>
         <kind>archive</kind>
         <file>rts430x_lc_sd_eabi.lib</file>
         <name>int41.obj</name>
      </input_file>
      <input_file id="fl-38">
         <path>C:\ti\ccsv6\tools\compiler\ti-cgt-msp430_15.12.1.LTS\lib\</path>
         <kind>archive</kind>
         <file>rts430x_lc_sd_eabi.lib</file>
         <name>int42.obj</name>
      </input_file>
      <input_file id="fl-39">
         <path>C:\ti\ccsv6\tools\compiler\ti-cgt-msp430_15.12.1.LTS\lib\</path>
         <kind>archive</kind>
         <file>rts430x_lc_sd_eabi.lib</file>
         <name>int43.obj</name>
      </input_file>
      <input_file id="fl-3a">
         <path>C:\ti\ccsv6\tools\compiler\ti-cgt-msp430_15.12.1.LTS\lib\</path>
         <kind>archive</kind>
         <file>rts430x_lc_sd_eabi.lib</file>
         <name>int44.obj</name>
      </input_file>
      <input_file id="fl-3b">
         <path>C:\ti\ccsv6\tools\compiler\ti-cgt-msp430_15.12.1.LTS\lib\</path>
         <kind>archive</kind>
         <file>rts430x_lc_sd_eabi.lib</file>
         <name>int45.obj</name>
      </input_file>
      <input_file id="fl-3c">
         <path>C:\ti\ccsv6\tools\compiler\ti-cgt-msp430_15.12.1.LTS\lib\</path>
         <kind>archive</kind>
         <file>rts430x_lc_sd_eabi.lib</file>
         <name>int47.obj</name>
      </input_file>
      <input_file id="fl-3d">
         <path>C:\ti\ccsv6\tools\compiler\ti-cgt-msp430_15.12.1.LTS\lib\</path>
         <kind>archive</kind>
         <file>rts430x_lc_sd_eabi.lib</file>
         <name>int48.obj</name>
      </input_file>
      <input_file id="fl-3e">
         <path>C:\ti\ccsv6\tools\compiler\ti-cgt-msp430_15.12.1.LTS\lib\</path>
         <kind>archive</kind>
         <file>rts430x_lc_sd_eabi.lib</file>
         <name>int49.obj</name>
      </input_file>
      <input_file id="fl-3f">
         <path>C:\ti\ccsv6\tools\compiler\ti-cgt-msp430_15.12.1.LTS\lib\</path>
         <kind>archive</kind>
         <file>rts430x_lc_sd_eabi.lib</file>
         <name>int50.obj</name>
      </input_file>
      <input_file id="fl-40">
         <path>C:\ti\ccsv6\tools\compiler\ti-cgt-msp430_15.12.1.LTS\lib\</path>
         <kind>archive</kind>
         <file>rts430x_lc_sd_eabi.lib</file>
         <name>int51.obj</name>
      </input_file>
      <input_file id="fl-41">
         <path>C:\ti\ccsv6\tools\compiler\ti-cgt-msp430_15.12.1.LTS\lib\</path>
         <kind>archive</kind>
         <file>rts430x_lc_sd_eabi.lib</file>
         <name>int52.obj</name>
      </input_file>
      <input_file id="fl-42">
         <path>C:\ti\ccsv6\tools\compiler\ti-cgt-msp430_15.12.1.LTS\lib\</path>
         <kind>archive</kind>
         <file>rts430x_lc_sd_eabi.lib</file>
         <name>int53.obj</name>
      </input_file>
      <input_file id="fl-43">
         <path>C:\ti\ccsv6\tools\compiler\ti-cgt-msp430_15.12.1.LTS\lib\</path>
         <kind>archive</kind>
         <file>rts430x_lc_sd_eabi.lib</file>
         <name>int54.obj</name>
      </input_file>
      <input_file id="fl-44">
         <path>C:\ti\ccsv6\tools\compiler\ti-cgt-msp430_15.12.1.LTS\lib\</path>
         <kind>archive</kind>
         <file>rts430x_lc_sd_eabi.lib</file>
         <name>isr_trap.obj</name>
      </input_file>
      <input_file id="fl-45">
         <path>C:\ti\ccsv6\tools\compiler\ti-cgt-msp430_15.12.1.LTS\lib\</path>
         <kind>archive</kind>
         <file>rts430x_lc_sd_eabi.lib</file>
         <name>mpu_init.obj</name>
      </input_file>
      <input_file id="fl-46">
         <path>C:\ti\ccsv6\tools\compiler\ti-cgt-msp430_15.12.1.LTS\lib\</path>
         <kind>archive</kind>
         <file>rts430x_lc_sd_eabi.lib</file>
         <name>mult1632_f5hw.obj</name>
      </input_file>
      <input_file id="fl-47">
         <path>C:\ti\ccsv6\tools\compiler\ti-cgt-msp430_15.12.1.LTS\lib\</path>
         <kind>archive</kind>
         <file>rts430x_lc_sd_eabi.lib</file>
         <name>mult16_f5hw.obj</name>
      </input_file>
      <input_file id="fl-48">
         <path>C:\ti\ccsv6\tools\compiler\ti-cgt-msp430_15.12.1.LTS\lib\</path>
         <kind>archive</kind>
         <file>rts430x_lc_sd_eabi.lib</file>
         <name>mult3264_f5hw.obj</name>
      </input_file>
      <input_file id="fl-49">
         <path>C:\ti\ccsv6\tools\compiler\ti-cgt-msp430_15.12.1.LTS\lib\</path>
         <kind>archive</kind>
         <file>rts430x_lc_sd_eabi.lib</file>
         <name>mult32_f5hw.obj</name>
      </input_file>
      <input_file id="fl-4a">
         <path>C:\ti\ccsv6\tools\compiler\ti-cgt-msp430_15.12.1.LTS\lib\</path>
         <kind>archive</kind>
         <file>rts430x_lc_sd_eabi.lib</file>
         <name>mult64_f5hw.obj</name>
      </input_file>
      <input_file id="fl-4b">
         <path>C:\ti\ccsv6\tools\compiler\ti-cgt-msp430_15.12.1.LTS\lib\</path>
         <kind>archive</kind>
         <file>rts430x_lc_sd_eabi.lib</file>
         <name>pre_init.obj</name>
      </input_file>
      <input_file id="fl-4c">
         <path>C:\ti\ccsv6\tools\compiler\ti-cgt-msp430_15.12.1.LTS\lib\</path>
         <kind>archive</kind>
         <file>rts430x_lc_sd_eabi.lib</file>
         <name>printf.obj</name>
      </input_file>
      <input_file id="fl-4d">
         <path>C:\ti\ccsv6\tools\compiler\ti-cgt-msp430_15.12.1.LTS\lib\</path>
         <kind>archive</kind>
         <file>rts430x_lc_sd_eabi.lib</file>
         <name>_lock.obj</name>
      </input_file>
      <input_file id="fl-4e">
         <path>C:\ti\ccsv6\tools\compiler\ti-cgt-msp430_15.12.1.LTS\lib\</path>
         <kind>archive</kind>
         <file>rts430x_lc_sd_eabi.lib</file>
         <name>_printfi_min.obj</name>
      </input_file>
      <input_file id="fl-4f">
         <path>C:\ti\ccsv6\tools\compiler\ti-cgt-msp430_15.12.1.LTS\lib\</path>
         <kind>archive</kind>
         <file>rts430x_lc_sd_eabi.lib</file>
         <name>args_main.obj</name>
      </input_file>
      <input_file id="fl-50">
         <path>C:\ti\ccsv6\tools\compiler\ti-cgt-msp430_15.12.1.LTS\lib\</path>
         <kind>archive</kind>
         <file>rts430x_lc_sd_eabi.lib</file>
         <name>autoinit_wdt.obj</name>
      </input_file>
      <input_file id="fl-51">
         <path>C:\ti\ccsv6\tools\compiler\ti-cgt-msp430_15.12.1.LTS\lib\</path>
         <kind>archive</kind>
         <file>rts430x_lc_sd_eabi.lib</file>
         <name>cpy_tbl.obj</name>
      </input_file>
      <input_file id="fl-52">
         <path>C:\ti\ccsv6\tools\compiler\ti-cgt-msp430_15.12.1.LTS\lib\</path>
         <kind>archive</kind>
         <file>rts430x_lc_sd_eabi.lib</file>
         <name>defs.obj</name>
      </input_file>
      <input_file id="fl-53">
         <path>C:\ti\ccsv6\tools\compiler\ti-cgt-msp430_15.12.1.LTS\lib\</path>
         <kind>archive</kind>
         <file>rts430x_lc_sd_eabi.lib</file>
         <name>fputc.obj</name>
      </input_file>
      <input_file id="fl-54">
         <path>C:\ti\ccsv6\tools\compiler\ti-cgt-msp430_15.12.1.LTS\lib\</path>
         <kind>archive</kind>
         <file>rts430x_lc_sd_eabi.lib</file>
         <name>fputs.obj</name>
      </input_file>
      <input_file id="fl-55">
         <path>C:\ti\ccsv6\tools\compiler\ti-cgt-msp430_15.12.1.LTS\lib\</path>
         <kind>archive</kind>
         <file>rts430x_lc_sd_eabi.lib</file>
         <name>lowlev.obj</name>
      </input_file>
      <input_file id="fl-56">
         <path>C:\ti\ccsv6\tools\compiler\ti-cgt-msp430_15.12.1.LTS\lib\</path>
         <kind>archive</kind>
         <file>rts430x_lc_sd_eabi.lib</file>
         <name>lsr64.obj</name>
      </input_file>
      <input_file id="fl-57">
         <path>C:\ti\ccsv6\tools\compiler\ti-cgt-msp430_15.12.1.LTS\lib\</path>
         <kind>archive</kind>
         <file>rts430x_lc_sd_eabi.lib</file>
         <name>memccpy.obj</name>
      </input_file>
      <input_file id="fl-58">
         <path>C:\ti\ccsv6\tools\compiler\ti-cgt-msp430_15.12.1.LTS\lib\</path>
         <kind>archive</kind>
         <file>rts430x_lc_sd_eabi.lib</file>
         <name>memchr.obj</name>
      </input_file>
      <input_file id="fl-59">
         <path>C:\ti\ccsv6\tools\compiler\ti-cgt-msp430_15.12.1.LTS\lib\</path>
         <kind>archive</kind>
         <file>rts430x_lc_sd_eabi.lib</file>
         <name>memcpy.obj</name>
      </input_file>
      <input_file id="fl-5a">
         <path>C:\ti\ccsv6\tools\compiler\ti-cgt-msp430_15.12.1.LTS\lib\</path>
         <kind>archive</kind>
         <file>rts430x_lc_sd_eabi.lib</file>
         <name>memset.obj</name>
      </input_file>
      <input_file id="fl-5b">
         <path>C:\ti\ccsv6\tools\compiler\ti-cgt-msp430_15.12.1.LTS\lib\</path>
         <kind>archive</kind>
         <file>rts430x_lc_sd_eabi.lib</file>
         <name>mult16.obj</name>
      </input_file>
      <input_file id="fl-5c">
         <path>C:\ti\ccsv6\tools\compiler\ti-cgt-msp430_15.12.1.LTS\lib\</path>
         <kind>archive</kind>
         <file>rts430x_lc_sd_eabi.lib</file>
         <name>startup.obj</name>
      </input_file>
      <input_file id="fl-5d">
         <path>C:\ti\ccsv6\tools\compiler\ti-cgt-msp430_15.12.1.LTS\lib\</path>
         <kind>archive</kind>
         <file>rts430x_lc_sd_eabi.lib</file>
         <name>strchr.obj</name>
      </input_file>
      <input_file id="fl-5e">
         <path>C:\ti\ccsv6\tools\compiler\ti-cgt-msp430_15.12.1.LTS\lib\</path>
         <kind>archive</kind>
         <file>rts430x_lc_sd_eabi.lib</file>
         <name>strcmp.obj</name>
      </input_file>
      <input_file id="fl-5f">
         <path>C:\ti\ccsv6\tools\compiler\ti-cgt-msp430_15.12.1.LTS\lib\</path>
         <kind>archive</kind>
         <file>rts430x_lc_sd_eabi.lib</file>
         <name>strlen.obj</name>
      </input_file>
      <input_file id="fl-60">
         <path>C:\ti\ccsv6\tools\compiler\ti-cgt-msp430_15.12.1.LTS\lib\</path>
         <kind>archive</kind>
         <file>rts430x_lc_sd_eabi.lib</file>
         <name>strncpy.obj</name>
      </input_file>
      <input_file id="fl-61">
         <path>C:\ti\ccsv6\tools\compiler\ti-cgt-msp430_15.12.1.LTS\lib\</path>
         <kind>archive</kind>
         <file>rts430x_lc_sd_eabi.lib</file>
         <name>trgdrv.obj</name>
      </input_file>
      <input_file id="fl-62">
         <path>C:\ti\ccsv6\tools\compiler\ti-cgt-msp430_15.12.1.LTS\lib\</path>
         <kind>archive</kind>
         <file>rts430x_lc_sd_eabi.lib</file>
         <name>trgmsg.obj</name>
      </input_file>
      <input_file id="fl-63">
         <path>C:\ti\ccsv6\tools\compiler\ti-cgt-msp430_15.12.1.LTS\lib\</path>
         <kind>archive</kind>
         <file>rts430x_lc_sd_eabi.lib</file>
         <name>_io_perm.obj</name>
      </input_file>
      <input_file id="fl-64">
         <path>C:\ti\ccsv6\tools\compiler\ti-cgt-msp430_15.12.1.LTS\lib\</path>
         <kind>archive</kind>
         <file>rts430x_lc_sd_eabi.lib</file>
         <name>asr32.obj</name>
      </input_file>
      <input_file id="fl-65">
         <path>C:\ti\ccsv6\tools\compiler\ti-cgt-msp430_15.12.1.LTS\lib\</path>
         <kind>archive</kind>
         <file>rts430x_lc_sd_eabi.lib</file>
         <name>fflush.obj</name>
      </input_file>
      <input_file id="fl-66">
         <path>C:\ti\ccsv6\tools\compiler\ti-cgt-msp430_15.12.1.LTS\lib\</path>
         <kind>archive</kind>
         <file>rts430x_lc_sd_eabi.lib</file>
         <name>fseek.obj</name>
      </input_file>
      <input_file id="fl-67">
         <path>C:\ti\ccsv6\tools\compiler\ti-cgt-msp430_15.12.1.LTS\lib\</path>
         <kind>archive</kind>
         <file>rts430x_lc_sd_eabi.lib</file>
         <name>lsl32.obj</name>
      </input_file>
      <input_file id="fl-68">
         <path>C:\ti\ccsv6\tools\compiler\ti-cgt-msp430_15.12.1.LTS\lib\</path>
         <kind>archive</kind>
         <file>rts430x_lc_sd_eabi.lib</file>
         <name>setvbuf.obj</name>
      </input_file>
      <input_file id="fl-69">
         <path>C:\ti\ccsv6\tools\compiler\ti-cgt-msp430_15.12.1.LTS\lib\</path>
         <kind>archive</kind>
         <file>rts430x_lc_sd_eabi.lib</file>
         <name>strcpy.obj</name>
      </input_file>
      <input_file id="fl-6a">
         <path>C:\ti\ccsv6\tools\compiler\ti-cgt-msp430_15.12.1.LTS\lib\</path>
         <kind>archive</kind>
         <file>rts430x_lc_sd_eabi.lib</file>
         <name>fopen.obj</name>
      </input_file>
      <input_file id="fl-6b">
         <path>C:\ti\ccsv6\tools\compiler\ti-cgt-msp430_15.12.1.LTS\lib\</path>
         <kind>archive</kind>
         <file>rts430x_lc_sd_eabi.lib</file>
         <name>memory.obj</name>
      </input_file>
      <input_file id="fl-6c">
         <path>C:\ti\ccsv6\tools\compiler\ti-cgt-msp430_15.12.1.LTS\lib\</path>
         <kind>archive</kind>
         <file>rts430x_lc_sd_eabi.lib</file>
         <name>fclose.obj</name>
      </input_file>
      <input_file id="fl-6d">
         <path>C:\ti\ccsv6\tools\compiler\ti-cgt-msp430_15.12.1.LTS\lib\</path>
         <kind>archive</kind>
         <file>rts430x_lc_sd_eabi.lib</file>
         <name>remove.obj</name>
      </input_file>
   </input_file_list>
   <object_component_list>
      <object_component id="oc-5be">
         <name>.cio</name>
         <load_address>0xc200</load_address>
         <run_address>0xc200</run_address>
         <size>0x120</size>
         <input_file_ref idref="fl-62"/>
      </object_component>
      <object_component id="oc-658">
         <name>.sysmem</name>
         <load_address>0xc320</load_address>
         <run_address>0xc320</run_address>
         <size>0x0</size>
      </object_component>
      <object_component id="oc-306">
         <name>.sysmem</name>
         <load_address>0xc320</load_address>
         <run_address>0xc320</run_address>
         <size>0x4</size>
         <input_file_ref idref="fl-6b"/>
      </object_component>
      <object_component id="oc-656">
         <name>.cinit..data.load</name>
         <load_address>0xc600</load_address>
         <run_address>0xc600</run_address>
         <size>0x136</size>
      </object_component>
      <object_component id="oc-655">
         <name>.cinit..bss.load</name>
         <load_address>0xc738</load_address>
         <run_address>0xc738</run_address>
         <size>0x9</size>
      </object_component>
      <object_component id="oc-653">
         <name>__TI_handler_table</name>
         <load_address>0xc742</load_address>
         <run_address>0xc742</run_address>
         <size>0x8</size>
      </object_component>
      <object_component id="oc-654">
         <name>__TI_cinit_table</name>
         <load_address>0xc74a</load_address>
         <run_address>0xc74a</run_address>
         <size>0x10</size>
      </object_component>
      <object_component id="oc-3c1">
         <name>.const:.string</name>
         <load_address>0xc75a</load_address>
         <run_address>0xc75a</run_address>
         <size>0x22</size>
         <input_file_ref idref="fl-2"/>
      </object_component>
      <object_component id="oc-4b1">
         <name>.const:.string</name>
         <load_address>0xc77c</load_address>
         <run_address>0xc77c</run_address>
         <size>0x14</size>
         <input_file_ref idref="fl-4e"/>
      </object_component>
      <object_component id="oc-410">
         <name>.const:.string:$P$T0$1</name>
         <load_address>0xc790</load_address>
         <run_address>0xc790</run_address>
         <size>0x4</size>
         <input_file_ref idref="fl-3"/>
      </object_component>
      <object_component id="oc-413">
         <name>.const:.string:$P$T1$2</name>
         <load_address>0xc794</load_address>
         <run_address>0xc794</run_address>
         <size>0x4</size>
         <input_file_ref idref="fl-3"/>
      </object_component>
      <object_component id="oc-470">
         <name>.text:_setfield</name>
         <load_address>0xc800</load_address>
         <run_address>0xc800</run_address>
         <size>0x10e</size>
         <input_file_ref idref="fl-4e"/>
      </object_component>
      <object_component id="oc-45c">
         <name>.text:fputs</name>
         <load_address>0xc90e</load_address>
         <run_address>0xc90e</run_address>
         <size>0xde</size>
         <input_file_ref idref="fl-54"/>
      </object_component>
      <object_component id="oc-436">
         <name>.text:__TI_printfi_minimal</name>
         <load_address>0xc9ec</load_address>
         <run_address>0xc9ec</run_address>
         <size>0xda</size>
         <input_file_ref idref="fl-4e"/>
      </object_component>
      <object_component id="oc-315">
         <name>.text:__TI_decompress_rle_core</name>
         <load_address>0xcac6</load_address>
         <run_address>0xcac6</run_address>
         <size>0xd6</size>
         <input_file_ref idref="fl-27"/>
      </object_component>
      <object_component id="oc-3bb">
         <name>.text:calibrateADC</name>
         <load_address>0xcb9c</load_address>
         <run_address>0xcb9c</run_address>
         <size>0xd0</size>
         <input_file_ref idref="fl-3"/>
      </object_component>
      <object_component id="oc-4cd">
         <name>.text:setvbuf</name>
         <load_address>0xcc6c</load_address>
         <run_address>0xcc6c</run_address>
         <size>0xcc</size>
         <input_file_ref idref="fl-68"/>
      </object_component>
      <object_component id="oc-4b2">
         <name>.text:_pproc_diouxp</name>
         <load_address>0xcd38</load_address>
         <run_address>0xcd38</run_address>
         <size>0xc0</size>
         <input_file_ref idref="fl-4e"/>
      </object_component>
      <object_component id="oc-382">
         <name>.text:copy_in</name>
         <load_address>0xcdf8</load_address>
         <run_address>0xcdf8</run_address>
         <size>0xb2</size>
         <input_file_ref idref="fl-51"/>
      </object_component>
      <object_component id="oc-4fe">
         <name>.text:malloc</name>
         <load_address>0xceaa</load_address>
         <run_address>0xceaa</run_address>
         <size>0xac</size>
         <input_file_ref idref="fl-6b"/>
      </object_component>
      <object_component id="oc-3af">
         <name>.text:startUpSequence</name>
         <load_address>0xcf56</load_address>
         <run_address>0xcf56</run_address>
         <size>0xa2</size>
         <input_file_ref idref="fl-3"/>
      </object_component>
      <object_component id="oc-561">
         <name>.text:HOSTlseek</name>
         <load_address>0xcff8</load_address>
         <run_address>0xcff8</run_address>
         <size>0x9c</size>
         <input_file_ref idref="fl-61"/>
      </object_component>
      <object_component id="oc-339">
         <name>.text:_auto_init_hold_wdt</name>
         <load_address>0xd094</load_address>
         <run_address>0xd094</run_address>
         <size>0x96</size>
         <input_file_ref idref="fl-50"/>
      </object_component>
      <object_component id="oc-463">
         <name>.text:fputc</name>
         <load_address>0xd12a</load_address>
         <run_address>0xd12a</run_address>
         <size>0x8c</size>
         <input_file_ref idref="fl-53"/>
      </object_component>
      <object_component id="oc-4f8">
         <name>.text:free</name>
         <load_address>0xd1b6</load_address>
         <run_address>0xd1b6</run_address>
         <size>0x80</size>
         <input_file_ref idref="fl-6b"/>
      </object_component>
      <object_component id="oc-48d">
         <name>.text:__TI_wrt_ok</name>
         <load_address>0xd236</load_address>
         <run_address>0xd236</run_address>
         <size>0x7a</size>
         <input_file_ref idref="fl-63"/>
      </object_component>
      <object_component id="oc-56d">
         <name>.text:HOSTrename</name>
         <load_address>0xd2b0</load_address>
         <run_address>0xd2b0</run_address>
         <size>0x6a</size>
         <input_file_ref idref="fl-61"/>
      </object_component>
      <object_component id="oc-4c7">
         <name>.text:fseek</name>
         <load_address>0xd31a</load_address>
         <run_address>0xd31a</run_address>
         <size>0x6a</size>
         <input_file_ref idref="fl-66"/>
      </object_component>
      <object_component id="oc-53d">
         <name>.text:__TI_closefile</name>
         <load_address>0xd384</load_address>
         <run_address>0xd384</run_address>
         <size>0x68</size>
         <input_file_ref idref="fl-6c"/>
      </object_component>
      <object_component id="oc-549">
         <name>.text:HOSTopen</name>
         <load_address>0xd3ec</load_address>
         <run_address>0xd3ec</run_address>
         <size>0x64</size>
         <input_file_ref idref="fl-61"/>
      </object_component>
      <object_component id="oc-499">
         <name>.text:__TI_doflush</name>
         <load_address>0xd450</load_address>
         <run_address>0xd450</run_address>
         <size>0x62</size>
         <input_file_ref idref="fl-65"/>
      </object_component>
      <object_component id="oc-55b">
         <name>.text:HOSTwrite</name>
         <load_address>0xd4b2</load_address>
         <run_address>0xd4b2</run_address>
         <size>0x60</size>
         <input_file_ref idref="fl-61"/>
      </object_component>
      <object_component id="oc-327">
         <name>.text:_isr:ADC10_ISR</name>
         <load_address>0xd512</load_address>
         <run_address>0xd512</run_address>
         <size>0x60</size>
         <input_file_ref idref="fl-3"/>
      </object_component>
      <object_component id="oc-3b5">
         <name>.text:setupAccel</name>
         <load_address>0xd572</load_address>
         <run_address>0xd572</run_address>
         <size>0x60</size>
         <input_file_ref idref="fl-3"/>
      </object_component>
      <object_component id="oc-555">
         <name>.text:HOSTread</name>
         <load_address>0xd5d2</load_address>
         <run_address>0xd5d2</run_address>
         <size>0x5e</size>
         <input_file_ref idref="fl-61"/>
      </object_component>
      <object_component id="oc-5b3">
         <name>.text:getdevice</name>
         <load_address>0xd630</load_address>
         <run_address>0xd630</run_address>
         <size>0x54</size>
         <input_file_ref idref="fl-55"/>
      </object_component>
      <object_component id="oc-353">
         <name>.text:main</name>
         <load_address>0xd684</load_address>
         <run_address>0xd684</run_address>
         <size>0x52</size>
         <input_file_ref idref="fl-2"/>
      </object_component>
      <object_component id="oc-3a9">
         <name>.text:systemInit</name>
         <load_address>0xd6d6</load_address>
         <run_address>0xd6d6</run_address>
         <size>0x4e</size>
         <input_file_ref idref="fl-3"/>
      </object_component>
      <object_component id="oc-57a">
         <name>.text:close</name>
         <load_address>0xd724</load_address>
         <run_address>0xd724</run_address>
         <size>0x4a</size>
         <input_file_ref idref="fl-55"/>
      </object_component>
      <object_component id="oc-345">
         <name>.text:exit</name>
         <load_address>0xd76e</load_address>
         <run_address>0xd76e</run_address>
         <size>0x48</size>
         <input_file_ref idref="fl-2b"/>
      </object_component>
      <object_component id="oc-54f">
         <name>.text:HOSTclose</name>
         <load_address>0xd7b6</load_address>
         <run_address>0xd7b6</run_address>
         <size>0x46</size>
         <input_file_ref idref="fl-61"/>
      </object_component>
      <object_component id="oc-567">
         <name>.text:HOSTunlink</name>
         <load_address>0xd7fc</load_address>
         <run_address>0xd7fc</run_address>
         <size>0x42</size>
         <input_file_ref idref="fl-61"/>
      </object_component>
      <object_component id="oc-309">
         <name>.text:__memcpy_far</name>
         <load_address>0xd83e</load_address>
         <run_address>0xd83e</run_address>
         <size>0x40</size>
         <input_file_ref idref="fl-29"/>
      </object_component>
      <object_component id="oc-3c2">
         <name>.text:printf</name>
         <load_address>0xd87e</load_address>
         <run_address>0xd87e</run_address>
         <size>0x40</size>
         <input_file_ref idref="fl-4c"/>
      </object_component>
      <object_component id="oc-59f">
         <name>.text:l_asr_const</name>
         <load_address>0xd8be</load_address>
         <run_address>0xd8be</run_address>
         <size>0x3e</size>
         <input_file_ref idref="fl-64"/>
      </object_component>
      <object_component id="oc-5a4">
         <name>.text:l_lsl_const</name>
         <load_address>0xd8fc</load_address>
         <run_address>0xd8fc</run_address>
         <size>0x3e</size>
         <input_file_ref idref="fl-67"/>
      </object_component>
      <object_component id="oc-6d">
         <name>.text:decompress:none:__TI_decompress_none</name>
         <load_address>0xd93a</load_address>
         <run_address>0xd93a</run_address>
         <size>0x3c</size>
         <input_file_ref idref="fl-26"/>
      </object_component>
      <object_component id="oc-536">
         <name>.text:minit</name>
         <load_address>0xd976</load_address>
         <run_address>0xd976</run_address>
         <size>0x38</size>
         <input_file_ref idref="fl-6b"/>
      </object_component>
      <object_component id="oc-504">
         <name>.text:__TI_cleanup</name>
         <load_address>0xd9ae</load_address>
         <run_address>0xd9ae</run_address>
         <size>0x32</size>
         <input_file_ref idref="fl-6a"/>
      </object_component>
      <object_component id="oc-58e">
         <name>.text:__TI_writemsg</name>
         <load_address>0xd9e0</load_address>
         <run_address>0xd9e0</run_address>
         <size>0x2e</size>
         <input_file_ref idref="fl-62"/>
      </object_component>
      <object_component id="oc-5d6">
         <name>.text:finddevice</name>
         <load_address>0xda0e</load_address>
         <run_address>0xda0e</run_address>
         <size>0x2e</size>
         <input_file_ref idref="fl-55"/>
      </object_component>
      <object_component id="oc-594">
         <name>.text:__TI_readmsg</name>
         <load_address>0xda3c</load_address>
         <run_address>0xda3c</run_address>
         <size>0x2c</size>
         <input_file_ref idref="fl-62"/>
      </object_component>
      <object_component id="oc-5d0">
         <name>.text:strncpy</name>
         <load_address>0xda68</load_address>
         <run_address>0xda68</run_address>
         <size>0x2c</size>
         <input_file_ref idref="fl-60"/>
      </object_component>
      <object_component id="oc-581">
         <name>.text:unlink</name>
         <load_address>0xda94</load_address>
         <run_address>0xda94</run_address>
         <size>0x2a</size>
         <input_file_ref idref="fl-55"/>
      </object_component>
      <object_component id="oc-4f0">
         <name>.text:lseek</name>
         <load_address>0xdabe</load_address>
         <run_address>0xdabe</run_address>
         <size>0x26</size>
         <input_file_ref idref="fl-55"/>
      </object_component>
      <object_component id="oc-49f">
         <name>.text:write</name>
         <load_address>0xdae4</load_address>
         <run_address>0xdae4</run_address>
         <size>0x24</size>
         <input_file_ref idref="fl-55"/>
      </object_component>
      <object_component id="oc-a3">
         <name>.text:_isr:_c_int00_noargs</name>
         <load_address>0xdb08</load_address>
         <run_address>0xdb08</run_address>
         <size>0x1c</size>
         <input_file_ref idref="fl-25"/>
      </object_component>
      <object_component id="oc-4b8">
         <name>.text:memccpy</name>
         <load_address>0xdb24</load_address>
         <run_address>0xdb24</run_address>
         <size>0x1a</size>
         <input_file_ref idref="fl-57"/>
      </object_component>
      <object_component id="oc-5ca">
         <name>.text:strchr</name>
         <load_address>0xdb3e</load_address>
         <run_address>0xdb3e</run_address>
         <size>0x1a</size>
         <input_file_ref idref="fl-5d"/>
      </object_component>
      <object_component id="oc-416">
         <name>.text:LongDelay</name>
         <load_address>0xdb58</load_address>
         <run_address>0xdb58</run_address>
         <size>0x18</size>
         <input_file_ref idref="fl-3"/>
      </object_component>
      <object_component id="oc-3da">
         <name>.text</name>
         <load_address>0xdb70</load_address>
         <run_address>0xdb70</run_address>
         <size>0x18</size>
         <input_file_ref idref="fl-47"/>
      </object_component>
      <object_component id="oc-5e7">
         <name>.text:strcmp</name>
         <load_address>0xdb88</load_address>
         <run_address>0xdb88</run_address>
         <size>0x18</size>
         <input_file_ref idref="fl-5e"/>
      </object_component>
      <object_component id="oc-41e">
         <name>.text</name>
         <load_address>0xdba0</load_address>
         <run_address>0xdba0</run_address>
         <size>0x16</size>
         <input_file_ref idref="fl-2a"/>
      </object_component>
      <object_component id="oc-493">
         <name>.text:memchr</name>
         <load_address>0xdbb6</load_address>
         <run_address>0xdbb6</run_address>
         <size>0x14</size>
         <input_file_ref idref="fl-58"/>
      </object_component>
      <object_component id="oc-4ab">
         <name>.text:memset</name>
         <load_address>0xdbca</load_address>
         <run_address>0xdbca</run_address>
         <size>0x14</size>
         <input_file_ref idref="fl-5a"/>
      </object_component>
      <object_component id="oc-3df">
         <name>.text:memcpy</name>
         <load_address>0xdbde</load_address>
         <run_address>0xdbde</run_address>
         <size>0x12</size>
         <input_file_ref idref="fl-59"/>
      </object_component>
      <object_component id="oc-5ab">
         <name>.text:strcpy</name>
         <load_address>0xdbf0</load_address>
         <run_address>0xdbf0</run_address>
         <size>0x10</size>
         <input_file_ref idref="fl-69"/>
      </object_component>
      <object_component id="oc-73">
         <name>.text:decompress:rle24:__TI_decompress_rle24</name>
         <load_address>0xdc00</load_address>
         <run_address>0xdc00</run_address>
         <size>0xe</size>
         <input_file_ref idref="fl-27"/>
      </object_component>
      <object_component id="oc-46a">
         <name>.text:strlen</name>
         <load_address>0xdc0e</load_address>
         <run_address>0xdc0e</run_address>
         <size>0xe</size>
         <input_file_ref idref="fl-5f"/>
      </object_component>
      <object_component id="oc-322">
         <name>.text:_isr:__TI_ISR_TRAP</name>
         <load_address>0xdc1c</load_address>
         <run_address>0xdc1c</run_address>
         <size>0x8</size>
         <input_file_ref idref="fl-44"/>
      </object_component>
      <object_component id="oc-430">
         <name>.text:_outc</name>
         <load_address>0xdc24</load_address>
         <run_address>0xdc24</run_address>
         <size>0x6</size>
         <input_file_ref idref="fl-4c"/>
      </object_component>
      <object_component id="oc-35b">
         <name>.text:abort</name>
         <load_address>0xdc2a</load_address>
         <run_address>0xdc2a</run_address>
         <size>0x6</size>
         <input_file_ref idref="fl-2b"/>
      </object_component>
      <object_component id="oc-42a">
         <name>.text:_outs</name>
         <load_address>0xdc30</load_address>
         <run_address>0xdc30</run_address>
         <size>0x4</size>
         <input_file_ref idref="fl-4c"/>
      </object_component>
      <object_component id="oc-333">
         <name>.text:_system_pre_init</name>
         <load_address>0xdc34</load_address>
         <run_address>0xdc34</run_address>
         <size>0x4</size>
         <input_file_ref idref="fl-4b"/>
      </object_component>
      <object_component id="oc-3fd">
         <name>.text:_nop</name>
         <load_address>0xdc38</load_address>
         <run_address>0xdc38</run_address>
         <size>0x2</size>
         <input_file_ref idref="fl-4d"/>
      </object_component>
      <object_component id="oc-388">
         <name>.text:_system_post_cinit</name>
         <load_address>0xdc3a</load_address>
         <run_address>0xdc3a</run_address>
         <size>0x2</size>
         <input_file_ref idref="fl-5c"/>
      </object_component>
      <object_component id="oc-58b">
         <name>.bss:parmbuf</name>
         <uninitialized>true</uninitialized>
         <run_address>0x1dd0</run_address>
         <size>0x8</size>
         <input_file_ref idref="fl-61"/>
      </object_component>
      <object_component id="oc-52f">
         <name>.bss</name>
         <uninitialized>true</uninitialized>
         <run_address>0x1dd8</run_address>
         <size>0x6</size>
         <input_file_ref idref="fl-6b"/>
      </object_component>
      <object_component id="oc-37f">
         <name>.common:ADCResult_X</name>
         <uninitialized>true</uninitialized>
         <run_address>0x1dde</run_address>
         <size>0x2</size>
      </object_component>
      <object_component id="oc-37e">
         <name>.common:ADCResult_Y</name>
         <uninitialized>true</uninitialized>
         <run_address>0x1de0</run_address>
         <size>0x2</size>
      </object_component>
      <object_component id="oc-37b">
         <name>.common:ADCResult_Z</name>
         <uninitialized>true</uninitialized>
         <run_address>0x1de2</run_address>
         <size>0x2</size>
      </object_component>
      <object_component id="oc-423">
         <name>.common:CalValue_X</name>
         <uninitialized>true</uninitialized>
         <run_address>0x1de4</run_address>
         <size>0x2</size>
      </object_component>
      <object_component id="oc-424">
         <name>.common:CalValue_Y</name>
         <uninitialized>true</uninitialized>
         <run_address>0x1de6</run_address>
         <size>0x2</size>
      </object_component>
      <object_component id="oc-425">
         <name>.common:CalValue_Z</name>
         <uninitialized>true</uninitialized>
         <run_address>0x1de8</run_address>
         <size>0x2</size>
      </object_component>
      <object_component id="oc-580">
         <name>.common:__TI_tmpnams</name>
         <uninitialized>true</uninitialized>
         <run_address>0x1d30</run_address>
         <size>0xa0</size>
      </object_component>
      <object_component id="oc-378">
         <name>.data</name>
         <load_address>0x1d2e</load_address>
         <run_address>0x1d2e</run_address>
         <size>0x2</size>
         <input_file_ref idref="fl-3"/>
      </object_component>
      <object_component id="oc-397">
         <name>.data</name>
         <load_address>0x1d2a</load_address>
         <run_address>0x1d2a</run_address>
         <size>0x2</size>
         <input_file_ref idref="fl-2b"/>
      </object_component>
      <object_component id="oc-3a0">
         <name>.data:__TI_cleanup_ptr</name>
         <load_address>0x1d18</load_address>
         <run_address>0x1d18</run_address>
         <size>0x4</size>
         <input_file_ref idref="fl-2c"/>
      </object_component>
      <object_component id="oc-39d">
         <name>.data:__TI_dtors_ptr</name>
         <load_address>0x1d1c</load_address>
         <run_address>0x1d1c</run_address>
         <size>0x4</size>
         <input_file_ref idref="fl-2c"/>
      </object_component>
      <object_component id="oc-39a">
         <name>.data:_lock</name>
         <load_address>0x1d20</load_address>
         <run_address>0x1d20</run_address>
         <size>0x4</size>
         <input_file_ref idref="fl-4d"/>
      </object_component>
      <object_component id="oc-3a3">
         <name>.data:_unlock</name>
         <load_address>0x1d24</load_address>
         <run_address>0x1d24</run_address>
         <size>0x4</size>
         <input_file_ref idref="fl-4d"/>
      </object_component>
      <object_component id="oc-427">
         <name>.data:_ftable</name>
         <load_address>0x1c78</load_address>
         <run_address>0x1c78</run_address>
         <size>0x78</size>
         <input_file_ref idref="fl-52"/>
      </object_component>
      <object_component id="oc-543">
         <name>.data</name>
         <load_address>0x1d28</load_address>
         <run_address>0x1d28</run_address>
         <size>0x2</size>
         <input_file_ref idref="fl-52"/>
      </object_component>
      <object_component id="oc-517">
         <name>.data:_device</name>
         <load_address>0x1c00</load_address>
         <run_address>0x1c00</run_address>
         <size>0x78</size>
         <input_file_ref idref="fl-55"/>
      </object_component>
      <object_component id="oc-4d9">
         <name>.data:_stream</name>
         <load_address>0x1cf0</load_address>
         <run_address>0x1cf0</run_address>
         <size>0x28</size>
         <input_file_ref idref="fl-55"/>
      </object_component>
      <object_component id="oc-533">
         <name>.data</name>
         <load_address>0x1d2c</load_address>
         <run_address>0x1d2c</run_address>
         <size>0x2</size>
         <input_file_ref idref="fl-6b"/>
      </object_component>
      <object_component id="oc-302">
         <name>.stack</name>
         <uninitialized>true</uninitialized>
         <run_address>0x1f60</run_address>
         <size>0x2</size>
         <input_file_ref idref="fl-24"/>
      </object_component>
      <object_component id="oc-657">
         <name>.stack</name>
         <uninitialized>true</uninitialized>
         <run_address>0x1f60</run_address>
         <size>0x0</size>
      </object_component>
      <object_component id="oc-79">
         <name>.int31</name>
         <load_address>0xffce</load_address>
         <run_address>0xffce</run_address>
         <size>0x2</size>
         <input_file_ref idref="fl-2d"/>
      </object_component>
      <object_component id="oc-7a">
         <name>.int32</name>
         <load_address>0xffd0</load_address>
         <run_address>0xffd0</run_address>
         <size>0x2</size>
         <input_file_ref idref="fl-2e"/>
      </object_component>
      <object_component id="oc-7b">
         <name>.int33</name>
         <load_address>0xffd2</load_address>
         <run_address>0xffd2</run_address>
         <size>0x2</size>
         <input_file_ref idref="fl-2f"/>
      </object_component>
      <object_component id="oc-7c">
         <name>.int34</name>
         <load_address>0xffd4</load_address>
         <run_address>0xffd4</run_address>
         <size>0x2</size>
         <input_file_ref idref="fl-30"/>
      </object_component>
      <object_component id="oc-7d">
         <name>.int35</name>
         <load_address>0xffd6</load_address>
         <run_address>0xffd6</run_address>
         <size>0x2</size>
         <input_file_ref idref="fl-31"/>
      </object_component>
      <object_component id="oc-7e">
         <name>.int36</name>
         <load_address>0xffd8</load_address>
         <run_address>0xffd8</run_address>
         <size>0x2</size>
         <input_file_ref idref="fl-32"/>
      </object_component>
      <object_component id="oc-7f">
         <name>.int37</name>
         <load_address>0xffda</load_address>
         <run_address>0xffda</run_address>
         <size>0x2</size>
         <input_file_ref idref="fl-33"/>
      </object_component>
      <object_component id="oc-80">
         <name>.int38</name>
         <load_address>0xffdc</load_address>
         <run_address>0xffdc</run_address>
         <size>0x2</size>
         <input_file_ref idref="fl-34"/>
      </object_component>
      <object_component id="oc-81">
         <name>.int39</name>
         <load_address>0xffde</load_address>
         <run_address>0xffde</run_address>
         <size>0x2</size>
         <input_file_ref idref="fl-35"/>
      </object_component>
      <object_component id="oc-82">
         <name>.int40</name>
         <load_address>0xffe0</load_address>
         <run_address>0xffe0</run_address>
         <size>0x2</size>
         <input_file_ref idref="fl-36"/>
      </object_component>
      <object_component id="oc-83">
         <name>.int41</name>
         <load_address>0xffe2</load_address>
         <run_address>0xffe2</run_address>
         <size>0x2</size>
         <input_file_ref idref="fl-37"/>
      </object_component>
      <object_component id="oc-84">
         <name>.int42</name>
         <load_address>0xffe4</load_address>
         <run_address>0xffe4</run_address>
         <size>0x2</size>
         <input_file_ref idref="fl-38"/>
      </object_component>
      <object_component id="oc-85">
         <name>.int43</name>
         <load_address>0xffe6</load_address>
         <run_address>0xffe6</run_address>
         <size>0x2</size>
         <input_file_ref idref="fl-39"/>
      </object_component>
      <object_component id="oc-86">
         <name>.int44</name>
         <load_address>0xffe8</load_address>
         <run_address>0xffe8</run_address>
         <size>0x2</size>
         <input_file_ref idref="fl-3a"/>
      </object_component>
      <object_component id="oc-87">
         <name>.int45</name>
         <load_address>0xffea</load_address>
         <run_address>0xffea</run_address>
         <size>0x2</size>
         <input_file_ref idref="fl-3b"/>
      </object_component>
      <object_component id="oc-88">
         <name>.int46</name>
         <load_address>0xffec</load_address>
         <run_address>0xffec</run_address>
         <size>0x2</size>
         <input_file_ref idref="fl-3"/>
      </object_component>
      <object_component id="oc-89">
         <name>.int47</name>
         <load_address>0xffee</load_address>
         <run_address>0xffee</run_address>
         <size>0x2</size>
         <input_file_ref idref="fl-3c"/>
      </object_component>
      <object_component id="oc-8a">
         <name>.int48</name>
         <load_address>0xfff0</load_address>
         <run_address>0xfff0</run_address>
         <size>0x2</size>
         <input_file_ref idref="fl-3d"/>
      </object_component>
      <object_component id="oc-8b">
         <name>.int49</name>
         <load_address>0xfff2</load_address>
         <run_address>0xfff2</run_address>
         <size>0x2</size>
         <input_file_ref idref="fl-3e"/>
      </object_component>
      <object_component id="oc-8c">
         <name>.int50</name>
         <load_address>0xfff4</load_address>
         <run_address>0xfff4</run_address>
         <size>0x2</size>
         <input_file_ref idref="fl-3f"/>
      </object_component>
      <object_component id="oc-8d">
         <name>.int51</name>
         <load_address>0xfff6</load_address>
         <run_address>0xfff6</run_address>
         <size>0x2</size>
         <input_file_ref idref="fl-40"/>
      </object_component>
      <object_component id="oc-8e">
         <name>.int52</name>
         <load_address>0xfff8</load_address>
         <run_address>0xfff8</run_address>
         <size>0x2</size>
         <input_file_ref idref="fl-41"/>
      </object_component>
      <object_component id="oc-8f">
         <name>.int53</name>
         <load_address>0xfffa</load_address>
         <run_address>0xfffa</run_address>
         <size>0x2</size>
         <input_file_ref idref="fl-42"/>
      </object_component>
      <object_component id="oc-90">
         <name>.int54</name>
         <load_address>0xfffc</load_address>
         <run_address>0xfffc</run_address>
         <size>0x2</size>
         <input_file_ref idref="fl-43"/>
      </object_component>
      <object_component id="oc-305">
         <name>.reset</name>
         <load_address>0xfffe</load_address>
         <run_address>0xfffe</run_address>
         <size>0x2</size>
         <input_file_ref idref="fl-24"/>
      </object_component>
      <object_component id="oc-4c6">
         <name>.debug_info</name>
         <load_address>0x0</load_address>
         <run_address>0x0</run_address>
         <size>0x291</size>
         <input_file_ref idref="fl-2"/>
      </object_component>
      <object_component id="oc-354">
         <name>.debug_info</name>
         <load_address>0x291</load_address>
         <run_address>0x291</run_address>
         <size>0x156</size>
         <input_file_ref idref="fl-2"/>
      </object_component>
      <object_component id="oc-369">
         <name>.debug_info</name>
         <load_address>0x3e7</load_address>
         <run_address>0x3e7</run_address>
         <size>0x84</size>
         <input_file_ref idref="fl-2"/>
      </object_component>
      <object_component id="oc-478">
         <name>.debug_info</name>
         <load_address>0x46b</load_address>
         <run_address>0x46b</run_address>
         <size>0x2c</size>
         <input_file_ref idref="fl-2"/>
      </object_component>
      <object_component id="oc-37c">
         <name>.debug_info</name>
         <load_address>0x497</load_address>
         <run_address>0x497</run_address>
         <size>0x50e</size>
         <input_file_ref idref="fl-3"/>
      </object_component>
      <object_component id="oc-379">
         <name>.debug_info</name>
         <load_address>0x9a5</load_address>
         <run_address>0x9a5</run_address>
         <size>0xe6</size>
         <input_file_ref idref="fl-3"/>
      </object_component>
      <object_component id="oc-411">
         <name>.debug_info</name>
         <load_address>0xa8b</load_address>
         <run_address>0xa8b</run_address>
         <size>0xdd</size>
         <input_file_ref idref="fl-3"/>
      </object_component>
      <object_component id="oc-414">
         <name>.debug_info</name>
         <load_address>0xb68</load_address>
         <run_address>0xb68</run_address>
         <size>0xdd</size>
         <input_file_ref idref="fl-3"/>
      </object_component>
      <object_component id="oc-3aa">
         <name>.debug_info</name>
         <load_address>0xc45</load_address>
         <run_address>0xc45</run_address>
         <size>0x112</size>
         <input_file_ref idref="fl-3"/>
      </object_component>
      <object_component id="oc-3bc">
         <name>.debug_info</name>
         <load_address>0xd57</load_address>
         <run_address>0xd57</run_address>
         <size>0x186</size>
         <input_file_ref idref="fl-3"/>
      </object_component>
      <object_component id="oc-3b6">
         <name>.debug_info</name>
         <load_address>0xedd</load_address>
         <run_address>0xedd</run_address>
         <size>0x112</size>
         <input_file_ref idref="fl-3"/>
      </object_component>
      <object_component id="oc-3b0">
         <name>.debug_info</name>
         <load_address>0xfef</load_address>
         <run_address>0xfef</run_address>
         <size>0x1b1</size>
         <input_file_ref idref="fl-3"/>
      </object_component>
      <object_component id="oc-417">
         <name>.debug_info</name>
         <load_address>0x11a0</load_address>
         <run_address>0x11a0</run_address>
         <size>0x110</size>
         <input_file_ref idref="fl-3"/>
      </object_component>
      <object_component id="oc-328">
         <name>.debug_info</name>
         <load_address>0x12b0</load_address>
         <run_address>0x12b0</run_address>
         <size>0x111</size>
         <input_file_ref idref="fl-3"/>
      </object_component>
      <object_component id="oc-303">
         <name>.debug_info</name>
         <load_address>0x13c1</load_address>
         <run_address>0x13c1</run_address>
         <size>0x111</size>
         <input_file_ref idref="fl-24"/>
      </object_component>
      <object_component id="oc-a5">
         <name>.debug_info</name>
         <load_address>0x14d2</load_address>
         <run_address>0x14d2</run_address>
         <size>0x1a3</size>
         <input_file_ref idref="fl-25"/>
      </object_component>
      <object_component id="oc-314">
         <name>.debug_info</name>
         <load_address>0x1675</load_address>
         <run_address>0x1675</run_address>
         <size>0x1eb</size>
         <input_file_ref idref="fl-26"/>
      </object_component>
      <object_component id="oc-6e">
         <name>.debug_info</name>
         <load_address>0x1860</load_address>
         <run_address>0x1860</run_address>
         <size>0x203</size>
         <input_file_ref idref="fl-26"/>
      </object_component>
      <object_component id="oc-30f">
         <name>.debug_info</name>
         <load_address>0x1a63</load_address>
         <run_address>0x1a63</run_address>
         <size>0x46</size>
         <input_file_ref idref="fl-26"/>
      </object_component>
      <object_component id="oc-31c">
         <name>.debug_info</name>
         <load_address>0x1aa9</load_address>
         <run_address>0x1aa9</run_address>
         <size>0x1f0</size>
         <input_file_ref idref="fl-27"/>
      </object_component>
      <object_component id="oc-316">
         <name>.debug_info</name>
         <load_address>0x1c99</load_address>
         <run_address>0x1c99</run_address>
         <size>0x2dc</size>
         <input_file_ref idref="fl-27"/>
      </object_component>
      <object_component id="oc-77">
         <name>.debug_info</name>
         <load_address>0x1f75</load_address>
         <run_address>0x1f75</run_address>
         <size>0x1dc</size>
         <input_file_ref idref="fl-27"/>
      </object_component>
      <object_component id="oc-31d">
         <name>.debug_info</name>
         <load_address>0x2151</load_address>
         <run_address>0x2151</run_address>
         <size>0x39</size>
         <input_file_ref idref="fl-27"/>
      </object_component>
      <object_component id="oc-30a">
         <name>.debug_info</name>
         <load_address>0x218a</load_address>
         <run_address>0x218a</run_address>
         <size>0x135</size>
         <input_file_ref idref="fl-29"/>
      </object_component>
      <object_component id="oc-421">
         <name>.debug_info</name>
         <load_address>0x22bf</load_address>
         <run_address>0x22bf</run_address>
         <size>0x135</size>
         <input_file_ref idref="fl-2a"/>
      </object_component>
      <object_component id="oc-3a7">
         <name>.debug_info</name>
         <load_address>0x23f4</load_address>
         <run_address>0x23f4</run_address>
         <size>0x26b</size>
         <input_file_ref idref="fl-2b"/>
      </object_component>
      <object_component id="oc-398">
         <name>.debug_info</name>
         <load_address>0x265f</load_address>
         <run_address>0x265f</run_address>
         <size>0x143</size>
         <input_file_ref idref="fl-2b"/>
      </object_component>
      <object_component id="oc-35f">
         <name>.debug_info</name>
         <load_address>0x27a2</load_address>
         <run_address>0x27a2</run_address>
         <size>0x133</size>
         <input_file_ref idref="fl-2b"/>
      </object_component>
      <object_component id="oc-349">
         <name>.debug_info</name>
         <load_address>0x28d5</load_address>
         <run_address>0x28d5</run_address>
         <size>0x1a8</size>
         <input_file_ref idref="fl-2b"/>
      </object_component>
      <object_component id="oc-408">
         <name>.debug_info</name>
         <load_address>0x2a7d</load_address>
         <run_address>0x2a7d</run_address>
         <size>0x114</size>
         <input_file_ref idref="fl-2c"/>
      </object_component>
      <object_component id="oc-3a1">
         <name>.debug_info</name>
         <load_address>0x2b91</load_address>
         <run_address>0x2b91</run_address>
         <size>0x12b</size>
         <input_file_ref idref="fl-2c"/>
      </object_component>
      <object_component id="oc-39e">
         <name>.debug_info</name>
         <load_address>0x2cbc</load_address>
         <run_address>0x2cbc</run_address>
         <size>0x127</size>
         <input_file_ref idref="fl-2c"/>
      </object_component>
      <object_component id="oc-325">
         <name>.debug_info</name>
         <load_address>0x2de3</load_address>
         <run_address>0x2de3</run_address>
         <size>0x123</size>
         <input_file_ref idref="fl-44"/>
      </object_component>
      <object_component id="oc-3db">
         <name>.debug_info</name>
         <load_address>0x2f06</load_address>
         <run_address>0x2f06</run_address>
         <size>0x144</size>
         <input_file_ref idref="fl-47"/>
      </object_component>
      <object_component id="oc-337">
         <name>.debug_info</name>
         <load_address>0x304a</load_address>
         <run_address>0x304a</run_address>
         <size>0x164</size>
         <input_file_ref idref="fl-4b"/>
      </object_component>
      <object_component id="oc-43d">
         <name>.debug_info</name>
         <load_address>0x31ae</load_address>
         <run_address>0x31ae</run_address>
         <size>0x2b8</size>
         <input_file_ref idref="fl-4c"/>
      </object_component>
      <object_component id="oc-431">
         <name>.debug_info</name>
         <load_address>0x3466</load_address>
         <run_address>0x3466</run_address>
         <size>0x173</size>
         <input_file_ref idref="fl-4c"/>
      </object_component>
      <object_component id="oc-42e">
         <name>.debug_info</name>
         <load_address>0x35d9</load_address>
         <run_address>0x35d9</run_address>
         <size>0x177</size>
         <input_file_ref idref="fl-4c"/>
      </object_component>
      <object_component id="oc-3c3">
         <name>.debug_info</name>
         <load_address>0x3750</load_address>
         <run_address>0x3750</run_address>
         <size>0x195</size>
         <input_file_ref idref="fl-4c"/>
      </object_component>
      <object_component id="oc-484">
         <name>.debug_info</name>
         <load_address>0x38e5</load_address>
         <run_address>0x38e5</run_address>
         <size>0xae</size>
         <input_file_ref idref="fl-4c"/>
      </object_component>
      <object_component id="oc-405">
         <name>.debug_info</name>
         <load_address>0x3993</load_address>
         <run_address>0x3993</run_address>
         <size>0x174</size>
         <input_file_ref idref="fl-4d"/>
      </object_component>
      <object_component id="oc-39b">
         <name>.debug_info</name>
         <load_address>0x3b07</load_address>
         <run_address>0x3b07</run_address>
         <size>0x110</size>
         <input_file_ref idref="fl-4d"/>
      </object_component>
      <object_component id="oc-3a4">
         <name>.debug_info</name>
         <load_address>0x3c17</load_address>
         <run_address>0x3c17</run_address>
         <size>0x114</size>
         <input_file_ref idref="fl-4d"/>
      </object_component>
      <object_component id="oc-3fe">
         <name>.debug_info</name>
         <load_address>0x3d2b</load_address>
         <run_address>0x3d2b</run_address>
         <size>0x13f</size>
         <input_file_ref idref="fl-4d"/>
      </object_component>
      <object_component id="oc-477">
         <name>.debug_info</name>
         <load_address>0x3e6a</load_address>
         <run_address>0x3e6a</run_address>
         <size>0x35d</size>
         <input_file_ref idref="fl-4e"/>
      </object_component>
      <object_component id="oc-4b3">
         <name>.debug_info</name>
         <load_address>0x41c7</load_address>
         <run_address>0x41c7</run_address>
         <size>0x2ac</size>
         <input_file_ref idref="fl-4e"/>
      </object_component>
      <object_component id="oc-471">
         <name>.debug_info</name>
         <load_address>0x4473</load_address>
         <run_address>0x4473</run_address>
         <size>0x2a0</size>
         <input_file_ref idref="fl-4e"/>
      </object_component>
      <object_component id="oc-437">
         <name>.debug_info</name>
         <load_address>0x4713</load_address>
         <run_address>0x4713</run_address>
         <size>0x2f8</size>
         <input_file_ref idref="fl-4e"/>
      </object_component>
      <object_component id="oc-47d">
         <name>.debug_info</name>
         <load_address>0x4a0b</load_address>
         <run_address>0x4a0b</run_address>
         <size>0x86</size>
         <input_file_ref idref="fl-4e"/>
      </object_component>
      <object_component id="oc-4e7">
         <name>.debug_info</name>
         <load_address>0x4a91</load_address>
         <run_address>0x4a91</run_address>
         <size>0x39</size>
         <input_file_ref idref="fl-4e"/>
      </object_component>
      <object_component id="oc-4c1">
         <name>.debug_info</name>
         <load_address>0x4aca</load_address>
         <run_address>0x4aca</run_address>
         <size>0x2c</size>
         <input_file_ref idref="fl-4e"/>
      </object_component>
      <object_component id="oc-38f">
         <name>.debug_info</name>
         <load_address>0x4af6</load_address>
         <run_address>0x4af6</run_address>
         <size>0x41e</size>
         <input_file_ref idref="fl-50"/>
      </object_component>
      <object_component id="oc-33c">
         <name>.debug_info</name>
         <load_address>0x4f14</load_address>
         <run_address>0x4f14</run_address>
         <size>0x23e</size>
         <input_file_ref idref="fl-50"/>
      </object_component>
      <object_component id="oc-3ea">
         <name>.debug_info</name>
         <load_address>0x5152</load_address>
         <run_address>0x5152</run_address>
         <size>0x39</size>
         <input_file_ref idref="fl-50"/>
      </object_component>
      <object_component id="oc-390">
         <name>.debug_info</name>
         <load_address>0x518b</load_address>
         <run_address>0x518b</run_address>
         <size>0x2c</size>
         <input_file_ref idref="fl-50"/>
      </object_component>
      <object_component id="oc-3ef">
         <name>.debug_info</name>
         <load_address>0x51b7</load_address>
         <run_address>0x51b7</run_address>
         <size>0xcd</size>
         <input_file_ref idref="fl-50"/>
      </object_component>
      <object_component id="oc-3e6">
         <name>.debug_info</name>
         <load_address>0x5284</load_address>
         <run_address>0x5284</run_address>
         <size>0x2c8</size>
         <input_file_ref idref="fl-51"/>
      </object_component>
      <object_component id="oc-383">
         <name>.debug_info</name>
         <load_address>0x554c</load_address>
         <run_address>0x554c</run_address>
         <size>0x228</size>
         <input_file_ref idref="fl-51"/>
      </object_component>
      <object_component id="oc-448">
         <name>.debug_info</name>
         <load_address>0x5774</load_address>
         <run_address>0x5774</run_address>
         <size>0x2c</size>
         <input_file_ref idref="fl-51"/>
      </object_component>
      <object_component id="oc-3cc">
         <name>.debug_info</name>
         <load_address>0x57a0</load_address>
         <run_address>0x57a0</run_address>
         <size>0x2c</size>
         <input_file_ref idref="fl-51"/>
      </object_component>
      <object_component id="oc-45a">
         <name>.debug_info</name>
         <load_address>0x57cc</load_address>
         <run_address>0x57cc</run_address>
         <size>0x14f</size>
         <input_file_ref idref="fl-52"/>
      </object_component>
      <object_component id="oc-428">
         <name>.debug_info</name>
         <load_address>0x591b</load_address>
         <run_address>0x591b</run_address>
         <size>0x113</size>
         <input_file_ref idref="fl-52"/>
      </object_component>
      <object_component id="oc-544">
         <name>.debug_info</name>
         <load_address>0x5a2e</load_address>
         <run_address>0x5a2e</run_address>
         <size>0x11b</size>
         <input_file_ref idref="fl-52"/>
      </object_component>
      <object_component id="oc-4a8">
         <name>.debug_info</name>
         <load_address>0x5b49</load_address>
         <run_address>0x5b49</run_address>
         <size>0x26c</size>
         <input_file_ref idref="fl-53"/>
      </object_component>
      <object_component id="oc-464">
         <name>.debug_info</name>
         <load_address>0x5db5</load_address>
         <run_address>0x5db5</run_address>
         <size>0x1e1</size>
         <input_file_ref idref="fl-53"/>
      </object_component>
      <object_component id="oc-4a6">
         <name>.debug_info</name>
         <load_address>0x5f96</load_address>
         <run_address>0x5f96</run_address>
         <size>0x330</size>
         <input_file_ref idref="fl-54"/>
      </object_component>
      <object_component id="oc-45d">
         <name>.debug_info</name>
         <load_address>0x62c6</load_address>
         <run_address>0x62c6</run_address>
         <size>0x2d8</size>
         <input_file_ref idref="fl-54"/>
      </object_component>
      <object_component id="oc-4dd">
         <name>.debug_info</name>
         <load_address>0x659e</load_address>
         <run_address>0x659e</run_address>
         <size>0x4b1</size>
         <input_file_ref idref="fl-55"/>
      </object_component>
      <object_component id="oc-518">
         <name>.debug_info</name>
         <load_address>0x6a4f</load_address>
         <run_address>0x6a4f</run_address>
         <size>0x114</size>
         <input_file_ref idref="fl-55"/>
      </object_component>
      <object_component id="oc-4da">
         <name>.debug_info</name>
         <load_address>0x6b63</load_address>
         <run_address>0x6b63</run_address>
         <size>0x114</size>
         <input_file_ref idref="fl-55"/>
      </object_component>
      <object_component id="oc-4a3">
         <name>.debug_info</name>
         <load_address>0x6c77</load_address>
         <run_address>0x6c77</run_address>
         <size>0x1a0</size>
         <input_file_ref idref="fl-55"/>
      </object_component>
      <object_component id="oc-5d9">
         <name>.debug_info</name>
         <load_address>0x6e17</load_address>
         <run_address>0x6e17</run_address>
         <size>0x199</size>
         <input_file_ref idref="fl-55"/>
      </object_component>
      <object_component id="oc-5b7">
         <name>.debug_info</name>
         <load_address>0x6fb0</load_address>
         <run_address>0x6fb0</run_address>
         <size>0x1f2</size>
         <input_file_ref idref="fl-55"/>
      </object_component>
      <object_component id="oc-584">
         <name>.debug_info</name>
         <load_address>0x71a2</load_address>
         <run_address>0x71a2</run_address>
         <size>0x1b9</size>
         <input_file_ref idref="fl-55"/>
      </object_component>
      <object_component id="oc-4f3">
         <name>.debug_info</name>
         <load_address>0x735b</load_address>
         <run_address>0x735b</run_address>
         <size>0x1ab</size>
         <input_file_ref idref="fl-55"/>
      </object_component>
      <object_component id="oc-57d">
         <name>.debug_info</name>
         <load_address>0x7506</load_address>
         <run_address>0x7506</run_address>
         <size>0x19f</size>
         <input_file_ref idref="fl-55"/>
      </object_component>
      <object_component id="oc-51e">
         <name>.debug_info</name>
         <load_address>0x76a5</load_address>
         <run_address>0x76a5</run_address>
         <size>0x120</size>
         <input_file_ref idref="fl-55"/>
      </object_component>
      <object_component id="oc-523">
         <name>.debug_info</name>
         <load_address>0x77c5</load_address>
         <run_address>0x77c5</run_address>
         <size>0x2c</size>
         <input_file_ref idref="fl-55"/>
      </object_component>
      <object_component id="oc-4ed">
         <name>.debug_info</name>
         <load_address>0x77f1</load_address>
         <run_address>0x77f1</run_address>
         <size>0x17f</size>
         <input_file_ref idref="fl-57"/>
      </object_component>
      <object_component id="oc-4b9">
         <name>.debug_info</name>
         <load_address>0x7970</load_address>
         <run_address>0x7970</run_address>
         <size>0x1c7</size>
         <input_file_ref idref="fl-57"/>
      </object_component>
      <object_component id="oc-4d6">
         <name>.debug_info</name>
         <load_address>0x7b37</load_address>
         <run_address>0x7b37</run_address>
         <size>0x189</size>
         <input_file_ref idref="fl-58"/>
      </object_component>
      <object_component id="oc-494">
         <name>.debug_info</name>
         <load_address>0x7cc0</load_address>
         <run_address>0x7cc0</run_address>
         <size>0x287</size>
         <input_file_ref idref="fl-58"/>
      </object_component>
      <object_component id="oc-445">
         <name>.debug_info</name>
         <load_address>0x7f47</load_address>
         <run_address>0x7f47</run_address>
         <size>0x189</size>
         <input_file_ref idref="fl-59"/>
      </object_component>
      <object_component id="oc-3e0">
         <name>.debug_info</name>
         <load_address>0x80d0</load_address>
         <run_address>0x80d0</run_address>
         <size>0x1ad</size>
         <input_file_ref idref="fl-59"/>
      </object_component>
      <object_component id="oc-4e5">
         <name>.debug_info</name>
         <load_address>0x827d</load_address>
         <run_address>0x827d</run_address>
         <size>0x17e</size>
         <input_file_ref idref="fl-5a"/>
      </object_component>
      <object_component id="oc-4ae">
         <name>.debug_info</name>
         <load_address>0x83fb</load_address>
         <run_address>0x83fb</run_address>
         <size>0x2ac</size>
         <input_file_ref idref="fl-5a"/>
      </object_component>
      <object_component id="oc-389">
         <name>.debug_info</name>
         <load_address>0x86a7</load_address>
         <run_address>0x86a7</run_address>
         <size>0x161</size>
         <input_file_ref idref="fl-5c"/>
      </object_component>
      <object_component id="oc-5e4">
         <name>.debug_info</name>
         <load_address>0x8808</load_address>
         <run_address>0x8808</run_address>
         <size>0x183</size>
         <input_file_ref idref="fl-5d"/>
      </object_component>
      <object_component id="oc-5cd">
         <name>.debug_info</name>
         <load_address>0x898b</load_address>
         <run_address>0x898b</run_address>
         <size>0x29c</size>
         <input_file_ref idref="fl-5d"/>
      </object_component>
      <object_component id="oc-5f3">
         <name>.debug_info</name>
         <load_address>0x8c27</load_address>
         <run_address>0x8c27</run_address>
         <size>0x173</size>
         <input_file_ref idref="fl-5e"/>
      </object_component>
      <object_component id="oc-5ea">
         <name>.debug_info</name>
         <load_address>0x8d9a</load_address>
         <run_address>0x8d9a</run_address>
         <size>0x2aa</size>
         <input_file_ref idref="fl-5e"/>
      </object_component>
      <object_component id="oc-4aa">
         <name>.debug_info</name>
         <load_address>0x9044</load_address>
         <run_address>0x9044</run_address>
         <size>0x173</size>
         <input_file_ref idref="fl-5f"/>
      </object_component>
      <object_component id="oc-46b">
         <name>.debug_info</name>
         <load_address>0x91b7</load_address>
         <run_address>0x91b7</run_address>
         <size>0x267</size>
         <input_file_ref idref="fl-5f"/>
      </object_component>
      <object_component id="oc-5e6">
         <name>.debug_info</name>
         <load_address>0x941e</load_address>
         <run_address>0x941e</run_address>
         <size>0x17f</size>
         <input_file_ref idref="fl-60"/>
      </object_component>
      <object_component id="oc-5d1">
         <name>.debug_info</name>
         <load_address>0x959d</load_address>
         <run_address>0x959d</run_address>
         <size>0x29c</size>
         <input_file_ref idref="fl-60"/>
      </object_component>
      <object_component id="oc-59b">
         <name>.debug_info</name>
         <load_address>0x9839</load_address>
         <run_address>0x9839</run_address>
         <size>0x2dd</size>
         <input_file_ref idref="fl-61"/>
      </object_component>
      <object_component id="oc-58c">
         <name>.debug_info</name>
         <load_address>0x9b16</load_address>
         <run_address>0x9b16</run_address>
         <size>0x114</size>
         <input_file_ref idref="fl-61"/>
      </object_component>
      <object_component id="oc-55c">
         <name>.debug_info</name>
         <load_address>0x9c2a</load_address>
         <run_address>0x9c2a</run_address>
         <size>0x208</size>
         <input_file_ref idref="fl-61"/>
      </object_component>
      <object_component id="oc-568">
         <name>.debug_info</name>
         <load_address>0x9e32</load_address>
         <run_address>0x9e32</run_address>
         <size>0x1cc</size>
         <input_file_ref idref="fl-61"/>
      </object_component>
      <object_component id="oc-56e">
         <name>.debug_info</name>
         <load_address>0x9ffe</load_address>
         <run_address>0x9ffe</run_address>
         <size>0x23e</size>
         <input_file_ref idref="fl-61"/>
      </object_component>
      <object_component id="oc-556">
         <name>.debug_info</name>
         <load_address>0xa23c</load_address>
         <run_address>0xa23c</run_address>
         <size>0x206</size>
         <input_file_ref idref="fl-61"/>
      </object_component>
      <object_component id="oc-54a">
         <name>.debug_info</name>
         <load_address>0xa442</load_address>
         <run_address>0xa442</run_address>
         <size>0x217</size>
         <input_file_ref idref="fl-61"/>
      </object_component>
      <object_component id="oc-562">
         <name>.debug_info</name>
         <load_address>0xa659</load_address>
         <run_address>0xa659</run_address>
         <size>0x253</size>
         <input_file_ref idref="fl-61"/>
      </object_component>
      <object_component id="oc-550">
         <name>.debug_info</name>
         <load_address>0xa8ac</load_address>
         <run_address>0xa8ac</run_address>
         <size>0x1c4</size>
         <input_file_ref idref="fl-61"/>
      </object_component>
      <object_component id="oc-5c2">
         <name>.debug_info</name>
         <load_address>0xaa70</load_address>
         <run_address>0xaa70</run_address>
         <size>0x1a4</size>
         <input_file_ref idref="fl-62"/>
      </object_component>
      <object_component id="oc-5bf">
         <name>.debug_info</name>
         <load_address>0xac14</load_address>
         <run_address>0xac14</run_address>
         <size>0x117</size>
         <input_file_ref idref="fl-62"/>
      </object_component>
      <object_component id="oc-58f">
         <name>.debug_info</name>
         <load_address>0xad2b</load_address>
         <run_address>0xad2b</run_address>
         <size>0x1f0</size>
         <input_file_ref idref="fl-62"/>
      </object_component>
      <object_component id="oc-597">
         <name>.debug_info</name>
         <load_address>0xaf1b</load_address>
         <run_address>0xaf1b</run_address>
         <size>0x1ab</size>
         <input_file_ref idref="fl-62"/>
      </object_component>
      <object_component id="oc-4d4">
         <name>.debug_info</name>
         <load_address>0xb0c6</load_address>
         <run_address>0xb0c6</run_address>
         <size>0x1de</size>
         <input_file_ref idref="fl-63"/>
      </object_component>
      <object_component id="oc-490">
         <name>.debug_info</name>
         <load_address>0xb2a4</load_address>
         <run_address>0xb2a4</run_address>
         <size>0x1a7</size>
         <input_file_ref idref="fl-63"/>
      </object_component>
      <object_component id="oc-50c">
         <name>.debug_info</name>
         <load_address>0xb44b</load_address>
         <run_address>0xb44b</run_address>
         <size>0xbb</size>
         <input_file_ref idref="fl-63"/>
      </object_component>
      <object_component id="oc-5a0">
         <name>.debug_info</name>
         <load_address>0xb506</load_address>
         <run_address>0xb506</run_address>
         <size>0x13a</size>
         <input_file_ref idref="fl-64"/>
      </object_component>
      <object_component id="oc-4d8">
         <name>.debug_info</name>
         <load_address>0xb640</load_address>
         <run_address>0xb640</run_address>
         <size>0x230</size>
         <input_file_ref idref="fl-65"/>
      </object_component>
      <object_component id="oc-49a">
         <name>.debug_info</name>
         <load_address>0xb870</load_address>
         <run_address>0xb870</run_address>
         <size>0x195</size>
         <input_file_ref idref="fl-65"/>
      </object_component>
      <object_component id="oc-4f7">
         <name>.debug_info</name>
         <load_address>0xba05</load_address>
         <run_address>0xba05</run_address>
         <size>0x20d</size>
         <input_file_ref idref="fl-66"/>
      </object_component>
      <object_component id="oc-4cb">
         <name>.debug_info</name>
         <load_address>0xbc12</load_address>
         <run_address>0xbc12</run_address>
         <size>0x1fa</size>
         <input_file_ref idref="fl-66"/>
      </object_component>
      <object_component id="oc-5a6">
         <name>.debug_info</name>
         <load_address>0xbe0c</load_address>
         <run_address>0xbe0c</run_address>
         <size>0x13a</size>
         <input_file_ref idref="fl-67"/>
      </object_component>
      <object_component id="oc-50b">
         <name>.debug_info</name>
         <load_address>0xbf46</load_address>
         <run_address>0xbf46</run_address>
         <size>0x24e</size>
         <input_file_ref idref="fl-68"/>
      </object_component>
      <object_component id="oc-4d1">
         <name>.debug_info</name>
         <load_address>0xc194</load_address>
         <run_address>0xc194</run_address>
         <size>0x20f</size>
         <input_file_ref idref="fl-68"/>
      </object_component>
      <object_component id="oc-5c9">
         <name>.debug_info</name>
         <load_address>0xc3a3</load_address>
         <run_address>0xc3a3</run_address>
         <size>0x17e</size>
         <input_file_ref idref="fl-69"/>
      </object_component>
      <object_component id="oc-5ac">
         <name>.debug_info</name>
         <load_address>0xc521</load_address>
         <run_address>0xc521</run_address>
         <size>0x283</size>
         <input_file_ref idref="fl-69"/>
      </object_component>
      <object_component id="oc-505">
         <name>.debug_info</name>
[...]
         <object_component_ref idref="oc-88"/>
      </symbol>
      <symbol id="sm-30b">
         <name>LongDelay</name>
         <value>0xdb58</value>
         <object_component_ref idref="oc-416"/>
      </symbol>
      <symbol id="sm-30c">
         <name>systemInit</name>
         <value>0xd6d6</value>
         <object_component_ref idref="oc-3a9"/>
      </symbol>
      <symbol id="sm-30d">
         <name>startUpSequence</name>
         <value>0xcf56</value>
         <object_component_ref idref="oc-3af"/>
      </symbol>
      <symbol id="sm-30e">
         <name>calibrateADC</name>
         <value>0xcb9c</value>
         <object_component_ref idref="oc-3bb"/>
      </symbol>
      <symbol id="sm-30f">
         <name>setupAccel</name>
         <value>0xd572</value>
         <object_component_ref idref="oc-3b5"/>
      </symbol>
      <symbol id="sm-310">
         <name>ADC_counter</name>
         <value>0x1d2e</value>
         <object_component_ref idref="oc-378"/>
      </symbol>
      <symbol id="sm-318">
         <name>_stack</name>
         <value>0x1f60</value>
         <object_component_ref idref="oc-302"/>
      </symbol>
      <symbol id="sm-319">
         <name>_reset_vector</name>
         <value>0xfffe</value>
         <object_component_ref idref="oc-305"/>
      </symbol>
      <symbol id="sm-323">
         <name>_c_int00_noargs</name>
         <value>0xdb08</value>
         <object_component_ref idref="oc-a3"/>
      </symbol>
      <symbol id="sm-334">
         <name>__TI_decompress_none</name>
         <value>0xd93a</value>
         <object_component_ref idref="oc-6d"/>
      </symbol>
      <symbol id="sm-358">
         <name>__TI_decompress_rle24</name>
         <value>0xdc00</value>
         <object_component_ref idref="oc-73"/>
      </symbol>
      <symbol id="sm-364">
         <name>__memcpy_far</name>
         <value>0xd83e</value>
         <object_component_ref idref="oc-309"/>
      </symbol>
      <symbol id="sm-36e">
         <name>__mspabi_remu</name>
         <value>0xdba0</value>
         <object_component_ref idref="oc-41e"/>
      </symbol>
      <symbol id="sm-36f">
         <name>__mspabi_divu</name>
         <value>0xdba0</value>
         <object_component_ref idref="oc-41e"/>
      </symbol>
      <symbol id="sm-38c">
         <name>C$$EXIT</name>
         <value>0xdc2a</value>
         <object_component_ref idref="oc-35b"/>
      </symbol>
      <symbol id="sm-38d">
         <name>abort</name>
         <value>0xdc2a</value>
         <object_component_ref idref="oc-35b"/>
      </symbol>
      <symbol id="sm-38e">
         <name>exit</name>
         <value>0xd76e</value>
         <object_component_ref idref="oc-345"/>
      </symbol>
      <symbol id="sm-38f">
         <name>__TI_enable_exit_profile_output</name>
         <value>0x1d2a</value>
         <object_component_ref idref="oc-397"/>
      </symbol>
      <symbol id="sm-39e">
         <name>__TI_dtors_ptr</name>
         <value>0x1d1c</value>
         <object_component_ref idref="oc-39d"/>
      </symbol>
      <symbol id="sm-39f">
         <name>__TI_cleanup_ptr</name>
         <value>0x1d18</value>
         <object_component_ref idref="oc-3a0"/>
      </symbol>
      <symbol id="sm-3a2">
         <name>__TI_int31</name>
         <value>0xffce</value>
         <object_component_ref idref="oc-79"/>
      </symbol>
      <symbol id="sm-3a5">
         <name>__TI_int32</name>
         <value>0xffd0</value>
         <object_component_ref idref="oc-7a"/>
      </symbol>
      <symbol id="sm-3a8">
         <name>__TI_int33</name>
         <value>0xffd2</value>
         <object_component_ref idref="oc-7b"/>
      </symbol>
      <symbol id="sm-3ab">
         <name>__TI_int34</name>
         <value>0xffd4</value>
         <object_component_ref idref="oc-7c"/>
      </symbol>
      <symbol id="sm-3ae">
         <name>__TI_int35</name>
         <value>0xffd6</value>
         <object_component_ref idref="oc-7d"/>
      </symbol>
      <symbol id="sm-3b1">
         <name>__TI_int36</name>
         <value>0xffd8</value>
         <object_component_ref idref="oc-7e"/>
      </symbol>
      <symbol id="sm-3b4">
         <name>__TI_int37</name>
         <value>0xffda</value>
         <object_component_ref idref="oc-7f"/>
      </symbol>
      <symbol id="sm-3b7">
         <name>__TI_int38</name>
         <value>0xffdc</value>
         <object_component_ref idref="oc-80"/>
      </symbol>
      <symbol id="sm-3ba">
         <name>__TI_int39</name>
         <value>0xffde</value>
         <object_component_ref idref="oc-81"/>
      </symbol>
      <symbol id="sm-3bd">
         <name>__TI_int40</name>
         <value>0xffe0</value>
         <object_component_ref idref="oc-82"/>
      </symbol>
      <symbol id="sm-3c0">
         <name>__TI_int41</name>
         <value>0xffe2</value>
         <object_component_ref idref="oc-83"/>
      </symbol>
      <symbol id="sm-3c3">
         <name>__TI_int42</name>
         <value>0xffe4</value>
         <object_component_ref idref="oc-84"/>
      </symbol>
      <symbol id="sm-3c6">
         <name>__TI_int43</name>
         <value>0xffe6</value>
         <object_component_ref idref="oc-85"/>
      </symbol>
      <symbol id="sm-3c9">
         <name>__TI_int44</name>
         <value>0xffe8</value>
         <object_component_ref idref="oc-86"/>
      </symbol>
      <symbol id="sm-3cc">
         <name>__TI_int45</name>
         <value>0xffea</value>
         <object_component_ref idref="oc-87"/>
      </symbol>
      <symbol id="sm-3cf">
         <name>__TI_int47</name>
         <value>0xffee</value>
         <object_component_ref idref="oc-89"/>
      </symbol>
      <symbol id="sm-3d2">
         <name>__TI_int48</name>
         <value>0xfff0</value>
         <object_component_ref idref="oc-8a"/>
      </symbol>
      <symbol id="sm-3d5">
         <name>__TI_int49</name>
         <value>0xfff2</value>
         <object_component_ref idref="oc-8b"/>
      </symbol>
      <symbol id="sm-3d8">
         <name>__TI_int50</name>
         <value>0xfff4</value>
         <object_component_ref idref="oc-8c"/>
      </symbol>
      <symbol id="sm-3db">
         <name>__TI_int51</name>
         <value>0xfff6</value>
         <object_component_ref idref="oc-8d"/>
      </symbol>
      <symbol id="sm-3de">
         <name>__TI_int52</name>
         <value>0xfff8</value>
         <object_component_ref idref="oc-8e"/>
      </symbol>
      <symbol id="sm-3e1">
         <name>__TI_int53</name>
         <value>0xfffa</value>
         <object_component_ref idref="oc-8f"/>
      </symbol>
      <symbol id="sm-3e4">
         <name>__TI_int54</name>
         <value>0xfffc</value>
         <object_component_ref idref="oc-90"/>
      </symbol>
      <symbol id="sm-3ec">
         <name>__TI_ISR_TRAP</name>
         <value>0xdc1c</value>
         <object_component_ref idref="oc-322"/>
      </symbol>
      <symbol id="sm-3f6">
         <name>__mspabi_mpyi_f5hw</name>
         <value>0xdb70</value>
         <object_component_ref idref="oc-3da"/>
      </symbol>
      <symbol id="sm-402">
         <name>_system_pre_init</name>
         <value>0xdc34</value>
         <object_component_ref idref="oc-333"/>
      </symbol>
      <symbol id="sm-425">
         <name>printf</name>
         <value>0xd87e</value>
         <object_component_ref idref="oc-3c2"/>
      </symbol>
      <symbol id="sm-43b">
         <name>_nop</name>
         <value>0xdc38</value>
         <object_component_ref idref="oc-3fd"/>
      </symbol>
      <symbol id="sm-43c">
         <name>_lock</name>
         <value>0x1d20</value>
         <object_component_ref idref="oc-39a"/>
      </symbol>
      <symbol id="sm-43d">
         <name>_unlock</name>
         <value>0x1d24</value>
         <object_component_ref idref="oc-3a3"/>
      </symbol>
      <symbol id="sm-489">
         <name>__TI_printfi_minimal</name>
         <value>0xc9ec</value>
         <object_component_ref idref="oc-436"/>
      </symbol>
      <symbol id="sm-4ab">
         <name>_auto_init_hold_wdt</name>
         <value>0xd094</value>
         <object_component_ref idref="oc-339"/>
      </symbol>
      <symbol id="sm-4c7">
         <name>copy_in</name>
         <value>0xcdf8</value>
         <object_component_ref idref="oc-382"/>
      </symbol>
      <symbol id="sm-4d7">
         <name>__TI_tmpnams</name>
         <value>0x1d30</value>
      </symbol>
      <symbol id="sm-4d8">
         <name>_ftable</name>
         <value>0x1c78</value>
         <object_component_ref idref="oc-427"/>
      </symbol>
      <symbol id="sm-4d9">
         <name>__TI_ft_end</name>
         <value>0x1d28</value>
         <object_component_ref idref="oc-543"/>
      </symbol>
      <symbol id="sm-4ec">
         <name>putc</name>
         <value>0xd12a</value>
         <object_component_ref idref="oc-463"/>
      </symbol>
      <symbol id="sm-4ed">
         <name>fputc</name>
         <value>0xd12a</value>
         <object_component_ref idref="oc-463"/>
      </symbol>
      <symbol id="sm-505">
         <name>fputs</name>
         <value>0xc90e</value>
         <object_component_ref idref="oc-45c"/>
      </symbol>
      <symbol id="sm-55b">
         <name>lseek</name>
         <value>0xdabe</value>
         <object_component_ref idref="oc-4f0"/>
      </symbol>
      <symbol id="sm-55c">
         <name>write</name>
         <value>0xdae4</value>
         <object_component_ref idref="oc-49f"/>
      </symbol>
      <symbol id="sm-55d">
         <name>close</name>
         <value>0xd724</value>
         <object_component_ref idref="oc-57a"/>
      </symbol>
      <symbol id="sm-55e">
         <name>unlink</name>
         <value>0xda94</value>
         <object_component_ref idref="oc-581"/>
      </symbol>
      <symbol id="sm-56e">
         <name>memccpy</name>
         <value>0xdb24</value>
         <object_component_ref idref="oc-4b8"/>
      </symbol>
      <symbol id="sm-57d">
         <name>memchr</name>
         <value>0xdbb6</value>
         <object_component_ref idref="oc-493"/>
      </symbol>
      <symbol id="sm-58b">
         <name>memcpy</name>
         <value>0xdbde</value>
         <object_component_ref idref="oc-3df"/>
      </symbol>
      <symbol id="sm-599">
         <name>memset</name>
         <value>0xdbca</value>
         <object_component_ref idref="oc-4ab"/>
      </symbol>
      <symbol id="sm-5a3">
         <name>_system_post_cinit</name>
         <value>0xdc3a</value>
         <object_component_ref idref="oc-388"/>
      </symbol>
      <symbol id="sm-5b2">
         <name>strchr</name>
         <value>0xdb3e</value>
         <object_component_ref idref="oc-5ca"/>
      </symbol>
      <symbol id="sm-5c0">
         <name>strcmp</name>
         <value>0xdb88</value>
         <object_component_ref idref="oc-5e7"/>
      </symbol>
      <symbol id="sm-5cd">
         <name>strlen</name>
         <value>0xdc0e</value>
         <object_component_ref idref="oc-46a"/>
      </symbol>
      <symbol id="sm-5dd">
         <name>strncpy</name>
         <value>0xda68</value>
         <object_component_ref idref="oc-5d0"/>
      </symbol>
      <symbol id="sm-61c">
         <name>HOSTrename</name>
         <value>0xd2b0</value>
         <object_component_ref idref="oc-56d"/>
      </symbol>
      <symbol id="sm-61d">
         <name>HOSTclose</name>
         <value>0xd7b6</value>
         <object_component_ref idref="oc-54f"/>
      </symbol>
      <symbol id="sm-61e">
         <name>HOSTunlink</name>
         <value>0xd7fc</value>
         <object_component_ref idref="oc-567"/>
      </symbol>
      <symbol id="sm-61f">
         <name>HOSTlseek</name>
         <value>0xcff8</value>
         <object_component_ref idref="oc-561"/>
      </symbol>
      <symbol id="sm-620">
         <name>HOSTopen</name>
         <value>0xd3ec</value>
         <object_component_ref idref="oc-549"/>
      </symbol>
      <symbol id="sm-621">
         <name>HOSTwrite</name>
         <value>0xd4b2</value>
         <object_component_ref idref="oc-55b"/>
      </symbol>
      <symbol id="sm-622">
         <name>HOSTread</name>
         <value>0xd5d2</value>
         <object_component_ref idref="oc-555"/>
      </symbol>
      <symbol id="sm-640">
         <name>__TI_readmsg</name>
         <value>0xda3c</value>
         <object_component_ref idref="oc-594"/>
      </symbol>
      <symbol id="sm-641">
         <name>C$$IO$$</name>
         <value>0xda0a</value>
         <object_component_ref idref="oc-58e"/>
      </symbol>
      <symbol id="sm-642">
         <name>_CIOBUF_</name>
         <value>0xc200</value>
         <object_component_ref idref="oc-5be"/>
      </symbol>
      <symbol id="sm-643">
         <name>__TI_writemsg</name>
         <value>0xd9e0</value>
         <object_component_ref idref="oc-58e"/>
      </symbol>
      <symbol id="sm-65b">
         <name>__TI_wrt_ok</name>
         <value>0xd236</value>
         <object_component_ref idref="oc-48d"/>
      </symbol>
      <symbol id="sm-663">
         <name>__mspabi_sral_15</name>
         <value>0xd8be</value>
         <object_component_ref idref="oc-59f"/>
      </symbol>
      <symbol id="sm-664">
         <name>__mspabi_sral_14</name>
         <value>0xd8c2</value>
         <object_component_ref idref="oc-59f"/>
      </symbol>
      <symbol id="sm-665">
         <name>__mspabi_sral_13</name>
         <value>0xd8c6</value>
         <object_component_ref idref="oc-59f"/>
      </symbol>
      <symbol id="sm-666">
         <name>__mspabi_sral_12</name>
         <value>0xd8ca</value>
         <object_component_ref idref="oc-59f"/>
      </symbol>
      <symbol id="sm-667">
         <name>__mspabi_sral_11</name>
         <value>0xd8ce</value>
         <object_component_ref idref="oc-59f"/>
      </symbol>
      <symbol id="sm-668">
         <name>__mspabi_sral_10</name>
         <value>0xd8d2</value>
         <object_component_ref idref="oc-59f"/>
      </symbol>
      <symbol id="sm-669">
         <name>__mspabi_sral_8</name>
         <value>0xd8da</value>
         <object_component_ref idref="oc-59f"/>
      </symbol>
      <symbol id="sm-66a">
         <name>__mspabi_sral_9</name>
         <value>0xd8d6</value>
         <object_component_ref idref="oc-59f"/>
      </symbol>
      <symbol id="sm-66b">
         <name>__mspabi_sral_6</name>
         <value>0xd8e2</value>
         <object_component_ref idref="oc-59f"/>
      </symbol>
      <symbol id="sm-66c">
         <name>__mspabi_sral_7</name>
         <value>0xd8de</value>
         <object_component_ref idref="oc-59f"/>
      </symbol>
      <symbol id="sm-66d">
         <name>__mspabi_sral_4</name>
         <value>0xd8ea</value>
         <object_component_ref idref="oc-59f"/>
      </symbol>
      <symbol id="sm-66e">
         <name>__mspabi_sral_5</name>
         <value>0xd8e6</value>
         <object_component_ref idref="oc-59f"/>
      </symbol>
      <symbol id="sm-66f">
         <name>__mspabi_sral_2</name>
         <value>0xd8f2</value>
         <object_component_ref idref="oc-59f"/>
      </symbol>
      <symbol id="sm-670">
         <name>__mspabi_sral_3</name>
         <value>0xd8ee</value>
         <object_component_ref idref="oc-59f"/>
      </symbol>
      <symbol id="sm-671">
         <name>__mspabi_sral_1</name>
         <value>0xd8f6</value>
         <object_component_ref idref="oc-59f"/>
      </symbol>
      <symbol id="sm-682">
         <name>__TI_doflush</name>
         <value>0xd450</value>
         <object_component_ref idref="oc-499"/>
      </symbol>
      <symbol id="sm-692">
         <name>fseek</name>
         <value>0xd31a</value>
         <object_component_ref idref="oc-4c7"/>
      </symbol>
      <symbol id="sm-69a">
         <name>__mspabi_slll_9</name>
         <value>0xd914</value>
         <object_component_ref idref="oc-5a4"/>
      </symbol>
      <symbol id="sm-69b">
         <name>__mspabi_slll_8</name>
         <value>0xd918</value>
         <object_component_ref idref="oc-5a4"/>
      </symbol>
      <symbol id="sm-69c">
         <name>__mspabi_slll_7</name>
         <value>0xd91c</value>
         <object_component_ref idref="oc-5a4"/>
      </symbol>
      <symbol id="sm-69d">
         <name>__mspabi_slll_6</name>
         <value>0xd920</value>
         <object_component_ref idref="oc-5a4"/>
      </symbol>
      <symbol id="sm-69e">
         <name>__mspabi_slll_5</name>
         <value>0xd924</value>
         <object_component_ref idref="oc-5a4"/>
      </symbol>
      <symbol id="sm-69f">
         <name>__mspabi_slll_4</name>
         <value>0xd928</value>
         <object_component_ref idref="oc-5a4"/>
      </symbol>
      <symbol id="sm-6a0">
         <name>__mspabi_slll_3</name>
         <value>0xd92c</value>
         <object_component_ref idref="oc-5a4"/>
      </symbol>
      <symbol id="sm-6a1">
         <name>__mspabi_slll_2</name>
         <value>0xd930</value>
         <object_component_ref idref="oc-5a4"/>
      </symbol>
      <symbol id="sm-6a2">
         <name>__mspabi_slll_1</name>
         <value>0xd934</value>
         <object_component_ref idref="oc-5a4"/>
      </symbol>
      <symbol id="sm-6a3">
         <name>__mspabi_slll_15</name>
         <value>0xd8fc</value>
         <object_component_ref idref="oc-5a4"/>
      </symbol>
      <symbol id="sm-6a4">
         <name>__mspabi_slll_14</name>
         <value>0xd900</value>
         <object_component_ref idref="oc-5a4"/>
      </symbol>
      <symbol id="sm-6a5">
         <name>__mspabi_slll_13</name>
         <value>0xd904</value>
         <object_component_ref idref="oc-5a4"/>
      </symbol>
      <symbol id="sm-6a6">
         <name>__mspabi_slll_12</name>
         <value>0xd908</value>
         <object_component_ref idref="oc-5a4"/>
      </symbol>
      <symbol id="sm-6a7">
         <name>__mspabi_slll_11</name>
         <value>0xd90c</value>
         <object_component_ref idref="oc-5a4"/>
      </symbol>
      <symbol id="sm-6a8">
         <name>__mspabi_slll_10</name>
         <value>0xd910</value>
         <object_component_ref idref="oc-5a4"/>
      </symbol>
      <symbol id="sm-6c0">
         <name>setvbuf</name>
         <value>0xcc6c</value>
         <object_component_ref idref="oc-4cd"/>
      </symbol>
      <symbol id="sm-6cd">
         <name>strcpy</name>
         <value>0xdbf0</value>
         <object_component_ref idref="oc-5ab"/>
      </symbol>
      <symbol id="sm-6d9">
         <name>__TI_cleanup</name>
         <value>0xd9ae</value>
         <object_component_ref idref="oc-504"/>
      </symbol>
      <symbol id="sm-72a">
         <name>_sys_memory</name>
         <value>0xc320</value>
         <object_component_ref idref="oc-306"/>
      </symbol>
      <symbol id="sm-72b">
         <name>free</name>
         <value>0xd1b6</value>
         <object_component_ref idref="oc-4f8"/>
      </symbol>
      <symbol id="sm-72c">
         <name>malloc</name>
         <value>0xceaa</value>
         <object_component_ref idref="oc-4fe"/>
      </symbol>
      <symbol id="sm-72d">
         <name>minit</name>
         <value>0xd976</value>
         <object_component_ref idref="oc-536"/>
      </symbol>
      <symbol id="sm-73e">
         <name>__TI_closefile</name>
         <value>0xd384</value>
         <object_component_ref idref="oc-53d"/>
      </symbol>
      <symbol id="sm-744">
         <name>__TI_BINIT_Base</name>
         <value>0x0</value>
      </symbol>
      <symbol id="sm-745">
         <name>__TI_BINIT_Limit</name>
         <value>0x0</value>
      </symbol>
      <symbol id="sm-746">
         <name>__TI_INITARRAY_Base</name>
         <value>0x0</value>
      </symbol>
      <symbol id="sm-747">
         <name>__TI_INITARRAY_Limit</name>
         <value>0x0</value>
      </symbol>
      <symbol id="sm-748">
         <name>remove</name>
         <value>0xda94</value>
      </symbol>
   </symbol_table>
   <title>Link successful</title>
</link_info>
