<?xml version="1.0"?>
<link_info>
   <banner>MSP430 Linker PC v15.12.1.LTS</banner>
   <copyright>Copyright (c) 2003-2015 Texas Instruments Incorporated</copyright>
   <link_time>0x5816c812</link_time>
   <link_errors>0x0</link_errors>
   <output_file>code_porting.out</output_file>
   <entry_point>
      <name>_c_int00_noargs</name>
      <address>0xd9b4</address>
   </entry_point>
   <input_file_list>
      <input_file id="fl-2">
         <path>.\</path>
         <kind>object</kind>
         <file>TimeTest.obj</file>
         <name>TimeTest.obj</name>
      </input_file>
      <input_file id="fl-3">
         <path>.\</path>
         <kind>object</kind>
         <file>main.obj</file>
         <name>main.obj</name>
      </input_file>
      <input_file id="fl-24">
         <path>C:\ti\ccsv6\tools\compiler\ti-cgt-msp430_15.12.1.LTS\lib\</path>
         <kind>archive</kind>
         <file>rts430x_lc_sd_eabi.lib</file>
         <name>boot.obj</name>
      </input_file>
      <input_file id="fl-25">
         <path>C:\ti\ccsv6\tools\compiler\ti-cgt-msp430_15.12.1.LTS\lib\</path>
         <kind>archive</kind>
         <file>rts430x_lc_sd_eabi.lib</file>
         <name>boot_special.obj</name>
      </input_file>
      <input_file id="fl-26">
         <path>C:\ti\ccsv6\tools\compiler\ti-cgt-msp430_15.12.1.LTS\lib\</path>
         <kind>archive</kind>
         <file>rts430x_lc_sd_eabi.lib</file>
         <name>copy_decompress_none.obj</name>
      </input_file>
      <input_file id="fl-27">
         <path>C:\ti\ccsv6\tools\compiler\ti-cgt-msp430_15.12.1.LTS\lib\</path>
         <kind>archive</kind>
         <file>rts430x_lc_sd_eabi.lib</file>
         <name>copy_decompress_rle.obj</name>
      </input_file>
      <input_file id="fl-28">
         <path>C:\ti\ccsv6\tools\compiler\ti-cgt-msp430_15.12.1.LTS\lib\</path>
         <kind>archive</kind>
         <file>rts430x_lc_sd_eabi.lib</file>
         <name>copy_zero_init.obj</name>
      </input_file>
      <input_file id="fl-29">
         <path>C:\ti\ccsv6\tools\compiler\ti-cgt-msp430_15.12.1.LTS\lib\</path>
         <kind>archive</kind>
         <file>rts430x_lc_sd_eabi.lib</file>
         <name>cpy_util.obj</name>
      </input_file>
      <input_file id="fl-2a">
         <path>C:\ti\ccsv6\tools\compiler\ti-cgt-msp430_15.12.1.LTS\lib\</path>
         <kind>archive</kind>
         <file>rts430x_lc_sd_eabi.lib</file>
         <name>exit.obj</name>
      </input_file>
      <input_file id="fl-2b">
         <path>C:\ti\ccsv6\tools\compiler\ti-cgt-msp430_15.12.1.LTS\lib\</path>
         <kind>archive</kind>
         <file>rts430x_lc_sd_eabi.lib</file>
         <name>exit_gvars.obj</name>
      </input_file>
      <input_file id="fl-2c">
         <path>C:\ti\ccsv6\tools\compiler\ti-cgt-msp430_15.12.1.LTS\lib\</path>
         <kind>archive</kind>
         <file>rts430x_lc_sd_eabi.lib</file>
         <name>int31.obj</name>
      </input_file>
      <input_file id="fl-2d">
         <path>C:\ti\ccsv6\tools\compiler\ti-cgt-msp430_15.12.1.LTS\lib\</path>
         <kind>archive</kind>
         <file>rts430x_lc_sd_eabi.lib</file>
         <name>int32.obj</name>
      </input_file>
      <input_file id="fl-2e">
         <path>C:\ti\ccsv6\tools\compiler\ti-cgt-msp430_15.12.1.LTS\lib\</path>
         <kind>archive</kind>
         <file>rts430x_lc_sd_eabi.lib</file>
         <name>int33.obj</name>
      </input_file>
      <input_file id="fl-2f">
         <path>C:\ti\ccsv6\tools\compiler\ti-cgt-msp430_15.12.1.LTS\lib\</path>
         <kind>archive</kind>
         <file>rts430x_lc_sd_eabi.lib</file>
         <name>int34.obj</name>
      </input_file>
      <input_file id="fl-30">
         <path>C:\ti\ccsv6\tools\compiler\ti-cgt-msp430_15.12.1.LTS\lib\</path>
         <kind>archive</kind>
         <file>rts430x_lc_sd_eabi.lib</file>
         <name>int35.obj</name>
      </input_file>
      <input_file id="fl-31">
         <path>C:\ti\ccsv6\tools\compiler\ti-cgt-msp430_15.12.1.LTS\lib\</path>
         <kind>archive</kind>
         <file>rts430x_lc_sd_eabi.lib</file>
         <name>int36.obj</name>
      </input_file>
      <input_file id="fl-32">
         <path>C:\ti\ccsv6\tools\compiler\ti-cgt-msp430_15.12.1.LTS\lib\</path>
         <kind>archive</kind>
         <file>rts430x_lc_sd_eabi.lib</file>
         <name>int37.obj</name>
      </input_file>
      <input_file id="fl-33">
         <path>C:\ti\ccsv6\tools\compiler\ti-cgt-msp430_15.12.1.LTS\lib\</path>
         <kind>archive</kind>
         <file>rts430x_lc_sd_eabi.lib</file>
         <name>int38.obj</name>
      </input_file>
      <input_file id="fl-34">
         <path>C:\ti\ccsv6\tools\compiler\ti-cgt-msp430_15.12.1.LTS\lib\</path>
         <kind>archive</kind>
         <file>rts430x_lc_sd_eabi.lib</file>
         <name>int39.obj</name>
      </input_file>
      <input_file id="fl-35">
         <path>C:\ti\ccsv6\tools\compiler\ti-cgt-msp430_15.12.1.LTS\lib\</path>
         <kind>archive</kind>
         <file>rts430x_lc_sd_eabi.lib</file>
         <name>int40.obj</name>
      </input_file>
      <input_file id="fl-36">
         <path>C:\ti\ccsv6\tools\compiler\ti-cgt-msp430_15.12.1.LTS\lib\</path>
         <kind>archive</kind>
         <file>rts430x_lc_sd_eabi.lib</file>
         <name>int41.obj</name>
      </input_file>
      <input_file id="fl-37">
         <path>C:\ti\ccsv6\tools\compiler\ti-cgt-msp430_15.12.1.LTS\lib\</path>
         <kind>archive</kind>
         <file>rts430x_lc_sd_eabi.lib</file>
         <name>int42.obj</name>
      </input_file>
      <input_file id="fl-38">
         <path>C:\ti\ccsv6\tools\compiler\ti-cgt-msp430_15.12.1.LTS\lib\</path>
         <kind>archive</kind>
         <file>rts430x_lc_sd_eabi.lib</file>
         <name>int43.obj</name>
      </input_file>
      <input_file id="fl-39">
         <path>C:\ti\ccsv6\tools\compiler\ti-cgt-msp430_15.12.1.LTS\lib\</path>
         <kind>archive</kind>
         <file>rts430x_lc_sd_eabi.lib</file>
         <name>int45.obj</name>
      </input_file>
      <input_file id="fl-3a">
         <path>C:\ti\ccsv6\tools\compiler\ti-cgt-msp430_15.12.1.LTS\lib\</path>
         <kind>archive</kind>
         <file>rts430x_lc_sd_eabi.lib</file>
         <name>int46.obj</name>
      </input_file>
      <input_file id="fl-3b">
         <path>C:\ti\ccsv6\tools\compiler\ti-cgt-msp430_15.12.1.LTS\lib\</path>
         <kind>archive</kind>
         <file>rts430x_lc_sd_eabi.lib</file>
         <name>int47.obj</name>
      </input_file>
      <input_file id="fl-3c">
         <path>C:\ti\ccsv6\tools\compiler\ti-cgt-msp430_15.12.1.LTS\lib\</path>
         <kind>archive</kind>
         <file>rts430x_lc_sd_eabi.lib</file>
         <name>int48.obj</name>
      </input_file>
      <input_file id="fl-3d">
         <path>C:\ti\ccsv6\tools\compiler\ti-cgt-msp430_15.12.1.LTS\lib\</path>
         <kind>archive</kind>
         <file>rts430x_lc_sd_eabi.lib</file>
         <name>int49.obj</name>
      </input_file>
      <input_file id="fl-3e">
         <path>C:\ti\ccsv6\tools\compiler\ti-cgt-msp430_15.12.1.LTS\lib\</path>
         <kind>archive</kind>
         <file>rts430x_lc_sd_eabi.lib</file>
         <name>int50.obj</name>
      </input_file>
      <input_file id="fl-3f">
         <path>C:\ti\ccsv6\tools\compiler\ti-cgt-msp430_15.12.1.LTS\lib\</path>
         <kind>archive</kind>
         <file>rts430x_lc_sd_eabi.lib</file>
         <name>int51.obj</name>
      </input_file>
      <input_file id="fl-40">
         <path>C:\ti\ccsv6\tools\compiler\ti-cgt-msp430_15.12.1.LTS\lib\</path>
         <kind>archive</kind>
         <file>rts430x_lc_sd_eabi.lib</file>
         <name>int52.obj</name>
      </input_file>
      <input_file id="fl-41">
         <path>C:\ti\ccsv6\tools\compiler\ti-cgt-msp430_15.12.1.LTS\lib\</path>
         <kind>archive</kind>
         <file>rts430x_lc_sd_eabi.lib</file>
         <name>int53.obj</name>
      </input_file>
      <input_file id="fl-42">
         <path>C:\ti\ccsv6\tools\compiler\ti-cgt-msp430_15.12.1.LTS\lib\</path>
         <kind>archive</kind>
         <file>rts430x_lc_sd_eabi.lib</file>
         <name>int54.obj</name>
      </input_file>
      <input_file id="fl-43">
         <path>C:\ti\ccsv6\tools\compiler\ti-cgt-msp430_15.12.1.LTS\lib\</path>
         <kind>archive</kind>
         <file>rts430x_lc_sd_eabi.lib</file>
         <name>isr_trap.obj</name>
      </input_file>
      <input_file id="fl-44">
         <path>C:\ti\ccsv6\tools\compiler\ti-cgt-msp430_15.12.1.LTS\lib\</path>
         <kind>archive</kind>
         <file>rts430x_lc_sd_eabi.lib</file>
         <name>mpu_init.obj</name>
      </input_file>
      <input_file id="fl-45">
         <path>C:\ti\ccsv6\tools\compiler\ti-cgt-msp430_15.12.1.LTS\lib\</path>
         <kind>archive</kind>
         <file>rts430x_lc_sd_eabi.lib</file>
         <name>mult1632_f5hw.obj</name>
      </input_file>
      <input_file id="fl-46">
         <path>C:\ti\ccsv6\tools\compiler\ti-cgt-msp430_15.12.1.LTS\lib\</path>
         <kind>archive</kind>
         <file>rts430x_lc_sd_eabi.lib</file>
         <name>mult16_f5hw.obj</name>
      </input_file>
      <input_file id="fl-47">
         <path>C:\ti\ccsv6\tools\compiler\ti-cgt-msp430_15.12.1.LTS\lib\</path>
         <kind>archive</kind>
         <file>rts430x_lc_sd_eabi.lib</file>
         <name>mult3264_f5hw.obj</name>
      </input_file>
      <input_file id="fl-48">
         <path>C:\ti\ccsv6\tools\compiler\ti-cgt-msp430_15.12.1.LTS\lib\</path>
         <kind>archive</kind>
         <file>rts430x_lc_sd_eabi.lib</file>
         <name>mult32_f5hw.obj</name>
      </input_file>
      <input_file id="fl-49">
         <path>C:\ti\ccsv6\tools\compiler\ti-cgt-msp430_15.12.1.LTS\lib\</path>
         <kind>archive</kind>
         <file>rts430x_lc_sd_eabi.lib</file>
         <name>mult64_f5hw.obj</name>
      </input_file>
      <input_file id="fl-4a">
         <path>C:\ti\ccsv6\tools\compiler\ti-cgt-msp430_15.12.1.LTS\lib\</path>
         <kind>archive</kind>
         <file>rts430x_lc_sd_eabi.lib</file>
         <name>pre_init.obj</name>
      </input_file>
      <input_file id="fl-4b">
         <path>C:\ti\ccsv6\tools\compiler\ti-cgt-msp430_15.12.1.LTS\lib\</path>
         <kind>archive</kind>
         <file>rts430x_lc_sd_eabi.lib</file>
         <name>printf.obj</name>
      </input_file>
      <input_file id="fl-4c">
         <path>C:\ti\ccsv6\tools\compiler\ti-cgt-msp430_15.12.1.LTS\lib\</path>
         <kind>archive</kind>
         <file>rts430x_lc_sd_eabi.lib</file>
         <name>_lock.obj</name>
      </input_file>
      <input_file id="fl-4d">
         <path>C:\ti\ccsv6\tools\compiler\ti-cgt-msp430_15.12.1.LTS\lib\</path>
         <kind>archive</kind>
         <file>rts430x_lc_sd_eabi.lib</file>
         <name>_printfi_min.obj</name>
      </input_file>
      <input_file id="fl-4e">
         <path>C:\ti\ccsv6\tools\compiler\ti-cgt-msp430_15.12.1.LTS\lib\</path>
         <kind>archive</kind>
         <file>rts430x_lc_sd_eabi.lib</file>
         <name>args_main.obj</name>
      </input_file>
      <input_file id="fl-4f">
         <path>C:\ti\ccsv6\tools\compiler\ti-cgt-msp430_15.12.1.LTS\lib\</path>
         <kind>archive</kind>
         <file>rts430x_lc_sd_eabi.lib</file>
         <name>autoinit_wdt.obj</name>
      </input_file>
      <input_file id="fl-50">
         <path>C:\ti\ccsv6\tools\compiler\ti-cgt-msp430_15.12.1.LTS\lib\</path>
         <kind>archive</kind>
         <file>rts430x_lc_sd_eabi.lib</file>
         <name>cpy_tbl.obj</name>
      </input_file>
      <input_file id="fl-51">
         <path>C:\ti\ccsv6\tools\compiler\ti-cgt-msp430_15.12.1.LTS\lib\</path>
         <kind>archive</kind>
         <file>rts430x_lc_sd_eabi.lib</file>
         <name>defs.obj</name>
      </input_file>
      <input_file id="fl-52">
         <path>C:\ti\ccsv6\tools\compiler\ti-cgt-msp430_15.12.1.LTS\lib\</path>
         <kind>archive</kind>
         <file>rts430x_lc_sd_eabi.lib</file>
         <name>div16u.obj</name>
      </input_file>
      <input_file id="fl-53">
         <path>C:\ti\ccsv6\tools\compiler\ti-cgt-msp430_15.12.1.LTS\lib\</path>
         <kind>archive</kind>
         <file>rts430x_lc_sd_eabi.lib</file>
         <name>fputc.obj</name>
      </input_file>
      <input_file id="fl-54">
         <path>C:\ti\ccsv6\tools\compiler\ti-cgt-msp430_15.12.1.LTS\lib\</path>
         <kind>archive</kind>
         <file>rts430x_lc_sd_eabi.lib</file>
         <name>fputs.obj</name>
      </input_file>
      <input_file id="fl-55">
         <path>C:\ti\ccsv6\tools\compiler\ti-cgt-msp430_15.12.1.LTS\lib\</path>
         <kind>archive</kind>
         <file>rts430x_lc_sd_eabi.lib</file>
         <name>lowlev.obj</name>
      </input_file>
      <input_file id="fl-56">
         <path>C:\ti\ccsv6\tools\compiler\ti-cgt-msp430_15.12.1.LTS\lib\</path>
         <kind>archive</kind>
         <file>rts430x_lc_sd_eabi.lib</file>
         <name>lsr64.obj</name>
      </input_file>
      <input_file id="fl-57">
         <path>C:\ti\ccsv6\tools\compiler\ti-cgt-msp430_15.12.1.LTS\lib\</path>
         <kind>archive</kind>
         <file>rts430x_lc_sd_eabi.lib</file>
         <name>memccpy.obj</name>
      </input_file>
      <input_file id="fl-58">
         <path>C:\ti\ccsv6\tools\compiler\ti-cgt-msp430_15.12.1.LTS\lib\</path>
         <kind>archive</kind>
         <file>rts430x_lc_sd_eabi.lib</file>
         <name>memchr.obj</name>
      </input_file>
      <input_file id="fl-59">
         <path>C:\ti\ccsv6\tools\compiler\ti-cgt-msp430_15.12.1.LTS\lib\</path>
         <kind>archive</kind>
         <file>rts430x_lc_sd_eabi.lib</file>
         <name>memcpy.obj</name>
      </input_file>
      <input_file id="fl-5a">
         <path>C:\ti\ccsv6\tools\compiler\ti-cgt-msp430_15.12.1.LTS\lib\</path>
         <kind>archive</kind>
         <file>rts430x_lc_sd_eabi.lib</file>
         <name>memset.obj</name>
      </input_file>
      <input_file id="fl-5b">
         <path>C:\ti\ccsv6\tools\compiler\ti-cgt-msp430_15.12.1.LTS\lib\</path>
         <kind>archive</kind>
         <file>rts430x_lc_sd_eabi.lib</file>
         <name>mult16.obj</name>
      </input_file>
      <input_file id="fl-5c">
         <path>C:\ti\ccsv6\tools\compiler\ti-cgt-msp430_15.12.1.LTS\lib\</path>
         <kind>archive</kind>
         <file>rts430x_lc_sd_eabi.lib</file>
         <name>startup.obj</name>
      </input_file>
      <input_file id="fl-5d">
         <path>C:\ti\ccsv6\tools\compiler\ti-cgt-msp430_15.12.1.LTS\lib\</path>
         <kind>archive</kind>
         <file>rts430x_lc_sd_eabi.lib</file>
         <name>strchr.obj</name>
      </input_file>
      <input_file id="fl-5e">
         <path>C:\ti\ccsv6\tools\compiler\ti-cgt-msp430_15.12.1.LTS\lib\</path>
         <kind>archive</kind>
         <file>rts430x_lc_sd_eabi.lib</file>
         <name>strcmp.obj</name>
      </input_file>
      <input_file id="fl-5f">
         <path>C:\ti\ccsv6\tools\compiler\ti-cgt-msp430_15.12.1.LTS\lib\</path>
         <kind>archive</kind>
         <file>rts430x_lc_sd_eabi.lib</file>
         <name>strlen.obj</name>
      </input_file>
      <input_file id="fl-60">
         <path>C:\ti\ccsv6\tools\compiler\ti-cgt-msp430_15.12.1.LTS\lib\</path>
         <kind>archive</kind>
         <file>rts430x_lc_sd_eabi.lib</file>
         <name>strncpy.obj</name>
      </input_file>
      <input_file id="fl-61">
         <path>C:\ti\ccsv6\tools\compiler\ti-cgt-msp430_15.12.1.LTS\lib\</path>
         <kind>archive</kind>
         <file>rts430x_lc_sd_eabi.lib</file>
         <name>trgdrv.obj</name>
      </input_file>
      <input_file id="fl-62">
         <path>C:\ti\ccsv6\tools\compiler\ti-cgt-msp430_15.12.1.LTS\lib\</path>
         <kind>archive</kind>
         <file>rts430x_lc_sd_eabi.lib</file>
         <name>trgmsg.obj</name>
      </input_file>
      <input_file id="fl-63">
         <path>C:\ti\ccsv6\tools\compiler\ti-cgt-msp430_15.12.1.LTS\lib\</path>
         <kind>archive</kind>
         <file>rts430x_lc_sd_eabi.lib</file>
         <name>_io_perm.obj</name>
      </input_file>
      <input_file id="fl-64">
         <path>C:\ti\ccsv6\tools\compiler\ti-cgt-msp430_15.12.1.LTS\lib\</path>
         <kind>archive</kind>
         <file>rts430x_lc_sd_eabi.lib</file>
         <name>asr32.obj</name>
      </input_file>
      <input_file id="fl-65">
         <path>C:\ti\ccsv6\tools\compiler\ti-cgt-msp430_15.12.1.LTS\lib\</path>
         <kind>archive</kind>
         <file>rts430x_lc_sd_eabi.lib</file>
         <name>fflush.obj</name>
      </input_file>
      <input_file id="fl-66">
         <path>C:\ti\ccsv6\tools\compiler\ti-cgt-msp430_15.12.1.LTS\lib\</path>
         <kind>archive</kind>
         <file>rts430x_lc_sd_eabi.lib</file>
         <name>fseek.obj</name>
      </input_file>
      <input_file id="fl-67">
         <path>C:\ti\ccsv6\tools\compiler\ti-cgt-msp430_15.12.1.LTS\lib\</path>
         <kind>archive</kind>
         <file>rts430x_lc_sd_eabi.lib</file>
         <name>lsl32.obj</name>
      </input_file>
      <input_file id="fl-68">
         <path>C:\ti\ccsv6\tools\compiler\ti-cgt-msp430_15.12.1.LTS\lib\</path>
         <kind>archive</kind>
         <file>rts430x_lc_sd_eabi.lib</file>
         <name>setvbuf.obj</name>
      </input_file>
      <input_file id="fl-69">
         <path>C:\ti\ccsv6\tools\compiler\ti-cgt-msp430_15.12.1.LTS\lib\</path>
         <kind>archive</kind>
         <file>rts430x_lc_sd_eabi.lib</file>
         <name>strcpy.obj</name>
      </input_file>
      <input_file id="fl-6a">
         <path>C:\ti\ccsv6\tools\compiler\ti-cgt-msp430_15.12.1.LTS\lib\</path>
         <kind>archive</kind>
         <file>rts430x_lc_sd_eabi.lib</file>
         <name>fopen.obj</name>
      </input_file>
      <input_file id="fl-6b">
         <path>C:\ti\ccsv6\tools\compiler\ti-cgt-msp430_15.12.1.LTS\lib\</path>
         <kind>archive</kind>
         <file>rts430x_lc_sd_eabi.lib</file>
         <name>memory.obj</name>
      </input_file>
      <input_file id="fl-6c">
         <path>C:\ti\ccsv6\tools\compiler\ti-cgt-msp430_15.12.1.LTS\lib\</path>
         <kind>archive</kind>
         <file>rts430x_lc_sd_eabi.lib</file>
         <name>fclose.obj</name>
      </input_file>
      <input_file id="fl-6d">
         <path>C:\ti\ccsv6\tools\compiler\ti-cgt-msp430_15.12.1.LTS\lib\</path>
         <kind>archive</kind>
         <file>rts430x_lc_sd_eabi.lib</file>
         <name>remove.obj</name>
      </input_file>
   </input_file_list>
   <object_component_list>
      <object_component id="oc-5ce">
         <name>.cio</name>
         <load_address>0xc200</load_address>
         <run_address>0xc200</run_address>
         <size>0x120</size>
         <input_file_ref idref="fl-62"/>
      </object_component>
      <object_component id="oc-668">
         <name>.sysmem</name>
         <load_address>0xc320</load_address>
         <run_address>0xc320</run_address>
         <size>0x0</size>
      </object_component>
      <object_component id="oc-306">
         <name>.sysmem</name>
         <load_address>0xc320</load_address>
         <run_address>0xc320</run_address>
         <size>0x4</size>
         <input_file_ref idref="fl-6b"/>
      </object_component>
      <object_component id="oc-666">
         <name>.cinit..data.load</name>
         <load_address>0xc600</load_address>
         <run_address>0xc600</run_address>
         <size>0x134</size>
      </object_component>
      <object_component id="oc-665">
         <name>.cinit..bss.load</name>
         <load_address>0xc736</load_address>
         <run_address>0xc736</run_address>
         <size>0x9</size>
      </object_component>
      <object_component id="oc-663">
         <name>__TI_handler_table</name>
         <load_address>0xc740</load_address>
         <run_address>0xc740</run_address>
         <size>0x8</size>
      </object_component>
      <object_component id="oc-664">
         <name>__TI_cinit_table</name>
         <load_address>0xc748</load_address>
         <run_address>0xc748</run_address>
         <size>0x10</size>
      </object_component>
      <object_component id="oc-3cf">
         <name>.const:.string</name>
         <load_address>0xc758</load_address>
         <run_address>0xc758</run_address>
         <size>0x4e</size>
         <input_file_ref idref="fl-3"/>
      </object_component>
      <object_component id="oc-4be">
         <name>.const:.string</name>
         <load_address>0xc7a6</load_address>
         <run_address>0xc7a6</run_address>
         <size>0x14</size>
         <input_file_ref idref="fl-4d"/>
      </object_component>
      <object_component id="oc-353">
         <name>.text:main</name>
         <load_address>0xc800</load_address>
         <run_address>0xc800</run_address>
         <size>0x112</size>
         <input_file_ref idref="fl-3"/>
      </object_component>
      <object_component id="oc-47d">
         <name>.text:_setfield</name>
         <load_address>0xc912</load_address>
         <run_address>0xc912</run_address>
         <size>0x10e</size>
         <input_file_ref idref="fl-4d"/>
      </object_component>
      <object_component id="oc-469">
         <name>.text:fputs</name>
         <load_address>0xca20</load_address>
         <run_address>0xca20</run_address>
         <size>0xde</size>
         <input_file_ref idref="fl-54"/>
      </object_component>
      <object_component id="oc-447">
         <name>.text:__TI_printfi_minimal</name>
         <load_address>0xcafe</load_address>
         <run_address>0xcafe</run_address>
         <size>0xda</size>
         <input_file_ref idref="fl-4d"/>
      </object_component>
      <object_component id="oc-315">
         <name>.text:__TI_decompress_rle_core</name>
         <load_address>0xcbd8</load_address>
         <run_address>0xcbd8</run_address>
         <size>0xd6</size>
         <input_file_ref idref="fl-27"/>
      </object_component>
      <object_component id="oc-4d9">
         <name>.text:setvbuf</name>
         <load_address>0xccae</load_address>
         <run_address>0xccae</run_address>
         <size>0xcc</size>
         <input_file_ref idref="fl-68"/>
      </object_component>
      <object_component id="oc-4bf">
         <name>.text:_pproc_diouxp</name>
         <load_address>0xcd7a</load_address>
         <run_address>0xcd7a</run_address>
         <size>0xc0</size>
         <input_file_ref idref="fl-4d"/>
      </object_component>
      <object_component id="oc-384">
         <name>.text:copy_in</name>
         <load_address>0xce3a</load_address>
         <run_address>0xce3a</run_address>
         <size>0xb2</size>
         <input_file_ref idref="fl-50"/>
      </object_component>
      <object_component id="oc-50d">
         <name>.text:malloc</name>
         <load_address>0xceec</load_address>
         <run_address>0xceec</run_address>
         <size>0xac</size>
         <input_file_ref idref="fl-6b"/>
      </object_component>
      <object_component id="oc-571">
         <name>.text:HOSTlseek</name>
         <load_address>0xcf98</load_address>
         <run_address>0xcf98</run_address>
         <size>0x9c</size>
         <input_file_ref idref="fl-61"/>
      </object_component>
      <object_component id="oc-339">
         <name>.text:_auto_init_hold_wdt</name>
         <load_address>0xd034</load_address>
         <run_address>0xd034</run_address>
         <size>0x96</size>
         <input_file_ref idref="fl-4f"/>
      </object_component>
      <object_component id="oc-470">
         <name>.text:fputc</name>
         <load_address>0xd0ca</load_address>
         <run_address>0xd0ca</run_address>
         <size>0x8c</size>
         <input_file_ref idref="fl-53"/>
      </object_component>
      <object_component id="oc-507">
         <name>.text:free</name>
         <load_address>0xd156</load_address>
         <run_address>0xd156</run_address>
         <size>0x80</size>
         <input_file_ref idref="fl-6b"/>
      </object_component>
      <object_component id="oc-49a">
         <name>.text:__TI_wrt_ok</name>
         <load_address>0xd1d6</load_address>
         <run_address>0xd1d6</run_address>
         <size>0x7a</size>
         <input_file_ref idref="fl-63"/>
      </object_component>
      <object_component id="oc-3c9">
         <name>.text:_ZN8TimeTest3endEv</name>
         <load_address>0xd250</load_address>
         <run_address>0xd250</run_address>
         <size>0x6c</size>
         <input_file_ref idref="fl-2"/>
      </object_component>
      <object_component id="oc-57d">
         <name>.text:HOSTrename</name>
         <load_address>0xd2bc</load_address>
         <run_address>0xd2bc</run_address>
         <size>0x6a</size>
         <input_file_ref idref="fl-61"/>
      </object_component>
      <object_component id="oc-4d3">
         <name>.text:fseek</name>
         <load_address>0xd326</load_address>
         <run_address>0xd326</run_address>
         <size>0x6a</size>
         <input_file_ref idref="fl-66"/>
      </object_component>
      <object_component id="oc-54d">
         <name>.text:__TI_closefile</name>
         <load_address>0xd390</load_address>
         <run_address>0xd390</run_address>
         <size>0x68</size>
         <input_file_ref idref="fl-6c"/>
      </object_component>
      <object_component id="oc-559">
         <name>.text:HOSTopen</name>
         <load_address>0xd3f8</load_address>
         <run_address>0xd3f8</run_address>
         <size>0x64</size>
         <input_file_ref idref="fl-61"/>
      </object_component>
      <object_component id="oc-4a6">
         <name>.text:__TI_doflush</name>
         <load_address>0xd45c</load_address>
         <run_address>0xd45c</run_address>
         <size>0x62</size>
         <input_file_ref idref="fl-65"/>
      </object_component>
      <object_component id="oc-56b">
         <name>.text:HOSTwrite</name>
         <load_address>0xd4be</load_address>
         <run_address>0xd4be</run_address>
         <size>0x60</size>
         <input_file_ref idref="fl-61"/>
      </object_component>
      <object_component id="oc-565">
         <name>.text:HOSTread</name>
         <load_address>0xd51e</load_address>
         <run_address>0xd51e</run_address>
         <size>0x5e</size>
         <input_file_ref idref="fl-61"/>
      </object_component>
      <object_component id="oc-5c3">
         <name>.text:getdevice</name>
         <load_address>0xd57c</load_address>
         <run_address>0xd57c</run_address>
         <size>0x54</size>
         <input_file_ref idref="fl-55"/>
      </object_component>
      <object_component id="oc-58a">
         <name>.text:close</name>
         <load_address>0xd5d0</load_address>
         <run_address>0xd5d0</run_address>
         <size>0x4a</size>
         <input_file_ref idref="fl-55"/>
      </object_component>
      <object_component id="oc-345">
         <name>.text:exit</name>
         <load_address>0xd61a</load_address>
         <run_address>0xd61a</run_address>
         <size>0x48</size>
         <input_file_ref idref="fl-2a"/>
      </object_component>
      <object_component id="oc-55f">
         <name>.text:HOSTclose</name>
         <load_address>0xd662</load_address>
         <run_address>0xd662</run_address>
         <size>0x46</size>
         <input_file_ref idref="fl-61"/>
      </object_component>
      <object_component id="oc-577">
         <name>.text:HOSTunlink</name>
         <load_address>0xd6a8</load_address>
         <run_address>0xd6a8</run_address>
         <size>0x42</size>
         <input_file_ref idref="fl-61"/>
      </object_component>
      <object_component id="oc-309">
         <name>.text:__memcpy_far</name>
         <load_address>0xd6ea</load_address>
         <run_address>0xd6ea</run_address>
         <size>0x40</size>
         <input_file_ref idref="fl-29"/>
      </object_component>
      <object_component id="oc-3d0">
         <name>.text:printf</name>
         <load_address>0xd72a</load_address>
         <run_address>0xd72a</run_address>
         <size>0x40</size>
         <input_file_ref idref="fl-4b"/>
      </object_component>
      <object_component id="oc-5af">
         <name>.text:l_asr_const</name>
         <load_address>0xd76a</load_address>
         <run_address>0xd76a</run_address>
         <size>0x3e</size>
         <input_file_ref idref="fl-64"/>
      </object_component>
      <object_component id="oc-5b4">
         <name>.text:l_lsl_const</name>
         <load_address>0xd7a8</load_address>
         <run_address>0xd7a8</run_address>
         <size>0x3e</size>
         <input_file_ref idref="fl-67"/>
      </object_component>
      <object_component id="oc-6d">
         <name>.text:decompress:none:__TI_decompress_none</name>
         <load_address>0xd7e6</load_address>
         <run_address>0xd7e6</run_address>
         <size>0x3c</size>
         <input_file_ref idref="fl-26"/>
      </object_component>
      <object_component id="oc-546">
         <name>.text:minit</name>
         <load_address>0xd822</load_address>
         <run_address>0xd822</run_address>
         <size>0x38</size>
         <input_file_ref idref="fl-6b"/>
      </object_component>
      <object_component id="oc-513">
         <name>.text:__TI_cleanup</name>
         <load_address>0xd85a</load_address>
         <run_address>0xd85a</run_address>
         <size>0x32</size>
         <input_file_ref idref="fl-6a"/>
      </object_component>
      <object_component id="oc-59e">
         <name>.text:__TI_writemsg</name>
         <load_address>0xd88c</load_address>
         <run_address>0xd88c</run_address>
         <size>0x2e</size>
         <input_file_ref idref="fl-62"/>
      </object_component>
      <object_component id="oc-5e6">
         <name>.text:finddevice</name>
         <load_address>0xd8ba</load_address>
         <run_address>0xd8ba</run_address>
         <size>0x2e</size>
         <input_file_ref idref="fl-55"/>
      </object_component>
      <object_component id="oc-5a4">
         <name>.text:__TI_readmsg</name>
         <load_address>0xd8e8</load_address>
         <run_address>0xd8e8</run_address>
         <size>0x2c</size>
         <input_file_ref idref="fl-62"/>
      </object_component>
      <object_component id="oc-5e0">
         <name>.text:strncpy</name>
         <load_address>0xd914</load_address>
         <run_address>0xd914</run_address>
         <size>0x2c</size>
         <input_file_ref idref="fl-60"/>
      </object_component>
      <object_component id="oc-591">
         <name>.text:unlink</name>
         <load_address>0xd940</load_address>
         <run_address>0xd940</run_address>
         <size>0x2a</size>
         <input_file_ref idref="fl-55"/>
      </object_component>
      <object_component id="oc-4ff">
         <name>.text:lseek</name>
         <load_address>0xd96a</load_address>
         <run_address>0xd96a</run_address>
         <size>0x26</size>
         <input_file_ref idref="fl-55"/>
      </object_component>
      <object_component id="oc-4ac">
         <name>.text:write</name>
         <load_address>0xd990</load_address>
         <run_address>0xd990</run_address>
         <size>0x24</size>
         <input_file_ref idref="fl-55"/>
      </object_component>
      <object_component id="oc-a3">
         <name>.text:_isr:_c_int00_noargs</name>
         <load_address>0xd9b4</load_address>
         <run_address>0xd9b4</run_address>
         <size>0x1c</size>
         <input_file_ref idref="fl-25"/>
      </object_component>
      <object_component id="oc-37c">
         <name>.text:_ZN8TimeTest6updateEv</name>
         <load_address>0xd9d0</load_address>
         <run_address>0xd9d0</run_address>
         <size>0x1a</size>
         <input_file_ref idref="fl-2"/>
      </object_component>
      <object_component id="oc-4c5">
         <name>.text:memccpy</name>
         <load_address>0xd9ea</load_address>
         <run_address>0xd9ea</run_address>
         <size>0x1a</size>
         <input_file_ref idref="fl-57"/>
      </object_component>
      <object_component id="oc-5da">
         <name>.text:strchr</name>
         <load_address>0xda04</load_address>
         <run_address>0xda04</run_address>
         <size>0x1a</size>
         <input_file_ref idref="fl-5d"/>
      </object_component>
      <object_component id="oc-3fd">
         <name>.text</name>
         <load_address>0xda1e</load_address>
         <run_address>0xda1e</run_address>
         <size>0x18</size>
         <input_file_ref idref="fl-46"/>
      </object_component>
      <object_component id="oc-5f7">
         <name>.text:strcmp</name>
         <load_address>0xda36</load_address>
         <run_address>0xda36</run_address>
         <size>0x18</size>
         <input_file_ref idref="fl-5e"/>
      </object_component>
      <object_component id="oc-4f2">
         <name>.text</name>
         <load_address>0xda4e</load_address>
         <run_address>0xda4e</run_address>
         <size>0x16</size>
         <input_file_ref idref="fl-52"/>
      </object_component>
      <object_component id="oc-4a0">
         <name>.text:memchr</name>
         <load_address>0xda64</load_address>
         <run_address>0xda64</run_address>
         <size>0x14</size>
         <input_file_ref idref="fl-58"/>
      </object_component>
      <object_component id="oc-4b8">
         <name>.text:memset</name>
         <load_address>0xda78</load_address>
         <run_address>0xda78</run_address>
         <size>0x14</size>
         <input_file_ref idref="fl-5a"/>
      </object_component>
      <object_component id="oc-327">
         <name>.text:_isr:_Z13TIMER0_A1_ISRv</name>
         <load_address>0xda8c</load_address>
         <run_address>0xda8c</run_address>
         <size>0x12</size>
         <input_file_ref idref="fl-3"/>
      </object_component>
      <object_component id="oc-402">
         <name>.text:memcpy</name>
         <load_address>0xda9e</load_address>
         <run_address>0xda9e</run_address>
         <size>0x12</size>
         <input_file_ref idref="fl-59"/>
      </object_component>
      <object_component id="oc-5bb">
         <name>.text:strcpy</name>
         <load_address>0xdab0</load_address>
         <run_address>0xdab0</run_address>
         <size>0x10</size>
         <input_file_ref idref="fl-69"/>
      </object_component>
      <object_component id="oc-73">
         <name>.text:decompress:rle24:__TI_decompress_rle24</name>
         <load_address>0xdac0</load_address>
         <run_address>0xdac0</run_address>
         <size>0xe</size>
         <input_file_ref idref="fl-27"/>
      </object_component>
      <object_component id="oc-477">
         <name>.text:strlen</name>
         <load_address>0xdace</load_address>
         <run_address>0xdace</run_address>
         <size>0xe</size>
         <input_file_ref idref="fl-5f"/>
      </object_component>
      <object_component id="oc-3b7">
         <name>.text:_Z9ledTogglev</name>
         <load_address>0xdadc</load_address>
         <run_address>0xdadc</run_address>
         <size>0x8</size>
         <input_file_ref idref="fl-3"/>
      </object_component>
      <object_component id="oc-3ab">
         <name>.text:_ZN8TimeTest4initEv</name>
         <load_address>0xdae4</load_address>
         <run_address>0xdae4</run_address>
         <size>0x8</size>
         <input_file_ref idref="fl-2"/>
      </object_component>
      <object_component id="oc-3c3">
         <name>.text:_ZN8TimeTest5startEv</name>
         <load_address>0xdaec</load_address>
         <run_address>0xdaec</run_address>
         <size>0x8</size>
         <input_file_ref idref="fl-2"/>
      </object_component>
      <object_component id="oc-322">
         <name>.text:_isr:__TI_ISR_TRAP</name>
         <load_address>0xdaf4</load_address>
         <run_address>0xdaf4</run_address>
         <size>0x8</size>
         <input_file_ref idref="fl-43"/>
      </object_component>
      <object_component id="oc-3bd">
         <name>.text:_ZN8TimeTest11callBackSetEPFvvE</name>
         <load_address>0xdafc</load_address>
         <run_address>0xdafc</run_address>
         <size>0x6</size>
         <input_file_ref idref="fl-2"/>
      </object_component>
      <object_component id="oc-3b1">
         <name>.text:_ZN8TimeTest11intervalSetEi</name>
         <load_address>0xdb02</load_address>
         <run_address>0xdb02</run_address>
         <size>0x6</size>
         <input_file_ref idref="fl-2"/>
      </object_component>
      <object_component id="oc-441">
         <name>.text:_outc</name>
         <load_address>0xdb08</load_address>
         <run_address>0xdb08</run_address>
         <size>0x6</size>
         <input_file_ref idref="fl-4b"/>
      </object_component>
      <object_component id="oc-35b">
         <name>.text:abort</name>
         <load_address>0xdb0e</load_address>
         <run_address>0xdb0e</run_address>
         <size>0x6</size>
         <input_file_ref idref="fl-2a"/>
      </object_component>
      <object_component id="oc-43b">
         <name>.text:_outs</name>
         <load_address>0xdb14</load_address>
         <run_address>0xdb14</run_address>
         <size>0x4</size>
         <input_file_ref idref="fl-4b"/>
      </object_component>
      <object_component id="oc-333">
         <name>.text:_system_pre_init</name>
         <load_address>0xdb18</load_address>
         <run_address>0xdb18</run_address>
         <size>0x4</size>
         <input_file_ref idref="fl-4a"/>
      </object_component>
      <object_component id="oc-420">
         <name>.text:_nop</name>
         <load_address>0xdb1c</load_address>
         <run_address>0xdb1c</run_address>
         <size>0x2</size>
         <input_file_ref idref="fl-4c"/>
      </object_component>
      <object_component id="oc-38a">
         <name>.text:_system_post_cinit</name>
         <load_address>0xdb1e</load_address>
         <run_address>0xdb1e</run_address>
         <size>0x2</size>
         <input_file_ref idref="fl-5c"/>
      </object_component>
      <object_component id="oc-59b">
         <name>.bss:parmbuf</name>
         <uninitialized>true</uninitialized>
         <run_address>0x1de4</run_address>
         <size>0x8</size>
         <input_file_ref idref="fl-61"/>
      </object_component>
      <object_component id="oc-53f">
         <name>.bss</name>
         <uninitialized>true</uninitialized>
         <run_address>0x1dec</run_address>
         <size>0x6</size>
         <input_file_ref idref="fl-6b"/>
      </object_component>
      <object_component id="oc-378">
         <name>.common:timer1</name>
         <uninitialized>true</uninitialized>
         <run_address>0x1dce</run_address>
         <size>0x16</size>
      </object_component>
      <object_component id="oc-590">
         <name>.common:__TI_tmpnams</name>
         <uninitialized>true</uninitialized>
         <run_address>0x1d2e</run_address>
         <size>0xa0</size>
      </object_component>
      <object_component id="oc-399">
         <name>.data</name>
         <load_address>0x1d2a</load_address>
         <run_address>0x1d2a</run_address>
         <size>0x2</size>
         <input_file_ref idref="fl-2a"/>
      </object_component>
      <object_component id="oc-3a2">
         <name>.data:__TI_cleanup_ptr</name>
         <load_address>0x1d18</load_address>
         <run_address>0x1d18</run_address>
         <size>0x4</size>
         <input_file_ref idref="fl-2b"/>
      </object_component>
      <object_component id="oc-39f">
         <name>.data:__TI_dtors_ptr</name>
         <load_address>0x1d1c</load_address>
         <run_address>0x1d1c</run_address>
         <size>0x4</size>
         <input_file_ref idref="fl-2b"/>
      </object_component>
      <object_component id="oc-39c">
         <name>.data:_lock</name>
         <load_address>0x1d20</load_address>
         <run_address>0x1d20</run_address>
         <size>0x4</size>
         <input_file_ref idref="fl-4c"/>
      </object_component>
      <object_component id="oc-3a5">
         <name>.data:_unlock</name>
         <load_address>0x1d24</load_address>
         <run_address>0x1d24</run_address>
         <size>0x4</size>
         <input_file_ref idref="fl-4c"/>
      </object_component>
      <object_component id="oc-438">
         <name>.data:_ftable</name>
         <load_address>0x1c78</load_address>
         <run_address>0x1c78</run_address>
         <size>0x78</size>
         <input_file_ref idref="fl-51"/>
      </object_component>
      <object_component id="oc-553">
         <name>.data</name>
         <load_address>0x1d28</load_address>
         <run_address>0x1d28</run_address>
         <size>0x2</size>
         <input_file_ref idref="fl-51"/>
      </object_component>
      <object_component id="oc-526">
         <name>.data:_device</name>
         <load_address>0x1c00</load_address>
         <run_address>0x1c00</run_address>
         <size>0x78</size>
         <input_file_ref idref="fl-55"/>
      </object_component>
      <object_component id="oc-4e5">
         <name>.data:_stream</name>
         <load_address>0x1cf0</load_address>
         <run_address>0x1cf0</run_address>
         <size>0x28</size>
         <input_file_ref idref="fl-55"/>
      </object_component>
      <object_component id="oc-543">
         <name>.data</name>
         <load_address>0x1d2c</load_address>
         <run_address>0x1d2c</run_address>
         <size>0x2</size>
         <input_file_ref idref="fl-6b"/>
      </object_component>
      <object_component id="oc-302">
         <name>.stack</name>
         <uninitialized>true</uninitialized>
         <run_address>0x1f60</run_address>
         <size>0x2</size>
         <input_file_ref idref="fl-24"/>
      </object_component>
      <object_component id="oc-667">
         <name>.stack</name>
         <uninitialized>true</uninitialized>
         <run_address>0x1f60</run_address>
         <size>0x0</size>
      </object_component>
      <object_component id="oc-79">
         <name>.int31</name>
         <load_address>0xffce</load_address>
         <run_address>0xffce</run_address>
         <size>0x2</size>
         <input_file_ref idref="fl-2c"/>
      </object_component>
      <object_component id="oc-7a">
         <name>.int32</name>
         <load_address>0xffd0</load_address>
         <run_address>0xffd0</run_address>
         <size>0x2</size>
         <input_file_ref idref="fl-2d"/>
      </object_component>
      <object_component id="oc-7b">
         <name>.int33</name>
         <load_address>0xffd2</load_address>
         <run_address>0xffd2</run_address>
         <size>0x2</size>
         <input_file_ref idref="fl-2e"/>
      </object_component>
      <object_component id="oc-7c">
         <name>.int34</name>
         <load_address>0xffd4</load_address>
         <run_address>0xffd4</run_address>
         <size>0x2</size>
         <input_file_ref idref="fl-2f"/>
      </object_component>
      <object_component id="oc-7d">
         <name>.int35</name>
         <load_address>0xffd6</load_address>
         <run_address>0xffd6</run_address>
         <size>0x2</size>
         <input_file_ref idref="fl-30"/>
      </object_component>
      <object_component id="oc-7e">
         <name>.int36</name>
         <load_address>0xffd8</load_address>
         <run_address>0xffd8</run_address>
         <size>0x2</size>
         <input_file_ref idref="fl-31"/>
      </object_component>
      <object_component id="oc-7f">
         <name>.int37</name>
         <load_address>0xffda</load_address>
         <run_address>0xffda</run_address>
         <size>0x2</size>
         <input_file_ref idref="fl-32"/>
      </object_component>
      <object_component id="oc-80">
         <name>.int38</name>
         <load_address>0xffdc</load_address>
         <run_address>0xffdc</run_address>
         <size>0x2</size>
         <input_file_ref idref="fl-33"/>
      </object_component>
      <object_component id="oc-81">
         <name>.int39</name>
         <load_address>0xffde</load_address>
         <run_address>0xffde</run_address>
         <size>0x2</size>
         <input_file_ref idref="fl-34"/>
      </object_component>
      <object_component id="oc-82">
         <name>.int40</name>
         <load_address>0xffe0</load_address>
         <run_address>0xffe0</run_address>
         <size>0x2</size>
         <input_file_ref idref="fl-35"/>
      </object_component>
      <object_component id="oc-83">
         <name>.int41</name>
         <load_address>0xffe2</load_address>
         <run_address>0xffe2</run_address>
         <size>0x2</size>
         <input_file_ref idref="fl-36"/>
      </object_component>
      <object_component id="oc-84">
         <name>.int42</name>
         <load_address>0xffe4</load_address>
         <run_address>0xffe4</run_address>
         <size>0x2</size>
         <input_file_ref idref="fl-37"/>
      </object_component>
      <object_component id="oc-85">
         <name>.int43</name>
         <load_address>0xffe6</load_address>
         <run_address>0xffe6</run_address>
         <size>0x2</size>
         <input_file_ref idref="fl-38"/>
      </object_component>
      <object_component id="oc-86">
         <name>.int44</name>
         <load_address>0xffe8</load_address>
         <run_address>0xffe8</run_address>
         <size>0x2</size>
         <input_file_ref idref="fl-3"/>
      </object_component>
      <object_component id="oc-87">
         <name>.int45</name>
         <load_address>0xffea</load_address>
         <run_address>0xffea</run_address>
         <size>0x2</size>
         <input_file_ref idref="fl-39"/>
      </object_component>
      <object_component id="oc-88">
         <name>.int46</name>
         <load_address>0xffec</load_address>
         <run_address>0xffec</run_address>
         <size>0x2</size>
         <input_file_ref idref="fl-3a"/>
      </object_component>
      <object_component id="oc-89">
         <name>.int47</name>
         <load_address>0xffee</load_address>
         <run_address>0xffee</run_address>
         <size>0x2</size>
         <input_file_ref idref="fl-3b"/>
      </object_component>
      <object_component id="oc-8a">
         <name>.int48</name>
         <load_address>0xfff0</load_address>
         <run_address>0xfff0</run_address>
         <size>0x2</size>
         <input_file_ref idref="fl-3c"/>
      </object_component>
      <object_component id="oc-8b">
         <name>.int49</name>
         <load_address>0xfff2</load_address>
         <run_address>0xfff2</run_address>
         <size>0x2</size>
         <input_file_ref idref="fl-3d"/>
      </object_component>
      <object_component id="oc-8c">
         <name>.int50</name>
         <load_address>0xfff4</load_address>
         <run_address>0xfff4</run_address>
         <size>0x2</size>
         <input_file_ref idref="fl-3e"/>
      </object_component>
      <object_component id="oc-8d">
         <name>.int51</name>
         <load_address>0xfff6</load_address>
         <run_address>0xfff6</run_address>
         <size>0x2</size>
         <input_file_ref idref="fl-3f"/>
      </object_component>
      <object_component id="oc-8e">
         <name>.int52</name>
         <load_address>0xfff8</load_address>
         <run_address>0xfff8</run_address>
         <size>0x2</size>
         <input_file_ref idref="fl-40"/>
      </object_component>
      <object_component id="oc-8f">
         <name>.int53</name>
         <load_address>0xfffa</load_address>
         <run_address>0xfffa</run_address>
         <size>0x2</size>
         <input_file_ref idref="fl-41"/>
      </object_component>
      <object_component id="oc-90">
         <name>.int54</name>
         <load_address>0xfffc</load_address>
         <run_address>0xfffc</run_address>
         <size>0x2</size>
         <input_file_ref idref="fl-42"/>
      </object_component>
      <object_component id="oc-305">
         <name>.reset</name>
         <load_address>0xfffe</load_address>
         <run_address>0xfffe</run_address>
         <size>0x2</size>
         <input_file_ref idref="fl-24"/>
      </object_component>
      <object_component id="oc-3fb">
         <name>.debug_info</name>
         <load_address>0x0</load_address>
         <run_address>0x0</run_address>
         <size>0x20d</size>
         <input_file_ref idref="fl-2"/>
      </object_component>
      <object_component id="oc-3ac">
         <name>.debug_info</name>
         <load_address>0x20d</load_address>
         <run_address>0x20d</run_address>
         <size>0x13d</size>
         <input_file_ref idref="fl-2"/>
      </object_component>
      <object_component id="oc-3c4">
         <name>.debug_info</name>
         <load_address>0x34a</load_address>
         <run_address>0x34a</run_address>
         <size>0x150</size>
         <input_file_ref idref="fl-2"/>
      </object_component>
      <object_component id="oc-3cc">
         <name>.debug_info</name>
         <load_address>0x49a</load_address>
         <run_address>0x49a</run_address>
         <size>0x163</size>
         <input_file_ref idref="fl-2"/>
      </object_component>
      <object_component id="oc-3b2">
         <name>.debug_info</name>
         <load_address>0x5fd</load_address>
         <run_address>0x5fd</run_address>
         <size>0x18f</size>
         <input_file_ref idref="fl-2"/>
      </object_component>
      <object_component id="oc-3be">
         <name>.debug_info</name>
         <load_address>0x78c</load_address>
         <run_address>0x78c</run_address>
         <size>0x18f</size>
         <input_file_ref idref="fl-2"/>
      </object_component>
      <object_component id="oc-37d">
         <name>.debug_info</name>
         <load_address>0x91b</load_address>
         <run_address>0x91b</run_address>
         <size>0x159</size>
         <input_file_ref idref="fl-2"/>
      </object_component>
      <object_component id="oc-3eb">
         <name>.debug_info</name>
         <load_address>0xa74</load_address>
         <run_address>0xa74</run_address>
         <size>0x1cd</size>
         <input_file_ref idref="fl-2"/>
      </object_component>
      <object_component id="oc-369">
         <name>.debug_info</name>
         <load_address>0xc41</load_address>
         <run_address>0xc41</run_address>
         <size>0x84</size>
         <input_file_ref idref="fl-2"/>
      </object_component>
      <object_component id="oc-3f0">
         <name>.debug_info</name>
         <load_address>0xcc5</load_address>
         <run_address>0xcc5</run_address>
         <size>0x18b</size>
         <input_file_ref idref="fl-2"/>
      </object_component>
      <object_component id="oc-3f5">
         <name>.debug_info</name>
         <load_address>0xe50</load_address>
         <run_address>0xe50</run_address>
         <size>0x7b</size>
         <input_file_ref idref="fl-2"/>
      </object_component>
      <object_component id="oc-379">
         <name>.debug_info</name>
         <load_address>0xecb</load_address>
         <run_address>0xecb</run_address>
         <size>0x40d</size>
         <input_file_ref idref="fl-3"/>
      </object_component>
      <object_component id="oc-356">
         <name>.debug_info</name>
         <load_address>0x12d8</load_address>
         <run_address>0x12d8</run_address>
         <size>0x208</size>
         <input_file_ref idref="fl-3"/>
      </object_component>
      <object_component id="oc-3b9">
         <name>.debug_info</name>
         <load_address>0x14e0</load_address>
         <run_address>0x14e0</run_address>
         <size>0x11c</size>
         <input_file_ref idref="fl-3"/>
      </object_component>
      <object_component id="oc-328">
         <name>.debug_info</name>
         <load_address>0x15fc</load_address>
         <run_address>0x15fc</run_address>
         <size>0x142</size>
         <input_file_ref idref="fl-3"/>
      </object_component>
      <object_component id="oc-3e6">
         <name>.debug_info</name>
         <load_address>0x173e</load_address>
         <run_address>0x173e</run_address>
         <size>0xe5</size>
         <input_file_ref idref="fl-3"/>
      </object_component>
      <object_component id="oc-303">
         <name>.debug_info</name>
         <load_address>0x1823</load_address>
         <run_address>0x1823</run_address>
         <size>0x111</size>
         <input_file_ref idref="fl-24"/>
      </object_component>
      <object_component id="oc-a4">
         <name>.debug_info</name>
         <load_address>0x1934</load_address>
         <run_address>0x1934</run_address>
         <size>0x1a3</size>
         <input_file_ref idref="fl-25"/>
      </object_component>
      <object_component id="oc-314">
         <name>.debug_info</name>
         <load_address>0x1ad7</load_address>
         <run_address>0x1ad7</run_address>
         <size>0x1eb</size>
         <input_file_ref idref="fl-26"/>
      </object_component>
      <object_component id="oc-71">
         <name>.debug_info</name>
         <load_address>0x1cc2</load_address>
         <run_address>0x1cc2</run_address>
         <size>0x203</size>
         <input_file_ref idref="fl-26"/>
      </object_component>
      <object_component id="oc-30f">
         <name>.debug_info</name>
         <load_address>0x1ec5</load_address>
         <run_address>0x1ec5</run_address>
         <size>0x46</size>
         <input_file_ref idref="fl-26"/>
      </object_component>
      <object_component id="oc-31c">
         <name>.debug_info</name>
         <load_address>0x1f0b</load_address>
         <run_address>0x1f0b</run_address>
         <size>0x1f0</size>
         <input_file_ref idref="fl-27"/>
      </object_component>
      <object_component id="oc-317">
         <name>.debug_info</name>
         <load_address>0x20fb</load_address>
         <run_address>0x20fb</run_address>
         <size>0x2dc</size>
         <input_file_ref idref="fl-27"/>
      </object_component>
      <object_component id="oc-75">
         <name>.debug_info</name>
         <load_address>0x23d7</load_address>
         <run_address>0x23d7</run_address>
         <size>0x1dc</size>
         <input_file_ref idref="fl-27"/>
      </object_component>
      <object_component id="oc-31d">
         <name>.debug_info</name>
         <load_address>0x25b3</load_address>
         <run_address>0x25b3</run_address>
         <size>0x39</size>
         <input_file_ref idref="fl-27"/>
      </object_component>
      <object_component id="oc-30c">
         <name>.debug_info</name>
         <load_address>0x25ec</load_address>
         <run_address>0x25ec</run_address>
         <size>0x135</size>
         <input_file_ref idref="fl-29"/>
      </object_component>
      <object_component id="oc-3a9">
         <name>.debug_info</name>
         <load_address>0x2721</load_address>
         <run_address>0x2721</run_address>
         <size>0x26b</size>
         <input_file_ref idref="fl-2a"/>
      </object_component>
      <object_component id="oc-39a">
         <name>.debug_info</name>
         <load_address>0x298c</load_address>
         <run_address>0x298c</run_address>
         <size>0x143</size>
         <input_file_ref idref="fl-2a"/>
      </object_component>
      <object_component id="oc-35c">
         <name>.debug_info</name>
         <load_address>0x2acf</load_address>
         <run_address>0x2acf</run_address>
         <size>0x133</size>
         <input_file_ref idref="fl-2a"/>
      </object_component>
      <object_component id="oc-347">
         <name>.debug_info</name>
         <load_address>0x2c02</load_address>
         <run_address>0x2c02</run_address>
         <size>0x1a8</size>
         <input_file_ref idref="fl-2a"/>
      </object_component>
      <object_component id="oc-42b">
         <name>.debug_info</name>
         <load_address>0x2daa</load_address>
         <run_address>0x2daa</run_address>
         <size>0x114</size>
         <input_file_ref idref="fl-2b"/>
      </object_component>
      <object_component id="oc-3a3">
         <name>.debug_info</name>
         <load_address>0x2ebe</load_address>
         <run_address>0x2ebe</run_address>
         <size>0x12b</size>
         <input_file_ref idref="fl-2b"/>
      </object_component>
      <object_component id="oc-3a0">
         <name>.debug_info</name>
         <load_address>0x2fe9</load_address>
         <run_address>0x2fe9</run_address>
         <size>0x127</size>
         <input_file_ref idref="fl-2b"/>
      </object_component>
      <object_component id="oc-324">
         <name>.debug_info</name>
         <load_address>0x3110</load_address>
         <run_address>0x3110</run_address>
         <size>0x123</size>
         <input_file_ref idref="fl-43"/>
      </object_component>
      <object_component id="oc-3ff">
         <name>.debug_info</name>
         <load_address>0x3233</load_address>
         <run_address>0x3233</run_address>
         <size>0x144</size>
         <input_file_ref idref="fl-46"/>
      </object_component>
      <object_component id="oc-337">
         <name>.debug_info</name>
         <load_address>0x3377</load_address>
         <run_address>0x3377</run_address>
         <size>0x164</size>
         <input_file_ref idref="fl-4a"/>
      </object_component>
      <object_component id="oc-44e">
         <name>.debug_info</name>
         <load_address>0x34db</load_address>
         <run_address>0x34db</run_address>
         <size>0x2b8</size>
         <input_file_ref idref="fl-4b"/>
      </object_component>
      <object_component id="oc-443">
         <name>.debug_info</name>
         <load_address>0x3793</load_address>
         <run_address>0x3793</run_address>
         <size>0x173</size>
         <input_file_ref idref="fl-4b"/>
      </object_component>
      <object_component id="oc-43c">
         <name>.debug_info</name>
         <load_address>0x3906</load_address>
         <run_address>0x3906</run_address>
         <size>0x177</size>
         <input_file_ref idref="fl-4b"/>
      </object_component>
      <object_component id="oc-3d3">
         <name>.debug_info</name>
         <load_address>0x3a7d</load_address>
         <run_address>0x3a7d</run_address>
         <size>0x195</size>
         <input_file_ref idref="fl-4b"/>
      </object_component>
      <object_component id="oc-491">
         <name>.debug_info</name>
         <load_address>0x3c12</load_address>
         <run_address>0x3c12</run_address>
         <size>0xae</size>
         <input_file_ref idref="fl-4b"/>
      </object_component>
      <object_component id="oc-485">
         <name>.debug_info</name>
         <load_address>0x3cc0</load_address>
         <run_address>0x3cc0</run_address>
         <size>0x2c</size>
         <input_file_ref idref="fl-4b"/>
      </object_component>
      <object_component id="oc-428">
         <name>.debug_info</name>
         <load_address>0x3cec</load_address>
         <run_address>0x3cec</run_address>
         <size>0x174</size>
         <input_file_ref idref="fl-4c"/>
      </object_component>
      <object_component id="oc-39d">
         <name>.debug_info</name>
         <load_address>0x3e60</load_address>
         <run_address>0x3e60</run_address>
         <size>0x110</size>
         <input_file_ref idref="fl-4c"/>
      </object_component>
      <object_component id="oc-3a6">
         <name>.debug_info</name>
         <load_address>0x3f70</load_address>
         <run_address>0x3f70</run_address>
         <size>0x114</size>
         <input_file_ref idref="fl-4c"/>
      </object_component>
      <object_component id="oc-421">
         <name>.debug_info</name>
         <load_address>0x4084</load_address>
         <run_address>0x4084</run_address>
         <size>0x13f</size>
         <input_file_ref idref="fl-4c"/>
      </object_component>
      <object_component id="oc-484">
         <name>.debug_info</name>
         <load_address>0x41c3</load_address>
         <run_address>0x41c3</run_address>
         <size>0x35d</size>
         <input_file_ref idref="fl-4d"/>
      </object_component>
      <object_component id="oc-4c1">
         <name>.debug_info</name>
         <load_address>0x4520</load_address>
         <run_address>0x4520</run_address>
         <size>0x2ac</size>
         <input_file_ref idref="fl-4d"/>
      </object_component>
      <object_component id="oc-47f">
         <name>.debug_info</name>
         <load_address>0x47cc</load_address>
         <run_address>0x47cc</run_address>
         <size>0x2a0</size>
         <input_file_ref idref="fl-4d"/>
      </object_component>
      <object_component id="oc-449">
         <name>.debug_info</name>
         <load_address>0x4a6c</load_address>
         <run_address>0x4a6c</run_address>
         <size>0x2f8</size>
         <input_file_ref idref="fl-4d"/>
      </object_component>
      <object_component id="oc-48a">
         <name>.debug_info</name>
         <load_address>0x4d64</load_address>
         <run_address>0x4d64</run_address>
         <size>0x86</size>
         <input_file_ref idref="fl-4d"/>
      </object_component>
      <object_component id="oc-4f8">
         <name>.debug_info</name>
         <load_address>0x4dea</load_address>
         <run_address>0x4dea</run_address>
         <size>0x39</size>
         <input_file_ref idref="fl-4d"/>
      </object_component>
      <object_component id="oc-4ce">
         <name>.debug_info</name>
         <load_address>0x4e23</load_address>
         <run_address>0x4e23</run_address>
         <size>0x2c</size>
         <input_file_ref idref="fl-4d"/>
      </object_component>
      <object_component id="oc-391">
         <name>.debug_info</name>
         <load_address>0x4e4f</load_address>
         <run_address>0x4e4f</run_address>
         <size>0x41e</size>
         <input_file_ref idref="fl-4f"/>
      </object_component>
      <object_component id="oc-33c">
         <name>.debug_info</name>
         <load_address>0x526d</load_address>
         <run_address>0x526d</run_address>
         <size>0x23e</size>
         <input_file_ref idref="fl-4f"/>
      </object_component>
      <object_component id="oc-40d">
         <name>.debug_info</name>
         <load_address>0x54ab</load_address>
         <run_address>0x54ab</run_address>
         <size>0x39</size>
         <input_file_ref idref="fl-4f"/>
      </object_component>
      <object_component id="oc-392">
         <name>.debug_info</name>
         <load_address>0x54e4</load_address>
         <run_address>0x54e4</run_address>
         <size>0x2c</size>
         <input_file_ref idref="fl-4f"/>
      </object_component>
      <object_component id="oc-412">
         <name>.debug_info</name>
         <load_address>0x5510</load_address>
         <run_address>0x5510</run_address>
         <size>0xcd</size>
         <input_file_ref idref="fl-4f"/>
      </object_component>
      <object_component id="oc-409">
         <name>.debug_info</name>
         <load_address>0x55dd</load_address>
         <run_address>0x55dd</run_address>
         <size>0x2c8</size>
         <input_file_ref idref="fl-50"/>
      </object_component>
      <object_component id="oc-388">
         <name>.debug_info</name>
         <load_address>0x58a5</load_address>
         <run_address>0x58a5</run_address>
         <size>0x228</size>
         <input_file_ref idref="fl-50"/>
      </object_component>
      <object_component id="oc-45b">
         <name>.debug_info</name>
         <load_address>0x5acd</load_address>
         <run_address>0x5acd</run_address>
         <size>0x2c</size>
         <input_file_ref idref="fl-50"/>
      </object_component>
      <object_component id="oc-3da">
         <name>.debug_info</name>
         <load_address>0x5af9</load_address>
         <run_address>0x5af9</run_address>
         <size>0x2c</size>
         <input_file_ref idref="fl-50"/>
      </object_component>
      <object_component id="oc-467">
         <name>.debug_info</name>
         <load_address>0x5b25</load_address>
         <run_address>0x5b25</run_address>
         <size>0x14f</size>
         <input_file_ref idref="fl-51"/>
      </object_component>
      <object_component id="oc-439">
         <name>.debug_info</name>
         <load_address>0x5c74</load_address>
         <run_address>0x5c74</run_address>
         <size>0x113</size>
         <input_file_ref idref="fl-51"/>
      </object_component>
      <object_component id="oc-554">
         <name>.debug_info</name>
         <load_address>0x5d87</load_address>
         <run_address>0x5d87</run_address>
         <size>0x11b</size>
         <input_file_ref idref="fl-51"/>
      </object_component>
      <object_component id="oc-4f3">
         <name>.debug_info</name>
         <load_address>0x5ea2</load_address>
         <run_address>0x5ea2</run_address>
         <size>0x135</size>
         <input_file_ref idref="fl-52"/>
      </object_component>
      <object_component id="oc-4b5">
         <name>.debug_info</name>
         <load_address>0x5fd7</load_address>
         <run_address>0x5fd7</run_address>
         <size>0x26c</size>
         <input_file_ref idref="fl-53"/>
      </object_component>
      <object_component id="oc-471">
         <name>.debug_info</name>
         <load_address>0x6243</load_address>
         <run_address>0x6243</run_address>
         <size>0x1e1</size>
         <input_file_ref idref="fl-53"/>
      </object_component>
      <object_component id="oc-4b3">
         <name>.debug_info</name>
         <load_address>0x6424</load_address>
         <run_address>0x6424</run_address>
         <size>0x330</size>
         <input_file_ref idref="fl-54"/>
      </object_component>
      <object_component id="oc-46d">
         <name>.debug_info</name>
         <load_address>0x6754</load_address>
         <run_address>0x6754</run_address>
         <size>0x2d8</size>
         <input_file_ref idref="fl-54"/>
      </object_component>
      <object_component id="oc-4e9">
         <name>.debug_info</name>
         <load_address>0x6a2c</load_address>
         <run_address>0x6a2c</run_address>
         <size>0x4b1</size>
         <input_file_ref idref="fl-55"/>
      </object_component>
      <object_component id="oc-527">
         <name>.debug_info</name>
         <load_address>0x6edd</load_address>
         <run_address>0x6edd</run_address>
         <size>0x114</size>
         <input_file_ref idref="fl-55"/>
      </object_component>
      <object_component id="oc-4e6">
         <name>.debug_info</name>
         <load_address>0x6ff1</load_address>
         <run_address>0x6ff1</run_address>
         <size>0x114</size>
         <input_file_ref idref="fl-55"/>
      </object_component>
      <object_component id="oc-4ad">
         <name>.debug_info</name>
         <load_address>0x7105</load_address>
         <run_address>0x7105</run_address>
         <size>0x1a0</size>
         <input_file_ref idref="fl-55"/>
      </object_component>
      <object_component id="oc-5e7">
         <name>.debug_info</name>
         <load_address>0x72a5</load_address>
         <run_address>0x72a5</run_address>
         <size>0x199</size>
         <input_file_ref idref="fl-55"/>
      </object_component>
      <object_component id="oc-5c4">
         <name>.debug_info</name>
         <load_address>0x743e</load_address>
         <run_address>0x743e</run_address>
         <size>0x1f2</size>
         <input_file_ref idref="fl-55"/>
      </object_component>
      <object_component id="oc-593">
         <name>.debug_info</name>
         <load_address>0x7630</load_address>
         <run_address>0x7630</run_address>
         <size>0x1b9</size>
         <input_file_ref idref="fl-55"/>
      </object_component>
      <object_component id="oc-501">
         <name>.debug_info</name>
         <load_address>0x77e9</load_address>
         <run_address>0x77e9</run_address>
         <size>0x1ab</size>
         <input_file_ref idref="fl-55"/>
      </object_component>
      <object_component id="oc-58c">
         <name>.debug_info</name>
         <load_address>0x7994</load_address>
         <run_address>0x7994</run_address>
         <size>0x19f</size>
         <input_file_ref idref="fl-55"/>
      </object_component>
      <object_component id="oc-52d">
         <name>.debug_info</name>
         <load_address>0x7b33</load_address>
         <run_address>0x7b33</run_address>
         <size>0x120</size>
         <input_file_ref idref="fl-55"/>
      </object_component>
      <object_component id="oc-532">
         <name>.debug_info</name>
         <load_address>0x7c53</load_address>
         <run_address>0x7c53</run_address>
         <size>0x2c</size>
         <input_file_ref idref="fl-55"/>
      </object_component>
      <object_component id="oc-4fe">
         <name>.debug_info</name>
         <load_address>0x7c7f</load_address>
         <run_address>0x7c7f</run_address>
         <size>0x17f</size>
         <input_file_ref idref="fl-57"/>
      </object_component>
      <object_component id="oc-4c7">
         <name>.debug_info</name>
         <load_address>0x7dfe</load_address>
         <run_address>0x7dfe</run_address>
         <size>0x1c7</size>
         <input_file_ref idref="fl-57"/>
      </object_component>
      <object_component id="oc-4e2">
         <name>.debug_info</name>
         <load_address>0x7fc5</load_address>
         <run_address>0x7fc5</run_address>
         <size>0x189</size>
         <input_file_ref idref="fl-58"/>
      </object_component>
      <object_component id="oc-4a2">
         <name>.debug_info</name>
         <load_address>0x814e</load_address>
         <run_address>0x814e</run_address>
         <size>0x287</size>
         <input_file_ref idref="fl-58"/>
      </object_component>
      <object_component id="oc-458">
         <name>.debug_info</name>
         <load_address>0x83d5</load_address>
         <run_address>0x83d5</run_address>
         <size>0x189</size>
         <input_file_ref idref="fl-59"/>
      </object_component>
      <object_component id="oc-404">
         <name>.debug_info</name>
         <load_address>0x855e</load_address>
         <run_address>0x855e</run_address>
         <size>0x1ad</size>
         <input_file_ref idref="fl-59"/>
      </object_component>
      <object_component id="oc-4f1">
         <name>.debug_info</name>
         <load_address>0x870b</load_address>
         <run_address>0x870b</run_address>
         <size>0x17e</size>
         <input_file_ref idref="fl-5a"/>
      </object_component>
      <object_component id="oc-4ba">
         <name>.debug_info</name>
         <load_address>0x8889</load_address>
         <run_address>0x8889</run_address>
         <size>0x2ac</size>
         <input_file_ref idref="fl-5a"/>
      </object_component>
      <object_component id="oc-38c">
         <name>.debug_info</name>
         <load_address>0x8b35</load_address>
         <run_address>0x8b35</run_address>
         <size>0x161</size>
         <input_file_ref idref="fl-5c"/>
      </object_component>
      <object_component id="oc-5f4">
         <name>.debug_info</name>
         <load_address>0x8c96</load_address>
         <run_address>0x8c96</run_address>
         <size>0x183</size>
         <input_file_ref idref="fl-5d"/>
      </object_component>
      <object_component id="oc-5db">
         <name>.debug_info</name>
         <load_address>0x8e19</load_address>
         <run_address>0x8e19</run_address>
         <size>0x29c</size>
         <input_file_ref idref="fl-5d"/>
      </object_component>
      <object_component id="oc-603">
         <name>.debug_info</name>
         <load_address>0x90b5</load_address>
         <run_address>0x90b5</run_address>
         <size>0x173</size>
         <input_file_ref idref="fl-5e"/>
      </object_component>
      <object_component id="oc-5f8">
         <name>.debug_info</name>
         <load_address>0x9228</load_address>
         <run_address>0x9228</run_address>
         <size>0x2aa</size>
         <input_file_ref idref="fl-5e"/>
      </object_component>
      <object_component id="oc-4b7">
         <name>.debug_info</name>
         <load_address>0x94d2</load_address>
         <run_address>0x94d2</run_address>
         <size>0x173</size>
         <input_file_ref idref="fl-5f"/>
      </object_component>
      <object_component id="oc-479">
         <name>.debug_info</name>
         <load_address>0x9645</load_address>
         <run_address>0x9645</run_address>
         <size>0x267</size>
         <input_file_ref idref="fl-5f"/>
      </object_component>
      <object_component id="oc-5f6">
         <name>.debug_info</name>
         <load_address>0x98ac</load_address>
         <run_address>0x98ac</run_address>
         <size>0x17f</size>
         <input_file_ref idref="fl-60"/>
      </object_component>
      <object_component id="oc-5e2">
         <name>.debug_info</name>
         <load_address>0x9a2b</load_address>
         <run_address>0x9a2b</run_address>
         <size>0x29c</size>
         <input_file_ref idref="fl-60"/>
      </object_component>
      <object_component id="oc-5ab">
         <name>.debug_info</name>
         <load_address>0x9cc7</load_address>
         <run_address>0x9cc7</run_address>
         <size>0x2dd</size>
         <input_file_ref idref="fl-61"/>
      </object_component>
      <object_component id="oc-59c">
         <name>.debug_info</name>
         <load_address>0x9fa4</load_address>
         <run_address>0x9fa4</run_address>
         <size>0x114</size>
         <input_file_ref idref="fl-61"/>
      </object_component>
      <object_component id="oc-56d">
         <name>.debug_info</name>
         <load_address>0xa0b8</load_address>
         <run_address>0xa0b8</run_address>
         <size>0x208</size>
         <input_file_ref idref="fl-61"/>
      </object_component>
      <object_component id="oc-579">
         <name>.debug_info</name>
         <load_address>0xa2c0</load_address>
         <run_address>0xa2c0</run_address>
         <size>0x1cc</size>
         <input_file_ref idref="fl-61"/>
      </object_component>
      <object_component id="oc-580">
         <name>.debug_info</name>
         <load_address>0xa48c</load_address>
         <run_address>0xa48c</run_address>
         <size>0x23e</size>
         <input_file_ref idref="fl-61"/>
      </object_component>
      <object_component id="oc-568">
         <name>.debug_info</name>
         <load_address>0xa6ca</load_address>
         <run_address>0xa6ca</run_address>
         <size>0x206</size>
         <input_file_ref idref="fl-61"/>
      </object_component>
      <object_component id="oc-55c">
         <name>.debug_info</name>
         <load_address>0xa8d0</load_address>
         <run_address>0xa8d0</run_address>
         <size>0x217</size>
         <input_file_ref idref="fl-61"/>
      </object_component>
      <object_component id="oc-574">
         <name>.debug_info</name>
         <load_address>0xaae7</load_address>
         <run_address>0xaae7</run_address>
         <size>0x253</size>
         <input_file_ref idref="fl-61"/>
      </object_component>
      <object_component id="oc-562">
         <name>.debug_info</name>
         <load_address>0xad3a</load_address>
         <run_address>0xad3a</run_address>
         <size>0x1c4</size>
         <input_file_ref idref="fl-61"/>
      </object_component>
      <object_component id="oc-5d2">
         <name>.debug_info</name>
         <load_address>0xaefe</load_address>
         <run_address>0xaefe</run_address>
         <size>0x1a4</size>
         <input_file_ref idref="fl-62"/>
      </object_component>
      <object_component id="oc-5cf">
         <name>.debug_info</name>
         <load_address>0xb0a2</load_address>
         <run_address>0xb0a2</run_address>
         <size>0x117</size>
         <input_file_ref idref="fl-62"/>
      </object_component>
      <object_component id="oc-5a0">
         <name>.debug_info</name>
         <load_address>0xb1b9</load_address>
         <run_address>0xb1b9</run_address>
         <size>0x1f0</size>
         <input_file_ref idref="fl-62"/>
      </object_component>
      <object_component id="oc-5a5">
         <name>.debug_info</name>
         <load_address>0xb3a9</load_address>
         <run_address>0xb3a9</run_address>
         <size>0x1ab</size>
         <input_file_ref idref="fl-62"/>
      </object_component>
      <object_component id="oc-4e0">
         <name>.debug_info</name>
         <load_address>0xb554</load_address>
         <run_address>0xb554</run_address>
         <size>0x1de</size>
         <input_file_ref idref="fl-63"/>
      </object_component>
      <object_component id="oc-49c">
         <name>.debug_info</name>
         <load_address>0xb732</load_address>
         <run_address>0xb732</run_address>
         <size>0x1a7</size>
         <input_file_ref idref="fl-63"/>
      </object_component>
      <object_component id="oc-51b">
         <name>.debug_info</name>
         <load_address>0xb8d9</load_address>
         <run_address>0xb8d9</run_address>
         <size>0xbb</size>
         <input_file_ref idref="fl-63"/>
      </object_component>
      <object_component id="oc-5b0">
         <name>.debug_info</name>
         <load_address>0xb994</load_address>
         <run_address>0xb994</run_address>
         <size>0x13a</size>
         <input_file_ref idref="fl-64"/>
      </object_component>
      <object_component id="oc-4e4">
         <name>.debug_info</name>
         <load_address>0xbace</load_address>
         <run_address>0xbace</run_address>
         <size>0x230</size>
         <input_file_ref idref="fl-65"/>
      </object_component>
      <object_component id="oc-4a9">
         <name>.debug_info</name>
         <load_address>0xbcfe</load_address>
         <run_address>0xbcfe</run_address>
         <size>0x195</size>
         <input_file_ref idref="fl-65"/>
      </object_component>
      <object_component id="oc-506">
         <name>.debug_info</name>
         <load_address>0xbe93</load_address>
         <run_address>0xbe93</run_address>
         <size>0x20d</size>
         <input_file_ref idref="fl-66"/>
      </object_component>
      <object_component id="oc-4d5">
         <name>.debug_info</name>
         <load_address>0xc0a0</load_address>
         <run_address>0xc0a0</run_address>
         <size>0x1fa</size>
         <input_file_ref idref="fl-66"/>
      </object_component>
      <object_component id="oc-5b5">
         <name>.debug_info</name>
         <load_address>0xc29a</load_address>
         <run_address>0xc29a</run_address>
         <size>0x13a</size>
         <input_file_ref idref="fl-67"/>
      </object_component>
      <object_component id="oc-51a">
         <name>.debug_info</name>
         <load_address>0xc3d4</load_address>
         <run_address>0xc3d4</run_address>
         <size>0x24e</size>
         <input_file_ref idref="fl-68"/>
      </object_component>
      <object_component id="oc-4da">
         <name>.debug_info</name>
         <load_address>0xc622</load_address>
         <run_address>0xc622</run_address>
         <size>0x20f</size>
         <input_file_ref idref="fl-68"/>
      </object_component>
      <object_component id="oc-5d9">
         <name>.debug_info</name>
         <load_address>0xc831</load_address>
         <run_address>0xc831</run_address>
         <size>0x17e</size>
         <input_file_ref idref="fl-69"/>
      </object_component>
      <object_component id="oc-5be">
         <name>.debug_info</name>
         <load_address>0xc9af</load_address>
         <run_address>0xc9af</run_address>
         <size>0x283</size>
         <input_file_ref idref="fl-69"/>
      </object_component>
      <object_component id="oc-515">
         <name>.debug_info</name>
         <load_address>0xcc32</load_address>
         <run_address>0xcc32</run_address>
         <size>0x187</size>
         <input_file_ref idref="fl-6a"/>
      </object_component>
      <object_component id="oc-370">
         <name>.debug_info</name>
         <load_address>0xcdb9</load_address>
         <run_address>0xcdb9</run_address>
         <size>0x24e</size>
         <input_file_ref idref="fl-6b"/>
      </object_component>
      <object_component id="oc-307">
         <name>.debug_info</name>
[...]
         <value>0xd9d0</value>
         <object_component_ref idref="oc-37c"/>
      </symbol>
      <symbol id="sm-2df">
         <name>_ZN8TimeTest5startEv</name>
         <value>0xdaec</value>
         <object_component_ref idref="oc-3c3"/>
      </symbol>
      <symbol id="sm-30e">
         <name>timer1</name>
         <value>0x1dce</value>
      </symbol>
      <symbol id="sm-30f">
         <name>__TI_int44</name>
         <value>0xffe8</value>
         <object_component_ref idref="oc-86"/>
      </symbol>
      <symbol id="sm-310">
         <name>main</name>
         <value>0xc800</value>
         <object_component_ref idref="oc-353"/>
      </symbol>
      <symbol id="sm-311">
         <name>_Z13TIMER0_A1_ISRv</name>
         <value>0xda8c</value>
         <object_component_ref idref="oc-327"/>
      </symbol>
      <symbol id="sm-312">
         <name>_Z9ledTogglev</name>
         <value>0xdadc</value>
         <object_component_ref idref="oc-3b7"/>
      </symbol>
      <symbol id="sm-31a">
         <name>_stack</name>
         <value>0x1f60</value>
         <object_component_ref idref="oc-302"/>
      </symbol>
      <symbol id="sm-31b">
         <name>_reset_vector</name>
         <value>0xfffe</value>
         <object_component_ref idref="oc-305"/>
      </symbol>
      <symbol id="sm-325">
         <name>_c_int00_noargs</name>
         <value>0xd9b4</value>
         <object_component_ref idref="oc-a3"/>
      </symbol>
      <symbol id="sm-336">
         <name>__TI_decompress_none</name>
         <value>0xd7e6</value>
         <object_component_ref idref="oc-6d"/>
      </symbol>
      <symbol id="sm-35a">
         <name>__TI_decompress_rle24</name>
         <value>0xdac0</value>
         <object_component_ref idref="oc-73"/>
      </symbol>
      <symbol id="sm-366">
         <name>__memcpy_far</name>
         <value>0xd6ea</value>
         <object_component_ref idref="oc-309"/>
      </symbol>
      <symbol id="sm-383">
         <name>C$$EXIT</name>
         <value>0xdb0e</value>
         <object_component_ref idref="oc-35b"/>
      </symbol>
      <symbol id="sm-384">
         <name>abort</name>
         <value>0xdb0e</value>
         <object_component_ref idref="oc-35b"/>
      </symbol>
      <symbol id="sm-385">
         <name>exit</name>
         <value>0xd61a</value>
         <object_component_ref idref="oc-345"/>
      </symbol>
      <symbol id="sm-386">
         <name>__TI_enable_exit_profile_output</name>
         <value>0x1d2a</value>
         <object_component_ref idref="oc-399"/>
      </symbol>
      <symbol id="sm-395">
         <name>__TI_dtors_ptr</name>
         <value>0x1d1c</value>
         <object_component_ref idref="oc-39f"/>
      </symbol>
      <symbol id="sm-396">
         <name>__TI_cleanup_ptr</name>
         <value>0x1d18</value>
         <object_component_ref idref="oc-3a2"/>
      </symbol>
      <symbol id="sm-399">
         <name>__TI_int31</name>
         <value>0xffce</value>
         <object_component_ref idref="oc-79"/>
      </symbol>
      <symbol id="sm-39c">
         <name>__TI_int32</name>
         <value>0xffd0</value>
         <object_component_ref idref="oc-7a"/>
      </symbol>
      <symbol id="sm-39f">
         <name>__TI_int33</name>
         <value>0xffd2</value>
         <object_component_ref idref="oc-7b"/>
      </symbol>
      <symbol id="sm-3a2">
         <name>__TI_int34</name>
         <value>0xffd4</value>
         <object_component_ref idref="oc-7c"/>
      </symbol>
      <symbol id="sm-3a5">
         <name>__TI_int35</name>
         <value>0xffd6</value>
         <object_component_ref idref="oc-7d"/>
      </symbol>
      <symbol id="sm-3a8">
         <name>__TI_int36</name>
         <value>0xffd8</value>
         <object_component_ref idref="oc-7e"/>
      </symbol>
      <symbol id="sm-3ab">
         <name>__TI_int37</name>
         <value>0xffda</value>
         <object_component_ref idref="oc-7f"/>
      </symbol>
      <symbol id="sm-3ae">
         <name>__TI_int38</name>
         <value>0xffdc</value>
         <object_component_ref idref="oc-80"/>
      </symbol>
      <symbol id="sm-3b1">
         <name>__TI_int39</name>
         <value>0xffde</value>
         <object_component_ref idref="oc-81"/>
      </symbol>
      <symbol id="sm-3b4">
         <name>__TI_int40</name>
         <value>0xffe0</value>
         <object_component_ref idref="oc-82"/>
      </symbol>
      <symbol id="sm-3b7">
         <name>__TI_int41</name>
         <value>0xffe2</value>
         <object_component_ref idref="oc-83"/>
      </symbol>
      <symbol id="sm-3ba">
         <name>__TI_int42</name>
         <value>0xffe4</value>
         <object_component_ref idref="oc-84"/>
      </symbol>
      <symbol id="sm-3bd">
         <name>__TI_int43</name>
         <value>0xffe6</value>
         <object_component_ref idref="oc-85"/>
      </symbol>
      <symbol id="sm-3c0">
         <name>__TI_int45</name>
         <value>0xffea</value>
         <object_component_ref idref="oc-87"/>
      </symbol>
      <symbol id="sm-3c3">
         <name>__TI_int46</name>
         <value>0xffec</value>
         <object_component_ref idref="oc-88"/>
      </symbol>
      <symbol id="sm-3c6">
         <name>__TI_int47</name>
         <value>0xffee</value>
         <object_component_ref idref="oc-89"/>
      </symbol>
      <symbol id="sm-3c9">
         <name>__TI_int48</name>
         <value>0xfff0</value>
         <object_component_ref idref="oc-8a"/>
      </symbol>
      <symbol id="sm-3cc">
         <name>__TI_int49</name>
         <value>0xfff2</value>
         <object_component_ref idref="oc-8b"/>
      </symbol>
      <symbol id="sm-3cf">
         <name>__TI_int50</name>
         <value>0xfff4</value>
         <object_component_ref idref="oc-8c"/>
      </symbol>
      <symbol id="sm-3d2">
         <name>__TI_int51</name>
         <value>0xfff6</value>
         <object_component_ref idref="oc-8d"/>
      </symbol>
      <symbol id="sm-3d5">
         <name>__TI_int52</name>
         <value>0xfff8</value>
         <object_component_ref idref="oc-8e"/>
      </symbol>
      <symbol id="sm-3d8">
         <name>__TI_int53</name>
         <value>0xfffa</value>
         <object_component_ref idref="oc-8f"/>
      </symbol>
      <symbol id="sm-3db">
         <name>__TI_int54</name>
         <value>0xfffc</value>
         <object_component_ref idref="oc-90"/>
      </symbol>
      <symbol id="sm-3e3">
         <name>__TI_ISR_TRAP</name>
         <value>0xdaf4</value>
         <object_component_ref idref="oc-322"/>
      </symbol>
      <symbol id="sm-3ed">
         <name>__mspabi_mpyi_f5hw</name>
         <value>0xda1e</value>
         <object_component_ref idref="oc-3fd"/>
      </symbol>
      <symbol id="sm-3f9">
         <name>_system_pre_init</name>
         <value>0xdb18</value>
         <object_component_ref idref="oc-333"/>
      </symbol>
      <symbol id="sm-421">
         <name>printf</name>
         <value>0xd72a</value>
         <object_component_ref idref="oc-3d0"/>
      </symbol>
      <symbol id="sm-437">
         <name>_nop</name>
         <value>0xdb1c</value>
         <object_component_ref idref="oc-420"/>
      </symbol>
      <symbol id="sm-438">
         <name>_lock</name>
         <value>0x1d20</value>
         <object_component_ref idref="oc-39c"/>
      </symbol>
      <symbol id="sm-439">
         <name>_unlock</name>
         <value>0x1d24</value>
         <object_component_ref idref="oc-3a5"/>
      </symbol>
      <symbol id="sm-485">
         <name>__TI_printfi_minimal</name>
         <value>0xcafe</value>
         <object_component_ref idref="oc-447"/>
      </symbol>
      <symbol id="sm-4a7">
         <name>_auto_init_hold_wdt</name>
         <value>0xd034</value>
         <object_component_ref idref="oc-339"/>
      </symbol>
      <symbol id="sm-4c3">
         <name>copy_in</name>
         <value>0xce3a</value>
         <object_component_ref idref="oc-384"/>
      </symbol>
      <symbol id="sm-4d3">
         <name>__TI_tmpnams</name>
         <value>0x1d2e</value>
      </symbol>
      <symbol id="sm-4d4">
         <name>_ftable</name>
         <value>0x1c78</value>
         <object_component_ref idref="oc-438"/>
      </symbol>
      <symbol id="sm-4d5">
         <name>__TI_ft_end</name>
         <value>0x1d28</value>
         <object_component_ref idref="oc-553"/>
      </symbol>
      <symbol id="sm-4df">
         <name>__mspabi_remu</name>
         <value>0xda4e</value>
         <object_component_ref idref="oc-4f2"/>
      </symbol>
      <symbol id="sm-4e0">
         <name>__mspabi_divu</name>
         <value>0xda4e</value>
         <object_component_ref idref="oc-4f2"/>
      </symbol>
      <symbol id="sm-4f3">
         <name>putc</name>
         <value>0xd0ca</value>
         <object_component_ref idref="oc-470"/>
      </symbol>
      <symbol id="sm-4f4">
         <name>fputc</name>
         <value>0xd0ca</value>
         <object_component_ref idref="oc-470"/>
      </symbol>
      <symbol id="sm-50c">
         <name>fputs</name>
         <value>0xca20</value>
         <object_component_ref idref="oc-469"/>
      </symbol>
      <symbol id="sm-562">
         <name>lseek</name>
         <value>0xd96a</value>
         <object_component_ref idref="oc-4ff"/>
      </symbol>
      <symbol id="sm-563">
         <name>write</name>
         <value>0xd990</value>
         <object_component_ref idref="oc-4ac"/>
      </symbol>
      <symbol id="sm-564">
         <name>close</name>
         <value>0xd5d0</value>
         <object_component_ref idref="oc-58a"/>
      </symbol>
      <symbol id="sm-565">
         <name>unlink</name>
         <value>0xd940</value>
         <object_component_ref idref="oc-591"/>
      </symbol>
      <symbol id="sm-575">
         <name>memccpy</name>
         <value>0xd9ea</value>
         <object_component_ref idref="oc-4c5"/>
      </symbol>
      <symbol id="sm-584">
         <name>memchr</name>
         <value>0xda64</value>
         <object_component_ref idref="oc-4a0"/>
      </symbol>
      <symbol id="sm-592">
         <name>memcpy</name>
         <value>0xda9e</value>
         <object_component_ref idref="oc-402"/>
      </symbol>
      <symbol id="sm-5a0">
         <name>memset</name>
         <value>0xda78</value>
         <object_component_ref idref="oc-4b8"/>
      </symbol>
      <symbol id="sm-5aa">
         <name>_system_post_cinit</name>
         <value>0xdb1e</value>
         <object_component_ref idref="oc-38a"/>
      </symbol>
      <symbol id="sm-5b9">
         <name>strchr</name>
         <value>0xda04</value>
         <object_component_ref idref="oc-5da"/>
      </symbol>
      <symbol id="sm-5c7">
         <name>strcmp</name>
         <value>0xda36</value>
         <object_component_ref idref="oc-5f7"/>
      </symbol>
      <symbol id="sm-5d4">
         <name>strlen</name>
         <value>0xdace</value>
         <object_component_ref idref="oc-477"/>
      </symbol>
      <symbol id="sm-5e4">
         <name>strncpy</name>
         <value>0xd914</value>
         <object_component_ref idref="oc-5e0"/>
      </symbol>
      <symbol id="sm-623">
         <name>HOSTrename</name>
         <value>0xd2bc</value>
         <object_component_ref idref="oc-57d"/>
      </symbol>
      <symbol id="sm-624">
         <name>HOSTclose</name>
         <value>0xd662</value>
         <object_component_ref idref="oc-55f"/>
      </symbol>
      <symbol id="sm-625">
         <name>HOSTunlink</name>
         <value>0xd6a8</value>
         <object_component_ref idref="oc-577"/>
      </symbol>
      <symbol id="sm-626">
         <name>HOSTlseek</name>
         <value>0xcf98</value>
         <object_component_ref idref="oc-571"/>
      </symbol>
      <symbol id="sm-627">
         <name>HOSTopen</name>
         <value>0xd3f8</value>
         <object_component_ref idref="oc-559"/>
      </symbol>
      <symbol id="sm-628">
         <name>HOSTwrite</name>
         <value>0xd4be</value>
         <object_component_ref idref="oc-56b"/>
      </symbol>
      <symbol id="sm-629">
         <name>HOSTread</name>
         <value>0xd51e</value>
         <object_component_ref idref="oc-565"/>
      </symbol>
      <symbol id="sm-647">
         <name>__TI_readmsg</name>
         <value>0xd8e8</value>
         <object_component_ref idref="oc-5a4"/>
      </symbol>
      <symbol id="sm-648">
         <name>C$$IO$$</name>
         <value>0xd8b6</value>
         <object_component_ref idref="oc-59e"/>
      </symbol>
      <symbol id="sm-649">
         <name>_CIOBUF_</name>
         <value>0xc200</value>
         <object_component_ref idref="oc-5ce"/>
      </symbol>
      <symbol id="sm-64a">
         <name>__TI_writemsg</name>
         <value>0xd88c</value>
         <object_component_ref idref="oc-59e"/>
      </symbol>
      <symbol id="sm-662">
         <name>__TI_wrt_ok</name>
         <value>0xd1d6</value>
         <object_component_ref idref="oc-49a"/>
      </symbol>
      <symbol id="sm-66a">
         <name>__mspabi_sral_15</name>
         <value>0xd76a</value>
         <object_component_ref idref="oc-5af"/>
      </symbol>
      <symbol id="sm-66b">
         <name>__mspabi_sral_14</name>
         <value>0xd76e</value>
         <object_component_ref idref="oc-5af"/>
      </symbol>
      <symbol id="sm-66c">
         <name>__mspabi_sral_13</name>
         <value>0xd772</value>
         <object_component_ref idref="oc-5af"/>
      </symbol>
      <symbol id="sm-66d">
         <name>__mspabi_sral_12</name>
         <value>0xd776</value>
         <object_component_ref idref="oc-5af"/>
      </symbol>
      <symbol id="sm-66e">
         <name>__mspabi_sral_11</name>
         <value>0xd77a</value>
         <object_component_ref idref="oc-5af"/>
      </symbol>
      <symbol id="sm-66f">
         <name>__mspabi_sral_10</name>
         <value>0xd77e</value>
         <object_component_ref idref="oc-5af"/>
      </symbol>
      <symbol id="sm-670">
         <name>__mspabi_sral_8</name>
         <value>0xd786</value>
         <object_component_ref idref="oc-5af"/>
      </symbol>
      <symbol id="sm-671">
         <name>__mspabi_sral_9</name>
         <value>0xd782</value>
         <object_component_ref idref="oc-5af"/>
      </symbol>
      <symbol id="sm-672">
         <name>__mspabi_sral_6</name>
         <value>0xd78e</value>
         <object_component_ref idref="oc-5af"/>
      </symbol>
      <symbol id="sm-673">
         <name>__mspabi_sral_7</name>
         <value>0xd78a</value>
         <object_component_ref idref="oc-5af"/>
      </symbol>
      <symbol id="sm-674">
         <name>__mspabi_sral_4</name>
         <value>0xd796</value>
         <object_component_ref idref="oc-5af"/>
      </symbol>
      <symbol id="sm-675">
         <name>__mspabi_sral_5</name>
         <value>0xd792</value>
         <object_component_ref idref="oc-5af"/>
      </symbol>
      <symbol id="sm-676">
         <name>__mspabi_sral_2</name>
         <value>0xd79e</value>
         <object_component_ref idref="oc-5af"/>
      </symbol>
      <symbol id="sm-677">
         <name>__mspabi_sral_3</name>
         <value>0xd79a</value>
         <object_component_ref idref="oc-5af"/>
      </symbol>
      <symbol id="sm-678">
         <name>__mspabi_sral_1</name>
         <value>0xd7a2</value>
         <object_component_ref idref="oc-5af"/>
      </symbol>
      <symbol id="sm-689">
         <name>__TI_doflush</name>
         <value>0xd45c</value>
         <object_component_ref idref="oc-4a6"/>
      </symbol>
      <symbol id="sm-699">
         <name>fseek</name>
         <value>0xd326</value>
         <object_component_ref idref="oc-4d3"/>
      </symbol>
      <symbol id="sm-6a1">
         <name>__mspabi_slll_9</name>
         <value>0xd7c0</value>
         <object_component_ref idref="oc-5b4"/>
      </symbol>
      <symbol id="sm-6a2">
         <name>__mspabi_slll_8</name>
         <value>0xd7c4</value>
         <object_component_ref idref="oc-5b4"/>
      </symbol>
      <symbol id="sm-6a3">
         <name>__mspabi_slll_7</name>
         <value>0xd7c8</value>
         <object_component_ref idref="oc-5b4"/>
      </symbol>
      <symbol id="sm-6a4">
         <name>__mspabi_slll_6</name>
         <value>0xd7cc</value>
         <object_component_ref idref="oc-5b4"/>
      </symbol>
      <symbol id="sm-6a5">
         <name>__mspabi_slll_5</name>
         <value>0xd7d0</value>
         <object_component_ref idref="oc-5b4"/>
      </symbol>
      <symbol id="sm-6a6">
         <name>__mspabi_slll_4</name>
         <value>0xd7d4</value>
         <object_component_ref idref="oc-5b4"/>
      </symbol>
      <symbol id="sm-6a7">
         <name>__mspabi_slll_3</name>
         <value>0xd7d8</value>
         <object_component_ref idref="oc-5b4"/>
      </symbol>
      <symbol id="sm-6a8">
         <name>__mspabi_slll_2</name>
         <value>0xd7dc</value>
         <object_component_ref idref="oc-5b4"/>
      </symbol>
      <symbol id="sm-6a9">
         <name>__mspabi_slll_1</name>
         <value>0xd7e0</value>
         <object_component_ref idref="oc-5b4"/>
      </symbol>
      <symbol id="sm-6aa">
         <name>__mspabi_slll_15</name>
         <value>0xd7a8</value>
         <object_component_ref idref="oc-5b4"/>
      </symbol>
      <symbol id="sm-6ab">
         <name>__mspabi_slll_14</name>
         <value>0xd7ac</value>
         <object_component_ref idref="oc-5b4"/>
      </symbol>
      <symbol id="sm-6ac">
         <name>__mspabi_slll_13</name>
         <value>0xd7b0</value>
         <object_component_ref idref="oc-5b4"/>
      </symbol>
      <symbol id="sm-6ad">
         <name>__mspabi_slll_12</name>
         <value>0xd7b4</value>
         <object_component_ref idref="oc-5b4"/>
      </symbol>
      <symbol id="sm-6ae">
         <name>__mspabi_slll_11</name>
         <value>0xd7b8</value>
         <object_component_ref idref="oc-5b4"/>
      </symbol>
      <symbol id="sm-6af">
         <name>__mspabi_slll_10</name>
         <value>0xd7bc</value>
         <object_component_ref idref="oc-5b4"/>
      </symbol>
      <symbol id="sm-6c7">
         <name>setvbuf</name>
         <value>0xccae</value>
         <object_component_ref idref="oc-4d9"/>
      </symbol>
      <symbol id="sm-6d4">
         <name>strcpy</name>
         <value>0xdab0</value>
         <object_component_ref idref="oc-5bb"/>
      </symbol>
      <symbol id="sm-6e0">
         <name>__TI_cleanup</name>
         <value>0xd85a</value>
         <object_component_ref idref="oc-513"/>
      </symbol>
      <symbol id="sm-731">
         <name>_sys_memory</name>
         <value>0xc320</value>
         <object_component_ref idref="oc-306"/>
      </symbol>
      <symbol id="sm-732">
         <name>free</name>
         <value>0xd156</value>
         <object_component_ref idref="oc-507"/>
      </symbol>
      <symbol id="sm-733">
         <name>malloc</name>
         <value>0xceec</value>
         <object_component_ref idref="oc-50d"/>
      </symbol>
      <symbol id="sm-734">
         <name>minit</name>
         <value>0xd822</value>
         <object_component_ref idref="oc-546"/>
      </symbol>
      <symbol id="sm-745">
         <name>__TI_closefile</name>
         <value>0xd390</value>
         <object_component_ref idref="oc-54d"/>
      </symbol>
      <symbol id="sm-74b">
         <name>__TI_BINIT_Base</name>
         <value>0x0</value>
      </symbol>
      <symbol id="sm-74c">
         <name>__TI_BINIT_Limit</name>
         <value>0x0</value>
      </symbol>
      <symbol id="sm-74d">
         <name>__TI_INITARRAY_Base</name>
         <value>0x0</value>
      </symbol>
      <symbol id="sm-74e">
         <name>__TI_INITARRAY_Limit</name>
         <value>0x0</value>
      </symbol>
      <symbol id="sm-74f">
         <name>remove</name>
         <value>0xd940</value>
      </symbol>
   </symbol_table>
   <title>Link successful</title>
</link_info>
