<?xml version="1.0"?>
<link_info>
   <banner>MSP430 Linker PC v15.12.1.LTS</banner>
   <copyright>Copyright (c) 2003-2015 Texas Instruments Incorporated</copyright>
   <link_time>0x581c080c</link_time>
   <link_errors>0x0</link_errors>
   <output_file>Ex2.out</output_file>
   <entry_point>
      <name>_c_int00_noargs</name>
      <address>0xdc00</address>
   </entry_point>
   <input_file_list>
      <input_file id="fl-2">
         <path>.\</path>
         <kind>object</kind>
         <file>adc.obj</file>
         <name>adc.obj</name>
      </input_file>
      <input_file id="fl-3">
         <path>.\</path>
         <kind>object</kind>
         <file>main.obj</file>
         <name>main.obj</name>
      </input_file>
      <input_file id="fl-4">
         <path>.\</path>
         <kind>object</kind>
         <file>system.obj</file>
         <name>system.obj</name>
      </input_file>
      <input_file id="fl-5">
         <path>.\</path>
         <kind>object</kind>
         <file>uart.obj</file>
         <name>uart.obj</name>
      </input_file>
      <input_file id="fl-26">
         <path>C:\ti\ccsv6\tools\compiler\ti-cgt-msp430_15.12.1.LTS\lib\</path>
         <kind>archive</kind>
         <file>rts430x_lc_sd_eabi.lib</file>
         <name>boot.obj</name>
      </input_file>
      <input_file id="fl-27">
         <path>C:\ti\ccsv6\tools\compiler\ti-cgt-msp430_15.12.1.LTS\lib\</path>
         <kind>archive</kind>
         <file>rts430x_lc_sd_eabi.lib</file>
         <name>boot_special.obj</name>
      </input_file>
      <input_file id="fl-28">
         <path>C:\ti\ccsv6\tools\compiler\ti-cgt-msp430_15.12.1.LTS\lib\</path>
         <kind>archive</kind>
         <file>rts430x_lc_sd_eabi.lib</file>
         <name>copy_decompress_none.obj</name>
      </input_file>
      <input_file id="fl-29">
         <path>C:\ti\ccsv6\tools\compiler\ti-cgt-msp430_15.12.1.LTS\lib\</path>
         <kind>archive</kind>
         <file>rts430x_lc_sd_eabi.lib</file>
         <name>copy_decompress_rle.obj</name>
      </input_file>
      <input_file id="fl-2a">
         <path>C:\ti\ccsv6\tools\compiler\ti-cgt-msp430_15.12.1.LTS\lib\</path>
         <kind>archive</kind>
         <file>rts430x_lc_sd_eabi.lib</file>
         <name>copy_zero_init.obj</name>
      </input_file>
      <input_file id="fl-2b">
         <path>C:\ti\ccsv6\tools\compiler\ti-cgt-msp430_15.12.1.LTS\lib\</path>
         <kind>archive</kind>
         <file>rts430x_lc_sd_eabi.lib</file>
         <name>cpy_util.obj</name>
      </input_file>
      <input_file id="fl-2c">
         <path>C:\ti\ccsv6\tools\compiler\ti-cgt-msp430_15.12.1.LTS\lib\</path>
         <kind>archive</kind>
         <file>rts430x_lc_sd_eabi.lib</file>
         <name>div16u.obj</name>
      </input_file>
      <input_file id="fl-2d">
         <path>C:\ti\ccsv6\tools\compiler\ti-cgt-msp430_15.12.1.LTS\lib\</path>
         <kind>archive</kind>
         <file>rts430x_lc_sd_eabi.lib</file>
         <name>exit.obj</name>
      </input_file>
      <input_file id="fl-2e">
         <path>C:\ti\ccsv6\tools\compiler\ti-cgt-msp430_15.12.1.LTS\lib\</path>
         <kind>archive</kind>
         <file>rts430x_lc_sd_eabi.lib</file>
         <name>exit_gvars.obj</name>
      </input_file>
      <input_file id="fl-2f">
         <path>C:\ti\ccsv6\tools\compiler\ti-cgt-msp430_15.12.1.LTS\lib\</path>
         <kind>archive</kind>
         <file>rts430x_lc_sd_eabi.lib</file>
         <name>int31.obj</name>
      </input_file>
      <input_file id="fl-30">
         <path>C:\ti\ccsv6\tools\compiler\ti-cgt-msp430_15.12.1.LTS\lib\</path>
         <kind>archive</kind>
         <file>rts430x_lc_sd_eabi.lib</file>
         <name>int33.obj</name>
      </input_file>
      <input_file id="fl-31">
         <path>C:\ti\ccsv6\tools\compiler\ti-cgt-msp430_15.12.1.LTS\lib\</path>
         <kind>archive</kind>
         <file>rts430x_lc_sd_eabi.lib</file>
         <name>int34.obj</name>
      </input_file>
      <input_file id="fl-32">
         <path>C:\ti\ccsv6\tools\compiler\ti-cgt-msp430_15.12.1.LTS\lib\</path>
         <kind>archive</kind>
         <file>rts430x_lc_sd_eabi.lib</file>
         <name>int35.obj</name>
      </input_file>
      <input_file id="fl-33">
         <path>C:\ti\ccsv6\tools\compiler\ti-cgt-msp430_15.12.1.LTS\lib\</path>
         <kind>archive</kind>
         <file>rts430x_lc_sd_eabi.lib</file>
         <name>int36.obj</name>
      </input_file>
      <input_file id="fl-34">
         <path>C:\ti\ccsv6\tools\compiler\ti-cgt-msp430_15.12.1.LTS\lib\</path>
         <kind>archive</kind>
         <file>rts430x_lc_sd_eabi.lib</file>
         <name>int37.obj</name>
      </input_file>
      <input_file id="fl-35">
         <path>C:\ti\ccsv6\tools\compiler\ti-cgt-msp430_15.12.1.LTS\lib\</path>
         <kind>archive</kind>
         <file>rts430x_lc_sd_eabi.lib</file>
         <name>int38.obj</name>
      </input_file>
      <input_file id="fl-36">
         <path>C:\ti\ccsv6\tools\compiler\ti-cgt-msp430_15.12.1.LTS\lib\</path>
         <kind>archive</kind>
         <file>rts430x_lc_sd_eabi.lib</file>
         <name>int39.obj</name>
      </input_file>
      <input_file id="fl-37">
         <path>C:\ti\ccsv6\tools\compiler\ti-cgt-msp430_15.12.1.LTS\lib\</path>
         <kind>archive</kind>
         <file>rts430x_lc_sd_eabi.lib</file>
         <name>int40.obj</name>
      </input_file>
      <input_file id="fl-38">
         <path>C:\ti\ccsv6\tools\compiler\ti-cgt-msp430_15.12.1.LTS\lib\</path>
         <kind>archive</kind>
         <file>rts430x_lc_sd_eabi.lib</file>
         <name>int42.obj</name>
      </input_file>
      <input_file id="fl-39">
         <path>C:\ti\ccsv6\tools\compiler\ti-cgt-msp430_15.12.1.LTS\lib\</path>
         <kind>archive</kind>
         <file>rts430x_lc_sd_eabi.lib</file>
         <name>int43.obj</name>
      </input_file>
      <input_file id="fl-3a">
         <path>C:\ti\ccsv6\tools\compiler\ti-cgt-msp430_15.12.1.LTS\lib\</path>
         <kind>archive</kind>
         <file>rts430x_lc_sd_eabi.lib</file>
         <name>int44.obj</name>
      </input_file>
      <input_file id="fl-3b">
         <path>C:\ti\ccsv6\tools\compiler\ti-cgt-msp430_15.12.1.LTS\lib\</path>
         <kind>archive</kind>
         <file>rts430x_lc_sd_eabi.lib</file>
         <name>int45.obj</name>
      </input_file>
      <input_file id="fl-3c">
         <path>C:\ti\ccsv6\tools\compiler\ti-cgt-msp430_15.12.1.LTS\lib\</path>
         <kind>archive</kind>
         <file>rts430x_lc_sd_eabi.lib</file>
         <name>int47.obj</name>
      </input_file>
      <input_file id="fl-3d">
         <path>C:\ti\ccsv6\tools\compiler\ti-cgt-msp430_15.12.1.LTS\lib\</path>
         <kind>archive</kind>
         <file>rts430x_lc_sd_eabi.lib</file>
         <name>int48.obj</name>
      </input_file>
      <input_file id="fl-3e">
         <path>C:\ti\ccsv6\tools\compiler\ti-cgt-msp430_15.12.1.LTS\lib\</path>
         <kind>archive</kind>
         <file>rts430x_lc_sd_eabi.lib</file>
         <name>int49.obj</name>
      </input_file>
      <input_file id="fl-3f">
         <path>C:\ti\ccsv6\tools\compiler\ti-cgt-msp430_15.12.1.LTS\lib\</path>
         <kind>archive</kind>
         <file>rts430x_lc_sd_eabi.lib</file>
         <name>int50.obj</name>
      </input_file>
      <input_file id="fl-40">
         <path>C:\ti\ccsv6\tools\compiler\ti-cgt-msp430_15.12.1.LTS\lib\</path>
         <kind>archive</kind>
         <file>rts430x_lc_sd_eabi.lib</file>
         <name>int51.obj</name>
      </input_file>
      <input_file id="fl-41">
         <path>C:\ti\ccsv6\tools\compiler\ti-cgt-msp430_15.12.1.LTS\lib\</path>
         <kind>archive</kind>
         <file>rts430x_lc_sd_eabi.lib</file>
         <name>int52.obj</name>
      </input_file>
      <input_file id="fl-42">
         <path>C:\ti\ccsv6\tools\compiler\ti-cgt-msp430_15.12.1.LTS\lib\</path>
         <kind>archive</kind>
         <file>rts430x_lc_sd_eabi.lib</file>
         <name>int53.obj</name>
      </input_file>
      <input_file id="fl-43">
         <path>C:\ti\ccsv6\tools\compiler\ti-cgt-msp430_15.12.1.LTS\lib\</path>
         <kind>archive</kind>
         <file>rts430x_lc_sd_eabi.lib</file>
         <name>int54.obj</name>
      </input_file>
      <input_file id="fl-44">
         <path>C:\ti\ccsv6\tools\compiler\ti-cgt-msp430_15.12.1.LTS\lib\</path>
         <kind>archive</kind>
         <file>rts430x_lc_sd_eabi.lib</file>
         <name>isr_trap.obj</name>
      </input_file>
      <input_file id="fl-45">
         <path>C:\ti\ccsv6\tools\compiler\ti-cgt-msp430_15.12.1.LTS\lib\</path>
         <kind>archive</kind>
         <file>rts430x_lc_sd_eabi.lib</file>
         <name>lsl16.obj</name>
      </input_file>
      <input_file id="fl-46">
         <path>C:\ti\ccsv6\tools\compiler\ti-cgt-msp430_15.12.1.LTS\lib\</path>
         <kind>archive</kind>
         <file>rts430x_lc_sd_eabi.lib</file>
         <name>mpu_init.obj</name>
      </input_file>
      <input_file id="fl-47">
         <path>C:\ti\ccsv6\tools\compiler\ti-cgt-msp430_15.12.1.LTS\lib\</path>
         <kind>archive</kind>
         <file>rts430x_lc_sd_eabi.lib</file>
         <name>mult1632_f5hw.obj</name>
      </input_file>
      <input_file id="fl-48">
         <path>C:\ti\ccsv6\tools\compiler\ti-cgt-msp430_15.12.1.LTS\lib\</path>
         <kind>archive</kind>
         <file>rts430x_lc_sd_eabi.lib</file>
         <name>mult16_f5hw.obj</name>
      </input_file>
      <input_file id="fl-49">
         <path>C:\ti\ccsv6\tools\compiler\ti-cgt-msp430_15.12.1.LTS\lib\</path>
         <kind>archive</kind>
         <file>rts430x_lc_sd_eabi.lib</file>
         <name>mult3264_f5hw.obj</name>
      </input_file>
      <input_file id="fl-4a">
         <path>C:\ti\ccsv6\tools\compiler\ti-cgt-msp430_15.12.1.LTS\lib\</path>
         <kind>archive</kind>
         <file>rts430x_lc_sd_eabi.lib</file>
         <name>mult32_f5hw.obj</name>
      </input_file>
      <input_file id="fl-4b">
         <path>C:\ti\ccsv6\tools\compiler\ti-cgt-msp430_15.12.1.LTS\lib\</path>
         <kind>archive</kind>
         <file>rts430x_lc_sd_eabi.lib</file>
         <name>mult64_f5hw.obj</name>
      </input_file>
      <input_file id="fl-4c">
         <path>C:\ti\ccsv6\tools\compiler\ti-cgt-msp430_15.12.1.LTS\lib\</path>
         <kind>archive</kind>
         <file>rts430x_lc_sd_eabi.lib</file>
         <name>pre_init.obj</name>
      </input_file>
      <input_file id="fl-4d">
         <path>C:\ti\ccsv6\tools\compiler\ti-cgt-msp430_15.12.1.LTS\lib\</path>
         <kind>archive</kind>
         <file>rts430x_lc_sd_eabi.lib</file>
         <name>printf.obj</name>
      </input_file>
      <input_file id="fl-4e">
         <path>C:\ti\ccsv6\tools\compiler\ti-cgt-msp430_15.12.1.LTS\lib\</path>
         <kind>archive</kind>
         <file>rts430x_lc_sd_eabi.lib</file>
         <name>_lock.obj</name>
      </input_file>
      <input_file id="fl-4f">
         <path>C:\ti\ccsv6\tools\compiler\ti-cgt-msp430_15.12.1.LTS\lib\</path>
         <kind>archive</kind>
         <file>rts430x_lc_sd_eabi.lib</file>
         <name>_printfi_min.obj</name>
      </input_file>
      <input_file id="fl-50">
         <path>C:\ti\ccsv6\tools\compiler\ti-cgt-msp430_15.12.1.LTS\lib\</path>
         <kind>archive</kind>
         <file>rts430x_lc_sd_eabi.lib</file>
         <name>args_main.obj</name>
      </input_file>
      <input_file id="fl-51">
         <path>C:\ti\ccsv6\tools\compiler\ti-cgt-msp430_15.12.1.LTS\lib\</path>
         <kind>archive</kind>
         <file>rts430x_lc_sd_eabi.lib</file>
         <name>autoinit_wdt.obj</name>
      </input_file>
      <input_file id="fl-52">
         <path>C:\ti\ccsv6\tools\compiler\ti-cgt-msp430_15.12.1.LTS\lib\</path>
         <kind>archive</kind>
         <file>rts430x_lc_sd_eabi.lib</file>
         <name>cpy_tbl.obj</name>
      </input_file>
      <input_file id="fl-53">
         <path>C:\ti\ccsv6\tools\compiler\ti-cgt-msp430_15.12.1.LTS\lib\</path>
         <kind>archive</kind>
         <file>rts430x_lc_sd_eabi.lib</file>
         <name>defs.obj</name>
      </input_file>
      <input_file id="fl-54">
         <path>C:\ti\ccsv6\tools\compiler\ti-cgt-msp430_15.12.1.LTS\lib\</path>
         <kind>archive</kind>
         <file>rts430x_lc_sd_eabi.lib</file>
         <name>fputc.obj</name>
      </input_file>
      <input_file id="fl-55">
         <path>C:\ti\ccsv6\tools\compiler\ti-cgt-msp430_15.12.1.LTS\lib\</path>
         <kind>archive</kind>
         <file>rts430x_lc_sd_eabi.lib</file>
         <name>fputs.obj</name>
      </input_file>
      <input_file id="fl-56">
         <path>C:\ti\ccsv6\tools\compiler\ti-cgt-msp430_15.12.1.LTS\lib\</path>
         <kind>archive</kind>
         <file>rts430x_lc_sd_eabi.lib</file>
         <name>lowlev.obj</name>
      </input_file>
      <input_file id="fl-57">
         <path>C:\ti\ccsv6\tools\compiler\ti-cgt-msp430_15.12.1.LTS\lib\</path>
         <kind>archive</kind>
         <file>rts430x_lc_sd_eabi.lib</file>
         <name>lsr64.obj</name>
      </input_file>
      <input_file id="fl-58">
         <path>C:\ti\ccsv6\tools\compiler\ti-cgt-msp430_15.12.1.LTS\lib\</path>
         <kind>archive</kind>
         <file>rts430x_lc_sd_eabi.lib</file>
         <name>memccpy.obj</name>
      </input_file>
      <input_file id="fl-59">
         <path>C:\ti\ccsv6\tools\compiler\ti-cgt-msp430_15.12.1.LTS\lib\</path>
         <kind>archive</kind>
         <file>rts430x_lc_sd_eabi.lib</file>
         <name>memchr.obj</name>
      </input_file>
      <input_file id="fl-5a">
         <path>C:\ti\ccsv6\tools\compiler\ti-cgt-msp430_15.12.1.LTS\lib\</path>
         <kind>archive</kind>
         <file>rts430x_lc_sd_eabi.lib</file>
         <name>memcpy.obj</name>
      </input_file>
      <input_file id="fl-5b">
         <path>C:\ti\ccsv6\tools\compiler\ti-cgt-msp430_15.12.1.LTS\lib\</path>
         <kind>archive</kind>
         <file>rts430x_lc_sd_eabi.lib</file>
         <name>memset.obj</name>
      </input_file>
      <input_file id="fl-5c">
         <path>C:\ti\ccsv6\tools\compiler\ti-cgt-msp430_15.12.1.LTS\lib\</path>
         <kind>archive</kind>
         <file>rts430x_lc_sd_eabi.lib</file>
         <name>mult16.obj</name>
      </input_file>
      <input_file id="fl-5d">
         <path>C:\ti\ccsv6\tools\compiler\ti-cgt-msp430_15.12.1.LTS\lib\</path>
         <kind>archive</kind>
         <file>rts430x_lc_sd_eabi.lib</file>
         <name>startup.obj</name>
      </input_file>
      <input_file id="fl-5e">
         <path>C:\ti\ccsv6\tools\compiler\ti-cgt-msp430_15.12.1.LTS\lib\</path>
         <kind>archive</kind>
         <file>rts430x_lc_sd_eabi.lib</file>
         <name>strchr.obj</name>
      </input_file>
      <input_file id="fl-5f">
         <path>C:\ti\ccsv6\tools\compiler\ti-cgt-msp430_15.12.1.LTS\lib\</path>
         <kind>archive</kind>
         <file>rts430x_lc_sd_eabi.lib</file>
         <name>strcmp.obj</name>
      </input_file>
      <input_file id="fl-60">
         <path>C:\ti\ccsv6\tools\compiler\ti-cgt-msp430_15.12.1.LTS\lib\</path>
         <kind>archive</kind>
         <file>rts430x_lc_sd_eabi.lib</file>
         <name>strlen.obj</name>
      </input_file>
      <input_file id="fl-61">
         <path>C:\ti\ccsv6\tools\compiler\ti-cgt-msp430_15.12.1.LTS\lib\</path>
         <kind>archive</kind>
         <file>rts430x_lc_sd_eabi.lib</file>
         <name>strncpy.obj</name>
      </input_file>
      <input_file id="fl-62">
         <path>C:\ti\ccsv6\tools\compiler\ti-cgt-msp430_15.12.1.LTS\lib\</path>
         <kind>archive</kind>
         <file>rts430x_lc_sd_eabi.lib</file>
         <name>trgdrv.obj</name>
      </input_file>
      <input_file id="fl-63">
         <path>C:\ti\ccsv6\tools\compiler\ti-cgt-msp430_15.12.1.LTS\lib\</path>
         <kind>archive</kind>
         <file>rts430x_lc_sd_eabi.lib</file>
         <name>trgmsg.obj</name>
      </input_file>
      <input_file id="fl-64">
         <path>C:\ti\ccsv6\tools\compiler\ti-cgt-msp430_15.12.1.LTS\lib\</path>
         <kind>archive</kind>
         <file>rts430x_lc_sd_eabi.lib</file>
         <name>_io_perm.obj</name>
      </input_file>
      <input_file id="fl-65">
         <path>C:\ti\ccsv6\tools\compiler\ti-cgt-msp430_15.12.1.LTS\lib\</path>
         <kind>archive</kind>
         <file>rts430x_lc_sd_eabi.lib</file>
         <name>asr32.obj</name>
      </input_file>
      <input_file id="fl-66">
         <path>C:\ti\ccsv6\tools\compiler\ti-cgt-msp430_15.12.1.LTS\lib\</path>
         <kind>archive</kind>
         <file>rts430x_lc_sd_eabi.lib</file>
         <name>fflush.obj</name>
      </input_file>
      <input_file id="fl-67">
         <path>C:\ti\ccsv6\tools\compiler\ti-cgt-msp430_15.12.1.LTS\lib\</path>
         <kind>archive</kind>
         <file>rts430x_lc_sd_eabi.lib</file>
         <name>fseek.obj</name>
      </input_file>
      <input_file id="fl-68">
         <path>C:\ti\ccsv6\tools\compiler\ti-cgt-msp430_15.12.1.LTS\lib\</path>
         <kind>archive</kind>
         <file>rts430x_lc_sd_eabi.lib</file>
         <name>lsl32.obj</name>
      </input_file>
      <input_file id="fl-69">
         <path>C:\ti\ccsv6\tools\compiler\ti-cgt-msp430_15.12.1.LTS\lib\</path>
         <kind>archive</kind>
         <file>rts430x_lc_sd_eabi.lib</file>
         <name>setvbuf.obj</name>
      </input_file>
      <input_file id="fl-6a">
         <path>C:\ti\ccsv6\tools\compiler\ti-cgt-msp430_15.12.1.LTS\lib\</path>
         <kind>archive</kind>
         <file>rts430x_lc_sd_eabi.lib</file>
         <name>strcpy.obj</name>
      </input_file>
      <input_file id="fl-6b">
         <path>C:\ti\ccsv6\tools\compiler\ti-cgt-msp430_15.12.1.LTS\lib\</path>
         <kind>archive</kind>
         <file>rts430x_lc_sd_eabi.lib</file>
         <name>fopen.obj</name>
      </input_file>
      <input_file id="fl-6c">
         <path>C:\ti\ccsv6\tools\compiler\ti-cgt-msp430_15.12.1.LTS\lib\</path>
         <kind>archive</kind>
         <file>rts430x_lc_sd_eabi.lib</file>
         <name>memory.obj</name>
      </input_file>
      <input_file id="fl-6d">
         <path>C:\ti\ccsv6\tools\compiler\ti-cgt-msp430_15.12.1.LTS\lib\</path>
         <kind>archive</kind>
         <file>rts430x_lc_sd_eabi.lib</file>
         <name>fclose.obj</name>
      </input_file>
      <input_file id="fl-6e">
         <path>C:\ti\ccsv6\tools\compiler\ti-cgt-msp430_15.12.1.LTS\lib\</path>
         <kind>archive</kind>
         <file>rts430x_lc_sd_eabi.lib</file>
         <name>remove.obj</name>
      </input_file>
   </input_file_list>
   <object_component_list>
      <object_component id="oc-5df">
         <name>.cio</name>
         <load_address>0xc200</load_address>
         <run_address>0xc200</run_address>
         <size>0x120</size>
         <input_file_ref idref="fl-63"/>
      </object_component>
      <object_component id="oc-679">
         <name>.sysmem</name>
         <load_address>0xc320</load_address>
         <run_address>0xc320</run_address>
         <size>0x0</size>
      </object_component>
      <object_component id="oc-306">
         <name>.sysmem</name>
         <load_address>0xc320</load_address>
         <run_address>0xc320</run_address>
         <size>0x4</size>
         <input_file_ref idref="fl-6c"/>
      </object_component>
      <object_component id="oc-677">
         <name>.cinit..data.load</name>
         <load_address>0xc600</load_address>
         <run_address>0xc600</run_address>
         <size>0x13a</size>
      </object_component>
      <object_component id="oc-676">
         <name>.cinit..bss.load</name>
         <load_address>0xc73c</load_address>
         <run_address>0xc73c</run_address>
         <size>0x9</size>
      </object_component>
      <object_component id="oc-674">
         <name>__TI_handler_table</name>
         <load_address>0xc746</load_address>
         <run_address>0xc746</run_address>
         <size>0x8</size>
      </object_component>
      <object_component id="oc-675">
         <name>__TI_cinit_table</name>
         <load_address>0xc74e</load_address>
         <run_address>0xc74e</run_address>
         <size>0x10</size>
      </object_component>
      <object_component id="oc-3dc">
         <name>.const:.string</name>
         <load_address>0xc75e</load_address>
         <run_address>0xc75e</run_address>
         <size>0x30</size>
         <input_file_ref idref="fl-3"/>
      </object_component>
      <object_component id="oc-4d5">
         <name>.const:.string</name>
         <load_address>0xc78e</load_address>
         <run_address>0xc78e</run_address>
         <size>0x14</size>
         <input_file_ref idref="fl-4f"/>
      </object_component>
      <object_component id="oc-3ca">
         <name>.text:CalibrateADC</name>
         <load_address>0xc800</load_address>
         <run_address>0xc800</run_address>
         <size>0x122</size>
         <input_file_ref idref="fl-4"/>
      </object_component>
      <object_component id="oc-494">
         <name>.text:_setfield</name>
         <load_address>0xc922</load_address>
         <run_address>0xc922</run_address>
         <size>0x10e</size>
         <input_file_ref idref="fl-4f"/>
      </object_component>
      <object_component id="oc-480">
         <name>.text:fputs</name>
         <load_address>0xca30</load_address>
         <run_address>0xca30</run_address>
         <size>0xde</size>
         <input_file_ref idref="fl-55"/>
      </object_component>
      <object_component id="oc-458">
         <name>.text:__TI_printfi_minimal</name>
         <load_address>0xcb0e</load_address>
         <run_address>0xcb0e</run_address>
         <size>0xda</size>
         <input_file_ref idref="fl-4f"/>
      </object_component>
      <object_component id="oc-315">
         <name>.text:__TI_decompress_rle_core</name>
         <load_address>0xcbe8</load_address>
         <run_address>0xcbe8</run_address>
         <size>0xd6</size>
         <input_file_ref idref="fl-29"/>
      </object_component>
      <object_component id="oc-4f0">
         <name>.text:setvbuf</name>
         <load_address>0xccbe</load_address>
         <run_address>0xccbe</run_address>
         <size>0xcc</size>
         <input_file_ref idref="fl-69"/>
      </object_component>
      <object_component id="oc-4d6">
         <name>.text:_pproc_diouxp</name>
         <load_address>0xcd8a</load_address>
         <run_address>0xcd8a</run_address>
         <size>0xc0</size>
         <input_file_ref idref="fl-4f"/>
      </object_component>
      <object_component id="oc-391">
         <name>.text:copy_in</name>
         <load_address>0xce4a</load_address>
         <run_address>0xce4a</run_address>
         <size>0xb2</size>
         <input_file_ref idref="fl-52"/>
      </object_component>
      <object_component id="oc-51f">
         <name>.text:malloc</name>
         <load_address>0xcefc</load_address>
         <run_address>0xcefc</run_address>
         <size>0xac</size>
         <input_file_ref idref="fl-6c"/>
      </object_component>
      <object_component id="oc-35f">
         <name>.text:main</name>
         <load_address>0xcfa8</load_address>
         <run_address>0xcfa8</run_address>
         <size>0xa2</size>
         <input_file_ref idref="fl-3"/>
      </object_component>
      <object_component id="oc-582">
         <name>.text:HOSTlseek</name>
         <load_address>0xd04a</load_address>
         <run_address>0xd04a</run_address>
         <size>0x9c</size>
         <input_file_ref idref="fl-62"/>
      </object_component>
      <object_component id="oc-345">
         <name>.text:_auto_init_hold_wdt</name>
         <load_address>0xd0e6</load_address>
         <run_address>0xd0e6</run_address>
         <size>0x96</size>
         <input_file_ref idref="fl-51"/>
      </object_component>
      <object_component id="oc-487">
         <name>.text:fputc</name>
         <load_address>0xd17c</load_address>
         <run_address>0xd17c</run_address>
         <size>0x8c</size>
         <input_file_ref idref="fl-54"/>
      </object_component>
      <object_component id="oc-333">
         <name>.text:_isr:ADC10_ISR</name>
         <load_address>0xd208</load_address>
         <run_address>0xd208</run_address>
         <size>0x8a</size>
         <input_file_ref idref="fl-2"/>
      </object_component>
      <object_component id="oc-519">
         <name>.text:free</name>
         <load_address>0xd292</load_address>
         <run_address>0xd292</run_address>
         <size>0x80</size>
         <input_file_ref idref="fl-6c"/>
      </object_component>
      <object_component id="oc-4b1">
         <name>.text:__TI_wrt_ok</name>
         <load_address>0xd312</load_address>
         <run_address>0xd312</run_address>
         <size>0x7a</size>
         <input_file_ref idref="fl-64"/>
      </object_component>
      <object_component id="oc-58e">
         <name>.text:HOSTrename</name>
         <load_address>0xd38c</load_address>
         <run_address>0xd38c</run_address>
         <size>0x6a</size>
         <input_file_ref idref="fl-62"/>
      </object_component>
      <object_component id="oc-4ea">
         <name>.text:fseek</name>
         <load_address>0xd3f6</load_address>
         <run_address>0xd3f6</run_address>
         <size>0x6a</size>
         <input_file_ref idref="fl-67"/>
      </object_component>
      <object_component id="oc-55e">
         <name>.text:__TI_closefile</name>
         <load_address>0xd460</load_address>
         <run_address>0xd460</run_address>
         <size>0x68</size>
         <input_file_ref idref="fl-6d"/>
      </object_component>
      <object_component id="oc-56a">
         <name>.text:HOSTopen</name>
         <load_address>0xd4c8</load_address>
         <run_address>0xd4c8</run_address>
         <size>0x64</size>
         <input_file_ref idref="fl-62"/>
      </object_component>
      <object_component id="oc-327">
         <name>.text:_isr:Port_4_ISR</name>
         <load_address>0xd52c</load_address>
         <run_address>0xd52c</run_address>
         <size>0x64</size>
         <input_file_ref idref="fl-4"/>
      </object_component>
      <object_component id="oc-4bd">
         <name>.text:__TI_doflush</name>
         <load_address>0xd590</load_address>
         <run_address>0xd590</run_address>
         <size>0x62</size>
         <input_file_ref idref="fl-66"/>
      </object_component>
      <object_component id="oc-57c">
         <name>.text:HOSTwrite</name>
         <load_address>0xd5f2</load_address>
         <run_address>0xd5f2</run_address>
         <size>0x60</size>
         <input_file_ref idref="fl-62"/>
      </object_component>
      <object_component id="oc-576">
         <name>.text:HOSTread</name>
         <load_address>0xd652</load_address>
         <run_address>0xd652</run_address>
         <size>0x5e</size>
         <input_file_ref idref="fl-62"/>
      </object_component>
      <object_component id="oc-3c4">
         <name>.text:SetupThermistor</name>
         <load_address>0xd6b0</load_address>
         <run_address>0xd6b0</run_address>
         <size>0x5e</size>
         <input_file_ref idref="fl-4"/>
      </object_component>
      <object_component id="oc-5d4">
         <name>.text:getdevice</name>
         <load_address>0xd70e</load_address>
         <run_address>0xd70e</run_address>
         <size>0x54</size>
         <input_file_ref idref="fl-56"/>
      </object_component>
      <object_component id="oc-59b">
         <name>.text:close</name>
         <load_address>0xd762</load_address>
         <run_address>0xd762</run_address>
         <size>0x4a</size>
         <input_file_ref idref="fl-56"/>
      </object_component>
      <object_component id="oc-351">
         <name>.text:exit</name>
         <load_address>0xd7ac</load_address>
         <run_address>0xd7ac</run_address>
         <size>0x48</size>
         <input_file_ref idref="fl-2d"/>
      </object_component>
      <object_component id="oc-570">
         <name>.text:HOSTclose</name>
         <load_address>0xd7f4</load_address>
         <run_address>0xd7f4</run_address>
         <size>0x46</size>
         <input_file_ref idref="fl-62"/>
      </object_component>
      <object_component id="oc-588">
         <name>.text:HOSTunlink</name>
         <load_address>0xd83a</load_address>
         <run_address>0xd83a</run_address>
         <size>0x42</size>
         <input_file_ref idref="fl-62"/>
      </object_component>
      <object_component id="oc-309">
         <name>.text:__memcpy_far</name>
         <load_address>0xd87c</load_address>
         <run_address>0xd87c</run_address>
         <size>0x40</size>
         <input_file_ref idref="fl-2b"/>
      </object_component>
      <object_component id="oc-3dd">
         <name>.text:printf</name>
         <load_address>0xd8bc</load_address>
         <run_address>0xd8bc</run_address>
         <size>0x40</size>
         <input_file_ref idref="fl-4d"/>
      </object_component>
      <object_component id="oc-5c0">
         <name>.text:l_asr_const</name>
         <load_address>0xd8fc</load_address>
         <run_address>0xd8fc</run_address>
         <size>0x3e</size>
         <input_file_ref idref="fl-65"/>
      </object_component>
      <object_component id="oc-5c5">
         <name>.text:l_lsl_const</name>
         <load_address>0xd93a</load_address>
         <run_address>0xd93a</run_address>
         <size>0x3e</size>
         <input_file_ref idref="fl-68"/>
      </object_component>
      <object_component id="oc-6d">
         <name>.text:decompress:none:__TI_decompress_none</name>
         <load_address>0xd978</load_address>
         <run_address>0xd978</run_address>
         <size>0x3c</size>
         <input_file_ref idref="fl-28"/>
      </object_component>
      <object_component id="oc-3d6">
         <name>.text:ledsWrite</name>
         <load_address>0xd9b4</load_address>
         <run_address>0xd9b4</run_address>
         <size>0x3a</size>
         <input_file_ref idref="fl-4"/>
      </object_component>
      <object_component id="oc-557">
         <name>.text:minit</name>
         <load_address>0xd9ee</load_address>
         <run_address>0xd9ee</run_address>
         <size>0x38</size>
         <input_file_ref idref="fl-6c"/>
      </object_component>
      <object_component id="oc-525">
         <name>.text:__TI_cleanup</name>
         <load_address>0xda26</load_address>
         <run_address>0xda26</run_address>
         <size>0x32</size>
         <input_file_ref idref="fl-6b"/>
      </object_component>
      <object_component id="oc-3b8">
         <name>.text:ledsInit</name>
         <load_address>0xda58</load_address>
         <run_address>0xda58</run_address>
         <size>0x30</size>
         <input_file_ref idref="fl-4"/>
      </object_component>
      <object_component id="oc-5af">
         <name>.text:__TI_writemsg</name>
         <load_address>0xda88</load_address>
         <run_address>0xda88</run_address>
         <size>0x2e</size>
         <input_file_ref idref="fl-63"/>
      </object_component>
      <object_component id="oc-5f7">
         <name>.text:finddevice</name>
         <load_address>0xdab6</load_address>
         <run_address>0xdab6</run_address>
         <size>0x2e</size>
         <input_file_ref idref="fl-56"/>
      </object_component>
      <object_component id="oc-3d0">
         <name>.text:switchesRead</name>
         <load_address>0xdae4</load_address>
         <run_address>0xdae4</run_address>
         <size>0x2e</size>
         <input_file_ref idref="fl-4"/>
      </object_component>
      <object_component id="oc-5b5">
         <name>.text:__TI_readmsg</name>
         <load_address>0xdb12</load_address>
         <run_address>0xdb12</run_address>
         <size>0x2c</size>
         <input_file_ref idref="fl-63"/>
      </object_component>
      <object_component id="oc-5f1">
         <name>.text:strncpy</name>
         <load_address>0xdb3e</load_address>
         <run_address>0xdb3e</run_address>
         <size>0x2c</size>
         <input_file_ref idref="fl-61"/>
      </object_component>
      <object_component id="oc-5a2">
         <name>.text:unlink</name>
         <load_address>0xdb6a</load_address>
         <run_address>0xdb6a</run_address>
         <size>0x2a</size>
         <input_file_ref idref="fl-56"/>
      </object_component>
      <object_component id="oc-511">
         <name>.text:lseek</name>
         <load_address>0xdb94</load_address>
         <run_address>0xdb94</run_address>
         <size>0x26</size>
         <input_file_ref idref="fl-56"/>
      </object_component>
      <object_component id="oc-4c3">
         <name>.text:write</name>
         <load_address>0xdbba</load_address>
         <run_address>0xdbba</run_address>
         <size>0x24</size>
         <input_file_ref idref="fl-56"/>
      </object_component>
      <object_component id="oc-3be">
         <name>.text:switchesInit</name>
         <load_address>0xdbde</load_address>
         <run_address>0xdbde</run_address>
         <size>0x22</size>
         <input_file_ref idref="fl-4"/>
      </object_component>
      <object_component id="oc-a3">
         <name>.text:_isr:_c_int00_noargs</name>
         <load_address>0xdc00</load_address>
         <run_address>0xdc00</run_address>
         <size>0x1c</size>
         <input_file_ref idref="fl-27"/>
      </object_component>
      <object_component id="oc-4dc">
         <name>.text:memccpy</name>
         <load_address>0xdc1c</load_address>
         <run_address>0xdc1c</run_address>
         <size>0x1a</size>
         <input_file_ref idref="fl-58"/>
      </object_component>
      <object_component id="oc-5eb">
         <name>.text:strchr</name>
         <load_address>0xdc36</load_address>
         <run_address>0xdc36</run_address>
         <size>0x1a</size>
         <input_file_ref idref="fl-5e"/>
      </object_component>
      <object_component id="oc-3fa">
         <name>.text</name>
         <load_address>0xdc50</load_address>
         <run_address>0xdc50</run_address>
         <size>0x18</size>
         <input_file_ref idref="fl-48"/>
      </object_component>
      <object_component id="oc-608">
         <name>.text:strcmp</name>
         <load_address>0xdc68</load_address>
         <run_address>0xdc68</run_address>
         <size>0x18</size>
         <input_file_ref idref="fl-5f"/>
      </object_component>
      <object_component id="oc-43a">
         <name>.text</name>
         <load_address>0xdc80</load_address>
         <run_address>0xdc80</run_address>
         <size>0x16</size>
         <input_file_ref idref="fl-2c"/>
      </object_component>
      <object_component id="oc-32d">
         <name>.text:_isr:Timer1_A0_ISR</name>
         <load_address>0xdc96</load_address>
         <run_address>0xdc96</run_address>
         <size>0x14</size>
         <input_file_ref idref="fl-4"/>
      </object_component>
      <object_component id="oc-4b7">
         <name>.text:memchr</name>
         <load_address>0xdcaa</load_address>
         <run_address>0xdcaa</run_address>
         <size>0x14</size>
         <input_file_ref idref="fl-59"/>
      </object_component>
      <object_component id="oc-4cf">
         <name>.text:memset</name>
         <load_address>0xdcbe</load_address>
         <run_address>0xdcbe</run_address>
         <size>0x14</size>
         <input_file_ref idref="fl-5b"/>
      </object_component>
      <object_component id="oc-3ff">
         <name>.text:memcpy</name>
         <load_address>0xdcd2</load_address>
         <run_address>0xdcd2</run_address>
         <size>0x12</size>
         <input_file_ref idref="fl-5a"/>
      </object_component>
      <object_component id="oc-5cc">
         <name>.text:strcpy</name>
         <load_address>0xdce4</load_address>
         <run_address>0xdce4</run_address>
         <size>0x10</size>
         <input_file_ref idref="fl-6a"/>
      </object_component>
      <object_component id="oc-73">
         <name>.text:decompress:rle24:__TI_decompress_rle24</name>
         <load_address>0xdcf4</load_address>
         <run_address>0xdcf4</run_address>
         <size>0xe</size>
         <input_file_ref idref="fl-29"/>
      </object_component>
      <object_component id="oc-48e">
         <name>.text:strlen</name>
         <load_address>0xdd02</load_address>
         <run_address>0xdd02</run_address>
         <size>0xe</size>
         <input_file_ref idref="fl-60"/>
      </object_component>
      <object_component id="oc-42f">
         <name>.text</name>
         <load_address>0xdd10</load_address>
         <run_address>0xdd10</run_address>
         <size>0xa</size>
         <input_file_ref idref="fl-45"/>
      </object_component>
      <object_component id="oc-322">
         <name>.text:_isr:__TI_ISR_TRAP</name>
         <load_address>0xdd1a</load_address>
         <run_address>0xdd1a</run_address>
         <size>0x8</size>
         <input_file_ref idref="fl-44"/>
      </object_component>
      <object_component id="oc-452">
         <name>.text:_outc</name>
         <load_address>0xdd22</load_address>
         <run_address>0xdd22</run_address>
         <size>0x6</size>
         <input_file_ref idref="fl-4d"/>
      </object_component>
      <object_component id="oc-367">
         <name>.text:abort</name>
         <load_address>0xdd28</load_address>
         <run_address>0xdd28</run_address>
         <size>0x6</size>
         <input_file_ref idref="fl-2d"/>
      </object_component>
      <object_component id="oc-44c">
         <name>.text:_outs</name>
         <load_address>0xdd2e</load_address>
         <run_address>0xdd2e</run_address>
         <size>0x4</size>
         <input_file_ref idref="fl-4d"/>
      </object_component>
      <object_component id="oc-33f">
         <name>.text:_system_pre_init</name>
         <load_address>0xdd32</load_address>
         <run_address>0xdd32</run_address>
         <size>0x4</size>
         <input_file_ref idref="fl-4c"/>
      </object_component>
      <object_component id="oc-41d">
         <name>.text:_nop</name>
         <load_address>0xdd36</load_address>
         <run_address>0xdd36</run_address>
         <size>0x2</size>
         <input_file_ref idref="fl-4e"/>
      </object_component>
      <object_component id="oc-397">
         <name>.text:_system_post_cinit</name>
         <load_address>0xdd38</load_address>
         <run_address>0xdd38</run_address>
         <size>0x2</size>
         <input_file_ref idref="fl-5d"/>
      </object_component>
      <object_component id="oc-5ac">
         <name>.bss:parmbuf</name>
         <uninitialized>true</uninitialized>
         <run_address>0x1dd4</run_address>
         <size>0x8</size>
         <input_file_ref idref="fl-62"/>
      </object_component>
      <object_component id="oc-550">
         <name>.bss</name>
         <uninitialized>true</uninitialized>
         <run_address>0x1ddc</run_address>
         <size>0x6</size>
         <input_file_ref idref="fl-6c"/>
      </object_component>
      <object_component id="oc-43f">
         <name>.common:CalValue_t</name>
         <uninitialized>true</uninitialized>
         <run_address>0x1dea</run_address>
         <size>0x2</size>
      </object_component>
      <object_component id="oc-442">
         <name>.common:CalValue_x</name>
         <uninitialized>true</uninitialized>
         <run_address>0x1dec</run_address>
         <size>0x2</size>
      </object_component>
      <object_component id="oc-443">
         <name>.common:CalValue_y</name>
         <uninitialized>true</uninitialized>
         <run_address>0x1dee</run_address>
         <size>0x2</size>
      </object_component>
      <object_component id="oc-444">
         <name>.common:CalValue_z</name>
         <uninitialized>true</uninitialized>
         <run_address>0x1df0</run_address>
         <size>0x2</size>
      </object_component>
      <object_component id="oc-38e">
         <name>.common:ADCTResult_t</name>
         <uninitialized>true</uninitialized>
         <run_address>0x1de2</run_address>
         <size>0x2</size>
      </object_component>
      <object_component id="oc-38d">
         <name>.common:ADCTResult_x</name>
         <uninitialized>true</uninitialized>
         <run_address>0x1de4</run_address>
         <size>0x2</size>
      </object_component>
      <object_component id="oc-38c">
         <name>.common:ADCTResult_y</name>
         <uninitialized>true</uninitialized>
         <run_address>0x1de6</run_address>
         <size>0x2</size>
      </object_component>
      <object_component id="oc-389">
         <name>.common:ADCTResult_z</name>
         <uninitialized>true</uninitialized>
         <run_address>0x1de8</run_address>
         <size>0x2</size>
      </object_component>
      <object_component id="oc-5a1">
         <name>.common:__TI_tmpnams</name>
         <uninitialized>true</uninitialized>
         <run_address>0x1d34</run_address>
         <size>0xa0</size>
      </object_component>
      <object_component id="oc-386">
         <name>.data</name>
         <load_address>0x1d2c</load_address>
         <run_address>0x1d2c</run_address>
         <size>0x2</size>
         <input_file_ref idref="fl-2"/>
      </object_component>
      <object_component id="oc-436">
         <name>.data:ThreshRange</name>
         <load_address>0x1d28</load_address>
         <run_address>0x1d28</run_address>
         <size>0x3</size>
         <input_file_ref idref="fl-4"/>
      </object_component>
      <object_component id="oc-3a6">
         <name>.data</name>
         <load_address>0x1d30</load_address>
         <run_address>0x1d30</run_address>
         <size>0x2</size>
         <input_file_ref idref="fl-2d"/>
      </object_component>
      <object_component id="oc-3af">
         <name>.data:__TI_cleanup_ptr</name>
         <load_address>0x1d18</load_address>
         <run_address>0x1d18</run_address>
         <size>0x4</size>
         <input_file_ref idref="fl-2e"/>
      </object_component>
      <object_component id="oc-3ac">
         <name>.data:__TI_dtors_ptr</name>
         <load_address>0x1d1c</load_address>
         <run_address>0x1d1c</run_address>
         <size>0x4</size>
         <input_file_ref idref="fl-2e"/>
      </object_component>
      <object_component id="oc-3a9">
         <name>.data:_lock</name>
         <load_address>0x1d20</load_address>
         <run_address>0x1d20</run_address>
         <size>0x4</size>
         <input_file_ref idref="fl-4e"/>
      </object_component>
      <object_component id="oc-3b2">
         <name>.data:_unlock</name>
         <load_address>0x1d24</load_address>
         <run_address>0x1d24</run_address>
         <size>0x4</size>
         <input_file_ref idref="fl-4e"/>
      </object_component>
      <object_component id="oc-449">
         <name>.data:_ftable</name>
         <load_address>0x1c78</load_address>
         <run_address>0x1c78</run_address>
         <size>0x78</size>
         <input_file_ref idref="fl-53"/>
      </object_component>
      <object_component id="oc-564">
         <name>.data</name>
         <load_address>0x1d2e</load_address>
         <run_address>0x1d2e</run_address>
         <size>0x2</size>
         <input_file_ref idref="fl-53"/>
      </object_component>
      <object_component id="oc-538">
         <name>.data:_device</name>
         <load_address>0x1c00</load_address>
         <run_address>0x1c00</run_address>
         <size>0x78</size>
         <input_file_ref idref="fl-56"/>
      </object_component>
      <object_component id="oc-4fc">
         <name>.data:_stream</name>
         <load_address>0x1cf0</load_address>
         <run_address>0x1cf0</run_address>
         <size>0x28</size>
         <input_file_ref idref="fl-56"/>
      </object_component>
      <object_component id="oc-554">
         <name>.data</name>
         <load_address>0x1d32</load_address>
         <run_address>0x1d32</run_address>
         <size>0x2</size>
         <input_file_ref idref="fl-6c"/>
      </object_component>
      <object_component id="oc-302">
         <name>.stack</name>
         <uninitialized>true</uninitialized>
         <run_address>0x1f60</run_address>
         <size>0x2</size>
         <input_file_ref idref="fl-26"/>
      </object_component>
      <object_component id="oc-678">
         <name>.stack</name>
         <uninitialized>true</uninitialized>
         <run_address>0x1f60</run_address>
         <size>0x0</size>
      </object_component>
      <object_component id="oc-79">
         <name>.int31</name>
         <load_address>0xffce</load_address>
         <run_address>0xffce</run_address>
         <size>0x2</size>
         <input_file_ref idref="fl-2f"/>
      </object_component>
      <object_component id="oc-7a">
         <name>.int32</name>
         <load_address>0xffd0</load_address>
         <run_address>0xffd0</run_address>
         <size>0x2</size>
         <input_file_ref idref="fl-4"/>
      </object_component>
      <object_component id="oc-7b">
         <name>.int33</name>
         <load_address>0xffd2</load_address>
         <run_address>0xffd2</run_address>
         <size>0x2</size>
         <input_file_ref idref="fl-30"/>
      </object_component>
      <object_component id="oc-7c">
         <name>.int34</name>
         <load_address>0xffd4</load_address>
         <run_address>0xffd4</run_address>
         <size>0x2</size>
         <input_file_ref idref="fl-31"/>
      </object_component>
      <object_component id="oc-7d">
         <name>.int35</name>
         <load_address>0xffd6</load_address>
         <run_address>0xffd6</run_address>
         <size>0x2</size>
         <input_file_ref idref="fl-32"/>
      </object_component>
      <object_component id="oc-7e">
         <name>.int36</name>
         <load_address>0xffd8</load_address>
         <run_address>0xffd8</run_address>
         <size>0x2</size>
         <input_file_ref idref="fl-33"/>
      </object_component>
      <object_component id="oc-7f">
         <name>.int37</name>
         <load_address>0xffda</load_address>
         <run_address>0xffda</run_address>
         <size>0x2</size>
         <input_file_ref idref="fl-34"/>
      </object_component>
      <object_component id="oc-80">
         <name>.int38</name>
         <load_address>0xffdc</load_address>
         <run_address>0xffdc</run_address>
         <size>0x2</size>
         <input_file_ref idref="fl-35"/>
      </object_component>
      <object_component id="oc-81">
         <name>.int39</name>
         <load_address>0xffde</load_address>
         <run_address>0xffde</run_address>
         <size>0x2</size>
         <input_file_ref idref="fl-36"/>
      </object_component>
      <object_component id="oc-82">
         <name>.int40</name>
         <load_address>0xffe0</load_address>
         <run_address>0xffe0</run_address>
         <size>0x2</size>
         <input_file_ref idref="fl-37"/>
      </object_component>
      <object_component id="oc-83">
         <name>.int41</name>
         <load_address>0xffe2</load_address>
         <run_address>0xffe2</run_address>
         <size>0x2</size>
         <input_file_ref idref="fl-4"/>
      </object_component>
      <object_component id="oc-84">
         <name>.int42</name>
         <load_address>0xffe4</load_address>
         <run_address>0xffe4</run_address>
         <size>0x2</size>
         <input_file_ref idref="fl-38"/>
      </object_component>
      <object_component id="oc-85">
         <name>.int43</name>
         <load_address>0xffe6</load_address>
         <run_address>0xffe6</run_address>
         <size>0x2</size>
         <input_file_ref idref="fl-39"/>
      </object_component>
      <object_component id="oc-86">
         <name>.int44</name>
         <load_address>0xffe8</load_address>
         <run_address>0xffe8</run_address>
         <size>0x2</size>
         <input_file_ref idref="fl-3a"/>
      </object_component>
      <object_component id="oc-87">
         <name>.int45</name>
         <load_address>0xffea</load_address>
         <run_address>0xffea</run_address>
         <size>0x2</size>
         <input_file_ref idref="fl-3b"/>
      </object_component>
      <object_component id="oc-88">
         <name>.int46</name>
         <load_address>0xffec</load_address>
         <run_address>0xffec</run_address>
         <size>0x2</size>
         <input_file_ref idref="fl-2"/>
      </object_component>
      <object_component id="oc-89">
         <name>.int47</name>
         <load_address>0xffee</load_address>
         <run_address>0xffee</run_address>
         <size>0x2</size>
         <input_file_ref idref="fl-3c"/>
      </object_component>
      <object_component id="oc-8a">
         <name>.int48</name>
         <load_address>0xfff0</load_address>
         <run_address>0xfff0</run_address>
         <size>0x2</size>
         <input_file_ref idref="fl-3d"/>
      </object_component>
      <object_component id="oc-8b">
         <name>.int49</name>
         <load_address>0xfff2</load_address>
         <run_address>0xfff2</run_address>
         <size>0x2</size>
         <input_file_ref idref="fl-3e"/>
      </object_component>
      <object_component id="oc-8c">
         <name>.int50</name>
         <load_address>0xfff4</load_address>
         <run_address>0xfff4</run_address>
         <size>0x2</size>
         <input_file_ref idref="fl-3f"/>
      </object_component>
      <object_component id="oc-8d">
         <name>.int51</name>
         <load_address>0xfff6</load_address>
         <run_address>0xfff6</run_address>
         <size>0x2</size>
         <input_file_ref idref="fl-40"/>
      </object_component>
      <object_component id="oc-8e">
         <name>.int52</name>
         <load_address>0xfff8</load_address>
         <run_address>0xfff8</run_address>
         <size>0x2</size>
         <input_file_ref idref="fl-41"/>
      </object_component>
      <object_component id="oc-8f">
         <name>.int53</name>
         <load_address>0xfffa</load_address>
         <run_address>0xfffa</run_address>
         <size>0x2</size>
         <input_file_ref idref="fl-42"/>
      </object_component>
      <object_component id="oc-90">
         <name>.int54</name>
         <load_address>0xfffc</load_address>
         <run_address>0xfffc</run_address>
         <size>0x2</size>
         <input_file_ref idref="fl-43"/>
      </object_component>
      <object_component id="oc-305">
         <name>.reset</name>
         <load_address>0xfffe</load_address>
         <run_address>0xfffe</run_address>
         <size>0x2</size>
         <input_file_ref idref="fl-26"/>
      </object_component>
      <object_component id="oc-440">
         <name>.debug_info</name>
         <load_address>0x0</load_address>
         <run_address>0x0</run_address>
         <size>0x2c4</size>
         <input_file_ref idref="fl-2"/>
      </object_component>
      <object_component id="oc-387">
         <name>.debug_info</name>
         <load_address>0x2c4</load_address>
         <run_address>0x2c4</run_address>
         <size>0xec</size>
         <input_file_ref idref="fl-2"/>
      </object_component>
      <object_component id="oc-334">
         <name>.debug_info</name>
         <load_address>0x3b0</load_address>
         <run_address>0x3b0</run_address>
         <size>0x111</size>
         <input_file_ref idref="fl-2"/>
      </object_component>
      <object_component id="oc-3e4">
         <name>.debug_info</name>
         <load_address>0x4c1</load_address>
         <run_address>0x4c1</run_address>
         <size>0x6f</size>
         <input_file_ref idref="fl-2"/>
      </object_component>
      <object_component id="oc-375">
         <name>.debug_info</name>
         <load_address>0x530</load_address>
         <run_address>0x530</run_address>
         <size>0x84</size>
         <input_file_ref idref="fl-2"/>
      </object_component>
      <object_component id="oc-38a">
         <name>.debug_info</name>
         <load_address>0x5b4</load_address>
         <run_address>0x5b4</run_address>
         <size>0x352</size>
         <input_file_ref idref="fl-3"/>
      </object_component>
      <object_component id="oc-361">
         <name>.debug_info</name>
         <load_address>0x906</load_address>
         <run_address>0x906</run_address>
         <size>0x1e7</size>
         <input_file_ref idref="fl-3"/>
      </object_component>
      <object_component id="oc-49c">
         <name>.debug_info</name>
         <load_address>0xaed</load_address>
         <run_address>0xaed</run_address>
         <size>0x2c</size>
         <input_file_ref idref="fl-3"/>
      </object_component>
      <object_component id="oc-447">
         <name>.debug_info</name>
         <load_address>0xb19</load_address>
         <run_address>0xb19</run_address>
         <size>0x5b6</size>
         <input_file_ref idref="fl-4"/>
      </object_component>
      <object_component id="oc-437">
         <name>.debug_info</name>
         <load_address>0x10cf</load_address>
         <run_address>0x10cf</run_address>
         <size>0xef</size>
         <input_file_ref idref="fl-4"/>
      </object_component>
      <object_component id="oc-3b9">
         <name>.debug_info</name>
         <load_address>0x11be</load_address>
         <run_address>0x11be</run_address>
         <size>0x19c</size>
         <input_file_ref idref="fl-4"/>
      </object_component>
      <object_component id="oc-3d7">
         <name>.debug_info</name>
         <load_address>0x135a</load_address>
         <run_address>0x135a</run_address>
         <size>0x1c8</size>
         <input_file_ref idref="fl-4"/>
      </object_component>
      <object_component id="oc-3bf">
         <name>.debug_info</name>
         <load_address>0x1522</load_address>
         <run_address>0x1522</run_address>
         <size>0x19b</size>
         <input_file_ref idref="fl-4"/>
      </object_component>
      <object_component id="oc-3d1">
         <name>.debug_info</name>
         <load_address>0x16bd</load_address>
         <run_address>0x16bd</run_address>
         <size>0x1c5</size>
         <input_file_ref idref="fl-4"/>
      </object_component>
      <object_component id="oc-3c5">
         <name>.debug_info</name>
         <load_address>0x1882</load_address>
         <run_address>0x1882</run_address>
         <size>0x125</size>
         <input_file_ref idref="fl-4"/>
      </object_component>
      <object_component id="oc-3cb">
         <name>.debug_info</name>
         <load_address>0x19a7</load_address>
         <run_address>0x19a7</run_address>
         <size>0x1a3</size>
         <input_file_ref idref="fl-4"/>
      </object_component>
      <object_component id="oc-32e">
         <name>.debug_info</name>
         <load_address>0x1b4a</load_address>
         <run_address>0x1b4a</run_address>
         <size>0x125</size>
         <input_file_ref idref="fl-4"/>
      </object_component>
      <object_component id="oc-328">
         <name>.debug_info</name>
         <load_address>0x1c6f</load_address>
         <run_address>0x1c6f</run_address>
         <size>0x11f</size>
         <input_file_ref idref="fl-4"/>
      </object_component>
      <object_component id="oc-303">
         <name>.debug_info</name>
         <load_address>0x1d8e</load_address>
         <run_address>0x1d8e</run_address>
         <size>0x111</size>
         <input_file_ref idref="fl-26"/>
      </object_component>
      <object_component id="oc-a7">
         <name>.debug_info</name>
         <load_address>0x1e9f</load_address>
         <run_address>0x1e9f</run_address>
         <size>0x1a3</size>
         <input_file_ref idref="fl-27"/>
      </object_component>
      <object_component id="oc-314">
         <name>.debug_info</name>
         <load_address>0x2042</load_address>
         <run_address>0x2042</run_address>
         <size>0x1eb</size>
         <input_file_ref idref="fl-28"/>
      </object_component>
      <object_component id="oc-71">
         <name>.debug_info</name>
         <load_address>0x222d</load_address>
         <run_address>0x222d</run_address>
         <size>0x203</size>
         <input_file_ref idref="fl-28"/>
      </object_component>
      <object_component id="oc-30f">
         <name>.debug_info</name>
         <load_address>0x2430</load_address>
         <run_address>0x2430</run_address>
         <size>0x46</size>
         <input_file_ref idref="fl-28"/>
      </object_component>
      <object_component id="oc-31c">
         <name>.debug_info</name>
         <load_address>0x2476</load_address>
         <run_address>0x2476</run_address>
         <size>0x1f0</size>
         <input_file_ref idref="fl-29"/>
      </object_component>
      <object_component id="oc-318">
         <name>.debug_info</name>
         <load_address>0x2666</load_address>
         <run_address>0x2666</run_address>
         <size>0x2dc</size>
         <input_file_ref idref="fl-29"/>
      </object_component>
      <object_component id="oc-74">
         <name>.debug_info</name>
         <load_address>0x2942</load_address>
         <run_address>0x2942</run_address>
         <size>0x1dc</size>
         <input_file_ref idref="fl-29"/>
      </object_component>
      <object_component id="oc-31d">
         <name>.debug_info</name>
         <load_address>0x2b1e</load_address>
         <run_address>0x2b1e</run_address>
         <size>0x39</size>
         <input_file_ref idref="fl-29"/>
      </object_component>
      <object_component id="oc-30a">
         <name>.debug_info</name>
         <load_address>0x2b57</load_address>
         <run_address>0x2b57</run_address>
         <size>0x135</size>
         <input_file_ref idref="fl-2b"/>
      </object_component>
      <object_component id="oc-43d">
         <name>.debug_info</name>
         <load_address>0x2c8c</load_address>
         <run_address>0x2c8c</run_address>
         <size>0x135</size>
         <input_file_ref idref="fl-2c"/>
      </object_component>
      <object_component id="oc-3b6">
         <name>.debug_info</name>
         <load_address>0x2dc1</load_address>
         <run_address>0x2dc1</run_address>
         <size>0x26b</size>
         <input_file_ref idref="fl-2d"/>
      </object_component>
      <object_component id="oc-3a7">
         <name>.debug_info</name>
         <load_address>0x302c</load_address>
         <run_address>0x302c</run_address>
         <size>0x143</size>
         <input_file_ref idref="fl-2d"/>
      </object_component>
      <object_component id="oc-368">
         <name>.debug_info</name>
         <load_address>0x316f</load_address>
         <run_address>0x316f</run_address>
         <size>0x133</size>
         <input_file_ref idref="fl-2d"/>
      </object_component>
      <object_component id="oc-352">
         <name>.debug_info</name>
         <load_address>0x32a2</load_address>
         <run_address>0x32a2</run_address>
         <size>0x1a8</size>
         <input_file_ref idref="fl-2d"/>
      </object_component>
      <object_component id="oc-428">
         <name>.debug_info</name>
         <load_address>0x344a</load_address>
         <run_address>0x344a</run_address>
         <size>0x114</size>
         <input_file_ref idref="fl-2e"/>
      </object_component>
      <object_component id="oc-3b0">
         <name>.debug_info</name>
         <load_address>0x355e</load_address>
         <run_address>0x355e</run_address>
         <size>0x12b</size>
         <input_file_ref idref="fl-2e"/>
      </object_component>
      <object_component id="oc-3ad">
         <name>.debug_info</name>
         <load_address>0x3689</load_address>
         <run_address>0x3689</run_address>
         <size>0x127</size>
         <input_file_ref idref="fl-2e"/>
      </object_component>
      <object_component id="oc-325">
         <name>.debug_info</name>
         <load_address>0x37b0</load_address>
         <run_address>0x37b0</run_address>
         <size>0x123</size>
         <input_file_ref idref="fl-44"/>
      </object_component>
      <object_component id="oc-430">
         <name>.debug_info</name>
         <load_address>0x38d3</load_address>
         <run_address>0x38d3</run_address>
         <size>0x134</size>
         <input_file_ref idref="fl-45"/>
      </object_component>
      <object_component id="oc-3fc">
         <name>.debug_info</name>
         <load_address>0x3a07</load_address>
         <run_address>0x3a07</run_address>
         <size>0x144</size>
         <input_file_ref idref="fl-48"/>
      </object_component>
      <object_component id="oc-342">
         <name>.debug_info</name>
         <load_address>0x3b4b</load_address>
         <run_address>0x3b4b</run_address>
         <size>0x164</size>
         <input_file_ref idref="fl-4c"/>
      </object_component>
      <object_component id="oc-45f">
         <name>.debug_info</name>
         <load_address>0x3caf</load_address>
         <run_address>0x3caf</run_address>
         <size>0x2b8</size>
         <input_file_ref idref="fl-4d"/>
      </object_component>
      <object_component id="oc-453">
         <name>.debug_info</name>
         <load_address>0x3f67</load_address>
         <run_address>0x3f67</run_address>
         <size>0x173</size>
         <input_file_ref idref="fl-4d"/>
      </object_component>
      <object_component id="oc-44d">
         <name>.debug_info</name>
         <load_address>0x40da</load_address>
         <run_address>0x40da</run_address>
         <size>0x177</size>
         <input_file_ref idref="fl-4d"/>
      </object_component>
      <object_component id="oc-3de">
         <name>.debug_info</name>
         <load_address>0x4251</load_address>
         <run_address>0x4251</run_address>
         <size>0x195</size>
         <input_file_ref idref="fl-4d"/>
      </object_component>
      <object_component id="oc-4a8">
         <name>.debug_info</name>
         <load_address>0x43e6</load_address>
         <run_address>0x43e6</run_address>
         <size>0xae</size>
         <input_file_ref idref="fl-4d"/>
      </object_component>
      <object_component id="oc-425">
         <name>.debug_info</name>
         <load_address>0x4494</load_address>
         <run_address>0x4494</run_address>
         <size>0x174</size>
         <input_file_ref idref="fl-4e"/>
      </object_component>
      <object_component id="oc-3aa">
         <name>.debug_info</name>
         <load_address>0x4608</load_address>
         <run_address>0x4608</run_address>
         <size>0x110</size>
         <input_file_ref idref="fl-4e"/>
      </object_component>
      <object_component id="oc-3b3">
         <name>.debug_info</name>
         <load_address>0x4718</load_address>
         <run_address>0x4718</run_address>
         <size>0x114</size>
         <input_file_ref idref="fl-4e"/>
      </object_component>
      <object_component id="oc-41f">
         <name>.debug_info</name>
         <load_address>0x482c</load_address>
         <run_address>0x482c</run_address>
         <size>0x13f</size>
         <input_file_ref idref="fl-4e"/>
      </object_component>
      <object_component id="oc-49b">
         <name>.debug_info</name>
         <load_address>0x496b</load_address>
         <run_address>0x496b</run_address>
         <size>0x35d</size>
         <input_file_ref idref="fl-4f"/>
      </object_component>
      <object_component id="oc-4d7">
         <name>.debug_info</name>
         <load_address>0x4cc8</load_address>
         <run_address>0x4cc8</run_address>
         <size>0x2ac</size>
         <input_file_ref idref="fl-4f"/>
      </object_component>
      <object_component id="oc-495">
         <name>.debug_info</name>
         <load_address>0x4f74</load_address>
         <run_address>0x4f74</run_address>
         <size>0x2a0</size>
         <input_file_ref idref="fl-4f"/>
      </object_component>
      <object_component id="oc-459">
         <name>.debug_info</name>
         <load_address>0x5214</load_address>
         <run_address>0x5214</run_address>
         <size>0x2f8</size>
         <input_file_ref idref="fl-4f"/>
      </object_component>
      <object_component id="oc-4a1">
         <name>.debug_info</name>
         <load_address>0x550c</load_address>
         <run_address>0x550c</run_address>
         <size>0x86</size>
         <input_file_ref idref="fl-4f"/>
      </object_component>
      <object_component id="oc-50a">
         <name>.debug_info</name>
         <load_address>0x5592</load_address>
         <run_address>0x5592</run_address>
         <size>0x39</size>
         <input_file_ref idref="fl-4f"/>
      </object_component>
      <object_component id="oc-4e5">
         <name>.debug_info</name>
         <load_address>0x55cb</load_address>
         <run_address>0x55cb</run_address>
         <size>0x2c</size>
         <input_file_ref idref="fl-4f"/>
      </object_component>
      <object_component id="oc-39e">
         <name>.debug_info</name>
         <load_address>0x55f7</load_address>
         <run_address>0x55f7</run_address>
         <size>0x41e</size>
         <input_file_ref idref="fl-51"/>
      </object_component>
      <object_component id="oc-346">
         <name>.debug_info</name>
         <load_address>0x5a15</load_address>
         <run_address>0x5a15</run_address>
         <size>0x23e</size>
         <input_file_ref idref="fl-51"/>
      </object_component>
      <object_component id="oc-40a">
         <name>.debug_info</name>
         <load_address>0x5c53</load_address>
         <run_address>0x5c53</run_address>
         <size>0x39</size>
         <input_file_ref idref="fl-51"/>
      </object_component>
      <object_component id="oc-39f">
         <name>.debug_info</name>
         <load_address>0x5c8c</load_address>
         <run_address>0x5c8c</run_address>
         <size>0x2c</size>
         <input_file_ref idref="fl-51"/>
      </object_component>
      <object_component id="oc-40f">
         <name>.debug_info</name>
         <load_address>0x5cb8</load_address>
         <run_address>0x5cb8</run_address>
         <size>0xcd</size>
         <input_file_ref idref="fl-51"/>
      </object_component>
      <object_component id="oc-406">
         <name>.debug_info</name>
         <load_address>0x5d85</load_address>
         <run_address>0x5d85</run_address>
         <size>0x2c8</size>
         <input_file_ref idref="fl-52"/>
      </object_component>
      <object_component id="oc-392">
         <name>.debug_info</name>
         <load_address>0x604d</load_address>
         <run_address>0x604d</run_address>
         <size>0x228</size>
         <input_file_ref idref="fl-52"/>
      </object_component>
      <object_component id="oc-46a">
         <name>.debug_info</name>
         <load_address>0x6275</load_address>
         <run_address>0x6275</run_address>
         <size>0x2c</size>
         <input_file_ref idref="fl-52"/>
      </object_component>
      <object_component id="oc-3ec">
         <name>.debug_info</name>
         <load_address>0x62a1</load_address>
         <run_address>0x62a1</run_address>
         <size>0x2c</size>
         <input_file_ref idref="fl-52"/>
      </object_component>
      <object_component id="oc-47e">
         <name>.debug_info</name>
         <load_address>0x62cd</load_address>
         <run_address>0x62cd</run_address>
         <size>0x14f</size>
         <input_file_ref idref="fl-53"/>
      </object_component>
      <object_component id="oc-44a">
         <name>.debug_info</name>
         <load_address>0x641c</load_address>
         <run_address>0x641c</run_address>
         <size>0x113</size>
         <input_file_ref idref="fl-53"/>
      </object_component>
      <object_component id="oc-565">
         <name>.debug_info</name>
         <load_address>0x652f</load_address>
         <run_address>0x652f</run_address>
         <size>0x11b</size>
         <input_file_ref idref="fl-53"/>
      </object_component>
      <object_component id="oc-4cc">
         <name>.debug_info</name>
         <load_address>0x664a</load_address>
         <run_address>0x664a</run_address>
         <size>0x26c</size>
         <input_file_ref idref="fl-54"/>
      </object_component>
      <object_component id="oc-48a">
         <name>.debug_info</name>
         <load_address>0x68b6</load_address>
         <run_address>0x68b6</run_address>
         <size>0x1e1</size>
         <input_file_ref idref="fl-54"/>
      </object_component>
      <object_component id="oc-4ca">
         <name>.debug_info</name>
         <load_address>0x6a97</load_address>
         <run_address>0x6a97</run_address>
         <size>0x330</size>
         <input_file_ref idref="fl-55"/>
      </object_component>
      <object_component id="oc-481">
         <name>.debug_info</name>
         <load_address>0x6dc7</load_address>
         <run_address>0x6dc7</run_address>
         <size>0x2d8</size>
         <input_file_ref idref="fl-55"/>
      </object_component>
      <object_component id="oc-500">
         <name>.debug_info</name>
         <load_address>0x709f</load_address>
         <run_address>0x709f</run_address>
         <size>0x4b1</size>
         <input_file_ref idref="fl-56"/>
      </object_component>
      <object_component id="oc-539">
         <name>.debug_info</name>
         <load_address>0x7550</load_address>
         <run_address>0x7550</run_address>
         <size>0x114</size>
         <input_file_ref idref="fl-56"/>
      </object_component>
      <object_component id="oc-4fd">
         <name>.debug_info</name>
         <load_address>0x7664</load_address>
         <run_address>0x7664</run_address>
         <size>0x114</size>
         <input_file_ref idref="fl-56"/>
      </object_component>
      <object_component id="oc-4c4">
         <name>.debug_info</name>
         <load_address>0x7778</load_address>
         <run_address>0x7778</run_address>
         <size>0x1a0</size>
         <input_file_ref idref="fl-56"/>
      </object_component>
      <object_component id="oc-5f8">
         <name>.debug_info</name>
         <load_address>0x7918</load_address>
         <run_address>0x7918</run_address>
         <size>0x199</size>
         <input_file_ref idref="fl-56"/>
      </object_component>
      <object_component id="oc-5d5">
         <name>.debug_info</name>
         <load_address>0x7ab1</load_address>
         <run_address>0x7ab1</run_address>
         <size>0x1f2</size>
         <input_file_ref idref="fl-56"/>
      </object_component>
      <object_component id="oc-5a3">
         <name>.debug_info</name>
         <load_address>0x7ca3</load_address>
         <run_address>0x7ca3</run_address>
         <size>0x1b9</size>
         <input_file_ref idref="fl-56"/>
      </object_component>
      <object_component id="oc-512">
         <name>.debug_info</name>
         <load_address>0x7e5c</load_address>
         <run_address>0x7e5c</run_address>
         <size>0x1ab</size>
         <input_file_ref idref="fl-56"/>
      </object_component>
      <object_component id="oc-59c">
         <name>.debug_info</name>
         <load_address>0x8007</load_address>
         <run_address>0x8007</run_address>
         <size>0x19f</size>
         <input_file_ref idref="fl-56"/>
      </object_component>
      <object_component id="oc-53f">
         <name>.debug_info</name>
         <load_address>0x81a6</load_address>
         <run_address>0x81a6</run_address>
         <size>0x120</size>
         <input_file_ref idref="fl-56"/>
      </object_component>
      <object_component id="oc-544">
         <name>.debug_info</name>
         <load_address>0x82c6</load_address>
         <run_address>0x82c6</run_address>
         <size>0x2c</size>
         <input_file_ref idref="fl-56"/>
      </object_component>
      <object_component id="oc-510">
         <name>.debug_info</name>
         <load_address>0x82f2</load_address>
         <run_address>0x82f2</run_address>
         <size>0x17f</size>
         <input_file_ref idref="fl-58"/>
      </object_component>
      <object_component id="oc-4dd">
         <name>.debug_info</name>
         <load_address>0x8471</load_address>
         <run_address>0x8471</run_address>
         <size>0x1c7</size>
         <input_file_ref idref="fl-58"/>
      </object_component>
      <object_component id="oc-4f9">
         <name>.debug_info</name>
         <load_address>0x8638</load_address>
         <run_address>0x8638</run_address>
         <size>0x189</size>
         <input_file_ref idref="fl-59"/>
      </object_component>
      <object_component id="oc-4ba">
         <name>.debug_info</name>
         <load_address>0x87c1</load_address>
         <run_address>0x87c1</run_address>
         <size>0x287</size>
         <input_file_ref idref="fl-59"/>
      </object_component>
      <object_component id="oc-467">
         <name>.debug_info</name>
         <load_address>0x8a48</load_address>
         <run_address>0x8a48</run_address>
         <size>0x189</size>
         <input_file_ref idref="fl-5a"/>
      </object_component>
      <object_component id="oc-402">
         <name>.debug_info</name>
         <load_address>0x8bd1</load_address>
         <run_address>0x8bd1</run_address>
         <size>0x1ad</size>
         <input_file_ref idref="fl-5a"/>
      </object_component>
      <object_component id="oc-508">
         <name>.debug_info</name>
         <load_address>0x8d7e</load_address>
         <run_address>0x8d7e</run_address>
         <size>0x17e</size>
         <input_file_ref idref="fl-5b"/>
      </object_component>
      <object_component id="oc-4d0">
         <name>.debug_info</name>
         <load_address>0x8efc</load_address>
         <run_address>0x8efc</run_address>
         <size>0x2ac</size>
         <input_file_ref idref="fl-5b"/>
      </object_component>
      <object_component id="oc-39a">
         <name>.debug_info</name>
         <load_address>0x91a8</load_address>
         <run_address>0x91a8</run_address>
         <size>0x161</size>
         <input_file_ref idref="fl-5d"/>
      </object_component>
      <object_component id="oc-605">
         <name>.debug_info</name>
         <load_address>0x9309</load_address>
         <run_address>0x9309</run_address>
         <size>0x183</size>
         <input_file_ref idref="fl-5e"/>
      </object_component>
      <object_component id="oc-5ee">
         <name>.debug_info</name>
         <load_address>0x948c</load_address>
         <run_address>0x948c</run_address>
         <size>0x29c</size>
         <input_file_ref idref="fl-5e"/>
      </object_component>
      <object_component id="oc-614">
         <name>.debug_info</name>
         <load_address>0x9728</load_address>
         <run_address>0x9728</run_address>
         <size>0x173</size>
         <input_file_ref idref="fl-5f"/>
      </object_component>
      <object_component id="oc-60b">
         <name>.debug_info</name>
         <load_address>0x989b</load_address>
         <run_address>0x989b</run_address>
         <size>0x2aa</size>
         <input_file_ref idref="fl-5f"/>
      </object_component>
      <object_component id="oc-4ce">
         <name>.debug_info</name>
         <load_address>0x9b45</load_address>
         <run_address>0x9b45</run_address>
         <size>0x173</size>
         <input_file_ref idref="fl-60"/>
      </object_component>
      <object_component id="oc-48f">
         <name>.debug_info</name>
         <load_address>0x9cb8</load_address>
         <run_address>0x9cb8</run_address>
         <size>0x267</size>
         <input_file_ref idref="fl-60"/>
      </object_component>
      <object_component id="oc-607">
         <name>.debug_info</name>
         <load_address>0x9f1f</load_address>
         <run_address>0x9f1f</run_address>
         <size>0x17f</size>
         <input_file_ref idref="fl-61"/>
      </object_component>
      <object_component id="oc-5f3">
         <name>.debug_info</name>
         <load_address>0xa09e</load_address>
         <run_address>0xa09e</run_address>
         <size>0x29c</size>
         <input_file_ref idref="fl-61"/>
      </object_component>
      <object_component id="oc-5bc">
         <name>.debug_info</name>
         <load_address>0xa33a</load_address>
         <run_address>0xa33a</run_address>
         <size>0x2dd</size>
         <input_file_ref idref="fl-62"/>
      </object_component>
      <object_component id="oc-5ad">
         <name>.debug_info</name>
         <load_address>0xa617</load_address>
         <run_address>0xa617</run_address>
         <size>0x114</size>
         <input_file_ref idref="fl-62"/>
      </object_component>
      <object_component id="oc-57f">
         <name>.debug_info</name>
         <load_address>0xa72b</load_address>
         <run_address>0xa72b</run_address>
         <size>0x208</size>
         <input_file_ref idref="fl-62"/>
      </object_component>
      <object_component id="oc-58b">
         <name>.debug_info</name>
         <load_address>0xa933</load_address>
         <run_address>0xa933</run_address>
         <size>0x1cc</size>
         <input_file_ref idref="fl-62"/>
      </object_component>
      <object_component id="oc-590">
         <name>.debug_info</name>
         <load_address>0xaaff</load_address>
         <run_address>0xaaff</run_address>
         <size>0x23e</size>
         <input_file_ref idref="fl-62"/>
      </object_component>
      <object_component id="oc-579">
         <name>.debug_info</name>
         <load_address>0xad3d</load_address>
         <run_address>0xad3d</run_address>
         <size>0x206</size>
         <input_file_ref idref="fl-62"/>
      </object_component>
      <object_component id="oc-56d">
         <name>.debug_info</name>
         <load_address>0xaf43</load_address>
         <run_address>0xaf43</run_address>
         <size>0x217</size>
         <input_file_ref idref="fl-62"/>
      </object_component>
      <object_component id="oc-584">
         <name>.debug_info</name>
         <load_address>0xb15a</load_address>
         <run_address>0xb15a</run_address>
         <size>0x253</size>
         <input_file_ref idref="fl-62"/>
      </object_component>
      <object_component id="oc-573">
         <name>.debug_info</name>
         <load_address>0xb3ad</load_address>
         <run_address>0xb3ad</run_address>
         <size>0x1c4</size>
         <input_file_ref idref="fl-62"/>
      </object_component>
      <object_component id="oc-5e3">
         <name>.debug_info</name>
         <load_address>0xb571</load_address>
         <run_address>0xb571</run_address>
         <size>0x1a4</size>
         <input_file_ref idref="fl-63"/>
      </object_component>
      <object_component id="oc-5e0">
         <name>.debug_info</name>
         <load_address>0xb715</load_address>
         <run_address>0xb715</run_address>
         <size>0x117</size>
         <input_file_ref idref="fl-63"/>
      </object_component>
      <object_component id="oc-5b0">
         <name>.debug_info</name>
         <load_address>0xb82c</load_address>
         <run_address>0xb82c</run_address>
         <size>0x1f0</size>
         <input_file_ref idref="fl-63"/>
      </object_component>
      <object_component id="oc-5b8">
         <name>.debug_info</name>
         <load_address>0xba1c</load_address>
         <run_address>0xba1c</run_address>
         <size>0x1ab</size>
         <input_file_ref idref="fl-63"/>
      </object_component>
      <object_component id="oc-4f7">
         <name>.debug_info</name>
         <load_address>0xbbc7</load_address>
         <run_address>0xbbc7</run_address>
         <size>0x1de</size>
         <input_file_ref idref="fl-64"/>
      </object_component>
      <object_component id="oc-4b3">
         <name>.debug_info</name>
         <load_address>0xbda5</load_address>
         <run_address>0xbda5</run_address>
         <size>0x1a7</size>
         <input_file_ref idref="fl-64"/>
      </object_component>
      <object_component id="oc-52d">
         <name>.debug_info</name>
         <load_address>0xbf4c</load_address>
         <run_address>0xbf4c</run_address>
         <size>0xbb</size>
         <input_file_ref idref="fl-64"/>
      </object_component>
      <object_component id="oc-5c1">
         <name>.debug_info</name>
[...]
         <object_component_ref idref="oc-3ca"/>
      </symbol>
      <symbol id="sm-32e">
         <name>switchesRead</name>
         <value>0xdae4</value>
         <object_component_ref idref="oc-3d0"/>
      </symbol>
      <symbol id="sm-32f">
         <name>ledsInit</name>
         <value>0xda58</value>
         <object_component_ref idref="oc-3b8"/>
      </symbol>
      <symbol id="sm-330">
         <name>switchesInit</name>
         <value>0xdbde</value>
         <object_component_ref idref="oc-3be"/>
      </symbol>
      <symbol id="sm-331">
         <name>Timer1_A0_ISR</name>
         <value>0xdc96</value>
         <object_component_ref idref="oc-32d"/>
      </symbol>
      <symbol id="sm-332">
         <name>ThreshRange</name>
         <value>0x1d28</value>
         <object_component_ref idref="oc-436"/>
      </symbol>
      <symbol id="sm-333">
         <name>SetupThermistor</name>
         <value>0xd6b0</value>
         <object_component_ref idref="oc-3c4"/>
      </symbol>
      <symbol id="sm-334">
         <name>Port_4_ISR</name>
         <value>0xd52c</value>
         <object_component_ref idref="oc-327"/>
      </symbol>
      <symbol id="sm-33d">
         <name>_stack</name>
         <value>0x1f60</value>
         <object_component_ref idref="oc-302"/>
      </symbol>
      <symbol id="sm-33e">
         <name>_reset_vector</name>
         <value>0xfffe</value>
         <object_component_ref idref="oc-305"/>
      </symbol>
      <symbol id="sm-348">
         <name>_c_int00_noargs</name>
         <value>0xdc00</value>
         <object_component_ref idref="oc-a3"/>
      </symbol>
      <symbol id="sm-359">
         <name>__TI_decompress_none</name>
         <value>0xd978</value>
         <object_component_ref idref="oc-6d"/>
      </symbol>
      <symbol id="sm-37d">
         <name>__TI_decompress_rle24</name>
         <value>0xdcf4</value>
         <object_component_ref idref="oc-73"/>
      </symbol>
      <symbol id="sm-389">
         <name>__memcpy_far</name>
         <value>0xd87c</value>
         <object_component_ref idref="oc-309"/>
      </symbol>
      <symbol id="sm-393">
         <name>__mspabi_remu</name>
         <value>0xdc80</value>
         <object_component_ref idref="oc-43a"/>
      </symbol>
      <symbol id="sm-394">
         <name>__mspabi_divu</name>
         <value>0xdc80</value>
         <object_component_ref idref="oc-43a"/>
      </symbol>
      <symbol id="sm-3b1">
         <name>C$$EXIT</name>
         <value>0xdd28</value>
         <object_component_ref idref="oc-367"/>
      </symbol>
      <symbol id="sm-3b2">
         <name>abort</name>
         <value>0xdd28</value>
         <object_component_ref idref="oc-367"/>
      </symbol>
      <symbol id="sm-3b3">
         <name>exit</name>
         <value>0xd7ac</value>
         <object_component_ref idref="oc-351"/>
      </symbol>
      <symbol id="sm-3b4">
         <name>__TI_enable_exit_profile_output</name>
         <value>0x1d30</value>
         <object_component_ref idref="oc-3a6"/>
      </symbol>
      <symbol id="sm-3c3">
         <name>__TI_dtors_ptr</name>
         <value>0x1d1c</value>
         <object_component_ref idref="oc-3ac"/>
      </symbol>
      <symbol id="sm-3c4">
         <name>__TI_cleanup_ptr</name>
         <value>0x1d18</value>
         <object_component_ref idref="oc-3af"/>
      </symbol>
      <symbol id="sm-3c7">
         <name>__TI_int31</name>
         <value>0xffce</value>
         <object_component_ref idref="oc-79"/>
      </symbol>
      <symbol id="sm-3ca">
         <name>__TI_int33</name>
         <value>0xffd2</value>
         <object_component_ref idref="oc-7b"/>
      </symbol>
      <symbol id="sm-3cd">
         <name>__TI_int34</name>
         <value>0xffd4</value>
         <object_component_ref idref="oc-7c"/>
      </symbol>
      <symbol id="sm-3d0">
         <name>__TI_int35</name>
         <value>0xffd6</value>
         <object_component_ref idref="oc-7d"/>
      </symbol>
      <symbol id="sm-3d3">
         <name>__TI_int36</name>
         <value>0xffd8</value>
         <object_component_ref idref="oc-7e"/>
      </symbol>
      <symbol id="sm-3d6">
         <name>__TI_int37</name>
         <value>0xffda</value>
         <object_component_ref idref="oc-7f"/>
      </symbol>
      <symbol id="sm-3d9">
         <name>__TI_int38</name>
         <value>0xffdc</value>
         <object_component_ref idref="oc-80"/>
      </symbol>
      <symbol id="sm-3dc">
         <name>__TI_int39</name>
         <value>0xffde</value>
         <object_component_ref idref="oc-81"/>
      </symbol>
      <symbol id="sm-3df">
         <name>__TI_int40</name>
         <value>0xffe0</value>
         <object_component_ref idref="oc-82"/>
      </symbol>
      <symbol id="sm-3e2">
         <name>__TI_int42</name>
         <value>0xffe4</value>
         <object_component_ref idref="oc-84"/>
      </symbol>
      <symbol id="sm-3e5">
         <name>__TI_int43</name>
         <value>0xffe6</value>
         <object_component_ref idref="oc-85"/>
      </symbol>
      <symbol id="sm-3e8">
         <name>__TI_int44</name>
         <value>0xffe8</value>
         <object_component_ref idref="oc-86"/>
      </symbol>
      <symbol id="sm-3eb">
         <name>__TI_int45</name>
         <value>0xffea</value>
         <object_component_ref idref="oc-87"/>
      </symbol>
      <symbol id="sm-3ee">
         <name>__TI_int47</name>
         <value>0xffee</value>
         <object_component_ref idref="oc-89"/>
      </symbol>
      <symbol id="sm-3f1">
         <name>__TI_int48</name>
         <value>0xfff0</value>
         <object_component_ref idref="oc-8a"/>
      </symbol>
      <symbol id="sm-3f4">
         <name>__TI_int49</name>
         <value>0xfff2</value>
         <object_component_ref idref="oc-8b"/>
      </symbol>
      <symbol id="sm-3f7">
         <name>__TI_int50</name>
         <value>0xfff4</value>
         <object_component_ref idref="oc-8c"/>
      </symbol>
      <symbol id="sm-3fa">
         <name>__TI_int51</name>
         <value>0xfff6</value>
         <object_component_ref idref="oc-8d"/>
      </symbol>
      <symbol id="sm-3fd">
         <name>__TI_int52</name>
         <value>0xfff8</value>
         <object_component_ref idref="oc-8e"/>
      </symbol>
      <symbol id="sm-400">
         <name>__TI_int53</name>
         <value>0xfffa</value>
         <object_component_ref idref="oc-8f"/>
      </symbol>
      <symbol id="sm-403">
         <name>__TI_int54</name>
         <value>0xfffc</value>
         <object_component_ref idref="oc-90"/>
      </symbol>
      <symbol id="sm-40b">
         <name>__TI_ISR_TRAP</name>
         <value>0xdd1a</value>
         <object_component_ref idref="oc-322"/>
      </symbol>
      <symbol id="sm-414">
         <name>__mspabi_slli</name>
         <value>0xdd10</value>
         <object_component_ref idref="oc-42f"/>
      </symbol>
      <symbol id="sm-41e">
         <name>__mspabi_mpyi_f5hw</name>
         <value>0xdc50</value>
         <object_component_ref idref="oc-3fa"/>
      </symbol>
      <symbol id="sm-42a">
         <name>_system_pre_init</name>
         <value>0xdd32</value>
         <object_component_ref idref="oc-33f"/>
      </symbol>
      <symbol id="sm-44d">
         <name>printf</name>
         <value>0xd8bc</value>
         <object_component_ref idref="oc-3dd"/>
      </symbol>
      <symbol id="sm-463">
         <name>_nop</name>
         <value>0xdd36</value>
         <object_component_ref idref="oc-41d"/>
      </symbol>
      <symbol id="sm-464">
         <name>_lock</name>
         <value>0x1d20</value>
         <object_component_ref idref="oc-3a9"/>
      </symbol>
      <symbol id="sm-465">
         <name>_unlock</name>
         <value>0x1d24</value>
         <object_component_ref idref="oc-3b2"/>
      </symbol>
      <symbol id="sm-4b1">
         <name>__TI_printfi_minimal</name>
         <value>0xcb0e</value>
         <object_component_ref idref="oc-458"/>
      </symbol>
      <symbol id="sm-4d3">
         <name>_auto_init_hold_wdt</name>
         <value>0xd0e6</value>
         <object_component_ref idref="oc-345"/>
      </symbol>
      <symbol id="sm-4ef">
         <name>copy_in</name>
         <value>0xce4a</value>
         <object_component_ref idref="oc-391"/>
      </symbol>
      <symbol id="sm-4ff">
         <name>__TI_tmpnams</name>
         <value>0x1d34</value>
      </symbol>
      <symbol id="sm-500">
         <name>_ftable</name>
         <value>0x1c78</value>
         <object_component_ref idref="oc-449"/>
      </symbol>
      <symbol id="sm-501">
         <name>__TI_ft_end</name>
         <value>0x1d2e</value>
         <object_component_ref idref="oc-564"/>
      </symbol>
      <symbol id="sm-514">
         <name>putc</name>
         <value>0xd17c</value>
         <object_component_ref idref="oc-487"/>
      </symbol>
      <symbol id="sm-515">
         <name>fputc</name>
         <value>0xd17c</value>
         <object_component_ref idref="oc-487"/>
      </symbol>
      <symbol id="sm-52d">
         <name>fputs</name>
         <value>0xca30</value>
         <object_component_ref idref="oc-480"/>
      </symbol>
      <symbol id="sm-583">
         <name>lseek</name>
         <value>0xdb94</value>
         <object_component_ref idref="oc-511"/>
      </symbol>
      <symbol id="sm-584">
         <name>write</name>
         <value>0xdbba</value>
         <object_component_ref idref="oc-4c3"/>
      </symbol>
      <symbol id="sm-585">
         <name>close</name>
         <value>0xd762</value>
         <object_component_ref idref="oc-59b"/>
      </symbol>
      <symbol id="sm-586">
         <name>unlink</name>
         <value>0xdb6a</value>
         <object_component_ref idref="oc-5a2"/>
      </symbol>
      <symbol id="sm-596">
         <name>memccpy</name>
         <value>0xdc1c</value>
         <object_component_ref idref="oc-4dc"/>
      </symbol>
      <symbol id="sm-5a5">
         <name>memchr</name>
         <value>0xdcaa</value>
         <object_component_ref idref="oc-4b7"/>
      </symbol>
      <symbol id="sm-5b3">
         <name>memcpy</name>
         <value>0xdcd2</value>
         <object_component_ref idref="oc-3ff"/>
      </symbol>
      <symbol id="sm-5c1">
         <name>memset</name>
         <value>0xdcbe</value>
         <object_component_ref idref="oc-4cf"/>
      </symbol>
      <symbol id="sm-5cb">
         <name>_system_post_cinit</name>
         <value>0xdd38</value>
         <object_component_ref idref="oc-397"/>
      </symbol>
      <symbol id="sm-5da">
         <name>strchr</name>
         <value>0xdc36</value>
         <object_component_ref idref="oc-5eb"/>
      </symbol>
      <symbol id="sm-5e8">
         <name>strcmp</name>
         <value>0xdc68</value>
         <object_component_ref idref="oc-608"/>
      </symbol>
      <symbol id="sm-5f5">
         <name>strlen</name>
         <value>0xdd02</value>
         <object_component_ref idref="oc-48e"/>
      </symbol>
      <symbol id="sm-605">
         <name>strncpy</name>
         <value>0xdb3e</value>
         <object_component_ref idref="oc-5f1"/>
      </symbol>
      <symbol id="sm-644">
         <name>HOSTrename</name>
         <value>0xd38c</value>
         <object_component_ref idref="oc-58e"/>
      </symbol>
      <symbol id="sm-645">
         <name>HOSTclose</name>
         <value>0xd7f4</value>
         <object_component_ref idref="oc-570"/>
      </symbol>
      <symbol id="sm-646">
         <name>HOSTunlink</name>
         <value>0xd83a</value>
         <object_component_ref idref="oc-588"/>
      </symbol>
      <symbol id="sm-647">
         <name>HOSTlseek</name>
         <value>0xd04a</value>
         <object_component_ref idref="oc-582"/>
      </symbol>
      <symbol id="sm-648">
         <name>HOSTopen</name>
         <value>0xd4c8</value>
         <object_component_ref idref="oc-56a"/>
      </symbol>
      <symbol id="sm-649">
         <name>HOSTwrite</name>
         <value>0xd5f2</value>
         <object_component_ref idref="oc-57c"/>
      </symbol>
      <symbol id="sm-64a">
         <name>HOSTread</name>
         <value>0xd652</value>
         <object_component_ref idref="oc-576"/>
      </symbol>
      <symbol id="sm-668">
         <name>__TI_readmsg</name>
         <value>0xdb12</value>
         <object_component_ref idref="oc-5b5"/>
      </symbol>
      <symbol id="sm-669">
         <name>C$$IO$$</name>
         <value>0xdab2</value>
         <object_component_ref idref="oc-5af"/>
      </symbol>
      <symbol id="sm-66a">
         <name>_CIOBUF_</name>
         <value>0xc200</value>
         <object_component_ref idref="oc-5df"/>
      </symbol>
      <symbol id="sm-66b">
         <name>__TI_writemsg</name>
         <value>0xda88</value>
         <object_component_ref idref="oc-5af"/>
      </symbol>
      <symbol id="sm-683">
         <name>__TI_wrt_ok</name>
         <value>0xd312</value>
         <object_component_ref idref="oc-4b1"/>
      </symbol>
      <symbol id="sm-68b">
         <name>__mspabi_sral_15</name>
         <value>0xd8fc</value>
         <object_component_ref idref="oc-5c0"/>
      </symbol>
      <symbol id="sm-68c">
         <name>__mspabi_sral_14</name>
         <value>0xd900</value>
         <object_component_ref idref="oc-5c0"/>
      </symbol>
      <symbol id="sm-68d">
         <name>__mspabi_sral_13</name>
         <value>0xd904</value>
         <object_component_ref idref="oc-5c0"/>
      </symbol>
      <symbol id="sm-68e">
         <name>__mspabi_sral_12</name>
         <value>0xd908</value>
         <object_component_ref idref="oc-5c0"/>
      </symbol>
      <symbol id="sm-68f">
         <name>__mspabi_sral_11</name>
         <value>0xd90c</value>
         <object_component_ref idref="oc-5c0"/>
      </symbol>
      <symbol id="sm-690">
         <name>__mspabi_sral_10</name>
         <value>0xd910</value>
         <object_component_ref idref="oc-5c0"/>
      </symbol>
      <symbol id="sm-691">
         <name>__mspabi_sral_8</name>
         <value>0xd918</value>
         <object_component_ref idref="oc-5c0"/>
      </symbol>
      <symbol id="sm-692">
         <name>__mspabi_sral_9</name>
         <value>0xd914</value>
         <object_component_ref idref="oc-5c0"/>
      </symbol>
      <symbol id="sm-693">
         <name>__mspabi_sral_6</name>
         <value>0xd920</value>
         <object_component_ref idref="oc-5c0"/>
      </symbol>
      <symbol id="sm-694">
         <name>__mspabi_sral_7</name>
         <value>0xd91c</value>
         <object_component_ref idref="oc-5c0"/>
      </symbol>
      <symbol id="sm-695">
         <name>__mspabi_sral_4</name>
         <value>0xd928</value>
         <object_component_ref idref="oc-5c0"/>
      </symbol>
      <symbol id="sm-696">
         <name>__mspabi_sral_5</name>
         <value>0xd924</value>
         <object_component_ref idref="oc-5c0"/>
      </symbol>
      <symbol id="sm-697">
         <name>__mspabi_sral_2</name>
         <value>0xd930</value>
         <object_component_ref idref="oc-5c0"/>
      </symbol>
      <symbol id="sm-698">
         <name>__mspabi_sral_3</name>
         <value>0xd92c</value>
         <object_component_ref idref="oc-5c0"/>
      </symbol>
      <symbol id="sm-699">
         <name>__mspabi_sral_1</name>
         <value>0xd934</value>
         <object_component_ref idref="oc-5c0"/>
      </symbol>
      <symbol id="sm-6aa">
         <name>__TI_doflush</name>
         <value>0xd590</value>
         <object_component_ref idref="oc-4bd"/>
      </symbol>
      <symbol id="sm-6ba">
         <name>fseek</name>
         <value>0xd3f6</value>
         <object_component_ref idref="oc-4ea"/>
      </symbol>
      <symbol id="sm-6c2">
         <name>__mspabi_slll_9</name>
         <value>0xd952</value>
         <object_component_ref idref="oc-5c5"/>
      </symbol>
      <symbol id="sm-6c3">
         <name>__mspabi_slll_8</name>
         <value>0xd956</value>
         <object_component_ref idref="oc-5c5"/>
      </symbol>
      <symbol id="sm-6c4">
         <name>__mspabi_slll_7</name>
         <value>0xd95a</value>
         <object_component_ref idref="oc-5c5"/>
      </symbol>
      <symbol id="sm-6c5">
         <name>__mspabi_slll_6</name>
         <value>0xd95e</value>
         <object_component_ref idref="oc-5c5"/>
      </symbol>
      <symbol id="sm-6c6">
         <name>__mspabi_slll_5</name>
         <value>0xd962</value>
         <object_component_ref idref="oc-5c5"/>
      </symbol>
      <symbol id="sm-6c7">
         <name>__mspabi_slll_4</name>
         <value>0xd966</value>
         <object_component_ref idref="oc-5c5"/>
      </symbol>
      <symbol id="sm-6c8">
         <name>__mspabi_slll_3</name>
         <value>0xd96a</value>
         <object_component_ref idref="oc-5c5"/>
      </symbol>
      <symbol id="sm-6c9">
         <name>__mspabi_slll_2</name>
         <value>0xd96e</value>
         <object_component_ref idref="oc-5c5"/>
      </symbol>
      <symbol id="sm-6ca">
         <name>__mspabi_slll_1</name>
         <value>0xd972</value>
         <object_component_ref idref="oc-5c5"/>
      </symbol>
      <symbol id="sm-6cb">
         <name>__mspabi_slll_15</name>
         <value>0xd93a</value>
         <object_component_ref idref="oc-5c5"/>
      </symbol>
      <symbol id="sm-6cc">
         <name>__mspabi_slll_14</name>
         <value>0xd93e</value>
         <object_component_ref idref="oc-5c5"/>
      </symbol>
      <symbol id="sm-6cd">
         <name>__mspabi_slll_13</name>
         <value>0xd942</value>
         <object_component_ref idref="oc-5c5"/>
      </symbol>
      <symbol id="sm-6ce">
         <name>__mspabi_slll_12</name>
         <value>0xd946</value>
         <object_component_ref idref="oc-5c5"/>
      </symbol>
      <symbol id="sm-6cf">
         <name>__mspabi_slll_11</name>
         <value>0xd94a</value>
         <object_component_ref idref="oc-5c5"/>
      </symbol>
      <symbol id="sm-6d0">
         <name>__mspabi_slll_10</name>
         <value>0xd94e</value>
         <object_component_ref idref="oc-5c5"/>
      </symbol>
      <symbol id="sm-6e8">
         <name>setvbuf</name>
         <value>0xccbe</value>
         <object_component_ref idref="oc-4f0"/>
      </symbol>
      <symbol id="sm-6f5">
         <name>strcpy</name>
         <value>0xdce4</value>
         <object_component_ref idref="oc-5cc"/>
      </symbol>
      <symbol id="sm-701">
         <name>__TI_cleanup</name>
         <value>0xda26</value>
         <object_component_ref idref="oc-525"/>
      </symbol>
      <symbol id="sm-752">
         <name>_sys_memory</name>
         <value>0xc320</value>
         <object_component_ref idref="oc-306"/>
      </symbol>
      <symbol id="sm-753">
         <name>free</name>
         <value>0xd292</value>
         <object_component_ref idref="oc-519"/>
      </symbol>
      <symbol id="sm-754">
         <name>malloc</name>
         <value>0xcefc</value>
         <object_component_ref idref="oc-51f"/>
      </symbol>
      <symbol id="sm-755">
         <name>minit</name>
         <value>0xd9ee</value>
         <object_component_ref idref="oc-557"/>
      </symbol>
      <symbol id="sm-766">
         <name>__TI_closefile</name>
         <value>0xd460</value>
         <object_component_ref idref="oc-55e"/>
      </symbol>
      <symbol id="sm-76c">
         <name>__TI_BINIT_Base</name>
         <value>0x0</value>
      </symbol>
      <symbol id="sm-76d">
         <name>__TI_BINIT_Limit</name>
         <value>0x0</value>
      </symbol>
      <symbol id="sm-76e">
         <name>__TI_INITARRAY_Base</name>
         <value>0x0</value>
      </symbol>
      <symbol id="sm-76f">
         <name>__TI_INITARRAY_Limit</name>
         <value>0x0</value>
      </symbol>
      <symbol id="sm-770">
         <name>remove</name>
         <value>0xdb6a</value>
      </symbol>
   </symbol_table>
   <title>Link successful</title>
</link_info>
